 input=0.2 predelay=0.5 taps=1.8 early=2.1 linemix=2.1 linedelay=5.3 linediff=15.2 linefilt=0.7 out=2.0 ctrl=0.1 param=0.0 cli$$ input=0.6 predelay=0.7 taps=1.8 early=3.2 linemix=0.5 linedelay=1.3 linediff=6.1 linefilt=0.9 out=0.8 ctrl=0.1 param=0.0 clip=1.4 stage=2.6 wait=0.0 other=0.3 | mix=1000 decay=595 tone=835 freeze=0 updates=0 overloads=0 blocks=1000/1000
controls pots=0 1000 594 835 cv1=1(raw 999) cv2=1(raw 999)
staging copies=129 failures=0 stack_free=17668 mdma_lists=35691 mdma_errors=0 mdma_status=0x0 mdma_maxpolls=3873 list=98/98 us timed=1000 late=0 stale=0
load program=0 lines=3 mixed=0 avg=21.1% max=21.5% | input=0.6 predelay=0.7 taps=1.8 early=3.2 linemix=0.5 linedelay=1.3 linediff=6.1 linefilt=0.9 out=0.8 ctrl=0.1 param=0.0 clip=1.4 stage=2.6 wait=0.0 other=0.3 | mix=1000 decay=595 tone=835 freeze=0 updates=0 overloads=0 blocks=1000/1000
controls pots=0 1000 594 835 cv1=1(raw 999) cv2=1(raw 999)
staging copies=128 failures=0 stack_free=17668 mdma_lists=36691 mdma_errors=0 mdma_status=0x0 mdma_maxpolls=3873 list=98/99 us timed=1000 late=0 stale=0
load program=0 lines=3 mixed=0 avg=21.1% max=21.5% | input=0.6 predelay=0.7 taps=1.8 early=3.2 linemix=0.5 linedelay=1.3 linediff=6.1 linefilt=0.9 out=0.8 ctrl=0.1 param=0.0 clip=1.4 stage=2.6 wait=0.0 other=0.3 | mix=1000 decay=595 tone=835 freeze=0 updates=0 overloads=0 blocks=1000/1000
controls pots=0 1000 594 835 cv1=1(raw 999) cv2=1(raw 999)
staging copies=126 failures=0 stack_free=17668 mdma_lists=37691 mdma_errors=0 mdma_status=0x0 mdma_maxpolls=3873 list=98/98 us timed=1000 late=0 stale=0
load program=0 lines=3 mixed=0 avg=21.1% max=21.4% | input=0.6 predelay=0.7 taps=1.8 early=3.2 linemix=0.5 linedelay=1.3 linediff=6.1 linefilt=0.9 out=0.8 ctrl=0.1 param=0.0 clip=1.4 stage=2.6 wait=0.0 other=0.3 | mix=1000 decay=595 tone=835 freeze=0 updates=0 overloads=0 blocks=1000/1000
controls pots=0 1000 594 835 cv1=1(raw 999) cv2=1(raw 999)
staging copies=134 failures=0 stack_free=17668 mdma_lists=38691 mdma_errors=0 mdma_status=0x0 mdma_maxpolls=3873 list=98/98 us timed=1000 late=0 stale=0
load program=0 lines=3 mixed=0 avg=21.1% max=21.3% | input=0.6 predelay=0.7 taps=1.8 early=3.2 linemix=0.5 linedelay=1.3 linediff=6.1 linefilt=0.9 out=0.8 ctrl=0.1 param=0.0 clip=1.4 stage=2.6 wait=0.0 other=0.3 | mix=1000 decay=595 tone=835 freeze=0 updates=0 overloads=0 blocks=1000/1000
controls pots=0 1000 594 835 cv1=1(raw 999) cv2=1(raw 999)
staging copies=127 failures=0 stack_free=17668 mdma_lists=39691 mdma_errors=0 mdma_status=0x0 mdma_maxpolls=3873 list=98/99 us timed=1000 late=0 stale=0
load program=0 lines=3 mixed=0 avg=21.3% max=22.6% | input=0.6 predelay=0.7 taps=1.8 early=3.2 linemix=0.5 linedelay=1.3 linediff=6.1 linefilt=0.9 out=0.8 ctrl=0.1 param=0.2 clip=1.4 stage=2.6 wait=0.0 other=0.3 | mix=1000 decay=800 tone=835 freeze=0 updates=171 overloads=0 blocks=1000/1000
controls pots=0 1000 799 835 cv1=1(raw 999) cv2=1(raw 999)
staging copies=130 failures=0 stack_free=17668 mdma_lists=40691 mdma_errors=0 mdma_status=0x0 mdma_maxpolls=3873 list=98/98 us timed=1000 late=0 stale=0
load program=0 lines=3 mixed=0 avg=21.2% max=22.5% | input=0.6 predelay=0.7 taps=1.8 early=3.2 linemix=0.5 linedelay=1.3 linediff=6.1 linefilt=0.9 out=0.8 ctrl=0.1 param=0.1 clip=1.4 stage=2.6 wait=0.0 other=0.3 | mix=1000 decay=922 tone=835 freeze=0 updates=106 overloads=0 blocks=1000/1000
controls pots=0 1000 921 835 cv1=1(raw 999) cv2=1(raw 999)
staging copies=132 failures=0 stack_free=17668 mdma_lists=41691 mdma_errors=0 mdma_status=0x0 mdma_maxpolls=3873 list=98/98 us timed=1000 late=0 stale=0
load program=0 lines=3 mixed=0 avg=21.1% max=22.4% | input=0.6 predelay=0.7 taps=1.8 early=3.2 linemix=0.5 linedelay=1.3 linediff=6.1 linefilt=0.9 out=0.8 ctrl=0.1 param=0.0 clip=1.4 stage=2.6 wait=0.0 other=0.3 | mix=1000 decay=1000 tone=835 freeze=0 updates=65 overloads=0 blocks=1000/1000
controls pots=0 1000 1000 835 cv1=1(raw 999) cv2=1(raw 999)
staging copies=127 failures=0 stack_free=17668 mdma_lists=42691 mdma_errors=0 mdma_status=0x0 mdma_maxpolls=3873 list=98/99 us timed=1000 late=0 stale=0
load program=0 lines=3 mixed=0 avg=21.1% max=21.5% | input=0.6 predelay=0.7 taps=1.8 early=3.2 linemix=0.5 linedelay=1.3 linediff=6.1 linefilt=0.9 out=0.8 ctrl=0.1 param=0.0 clip=1.4 stage=2.6 wait=0.0 other=0.3 | mix=1000 decay=1000 tone=835 freeze=0 updates=0 overloads=0 blocks=1000/1000
controls pots=0 1000 1000 835 cv1=1(raw 999) cv2=1(raw 999)
staging copies=126 failures=0 stack_free=17668 mdma_lists=43691 mdma_errors=0 mdma_status=0x0 mdma_maxpolls=3873 list=98/98 us timed=1000 late=0 stale=0
load program=0 lines=3 mixed=0 avg=21.1% max=21.6% | input=0.6 predelay=0.7 taps=1.8 early=3.2 linemix=0.5 linedelay=1.3 linediff=6.1 linefilt=0.9 out=0.8 ctrl=0.1 param=0.0 clip=1.4 stage=2.6 wait=0.0 other=0.3 | mix=1000 decay=1000 tone=1000 freeze=0 updates=139 overloads=0 blocks=1000/1000
controls pots=0 1000 1000 1000 cv1=1(raw 999) cv2=1(raw 999)
staging copies=130 failures=0 stack_free=17668 mdma_lists=44691 mdma_errors=0 mdma_status=0x0 mdma_maxpolls=3873 list=98/98 us timed=1000 late=0 stale=0
load program=0 lines=3 mixed=0 avg=21.1% max=21.5% | input=0.6 predelay=0.7 taps=1.8 early=3.2 linemix=0.5 linedelay=1.3 linediff=6.1 linefilt=0.9 out=0.8 ctrl=0.1 param=0.0 clip=1.4 stage=2.6 wait=0.0 other=0.3 | mix=1000 decay=1000 tone=1000 freeze=0 updates=0 overloads=0 blocks=1000/1000
controls pots=0 1000 1000 1000 cv1=1(raw 999) cv2=1(raw 999)
staging copies=128 failures=0 stack_free=17668 mdma_lists=45691 mdma_errors=0 mdma_status=0x0 mdma_maxpolls=3873 list=98/98 us timed=1000 late=0 stale=0
load program=0 lines=3 mixed=0 avg=21.1% max=21.5% | input=0.6 predelay=0.7 taps=1.8 early=3.2 linemix=0.5 linedelay=1.3 linediff=6.1 linefilt=0.9 out=0.8 ctrl=0.1 param=0.0 clip=1.4 stage=2.6 wait=0.0 other=0.3 | mix=1000 decay=1000 tone=925 freeze=0 updates=66 overloads=0 blocks=1000/1000
controls pots=0 1000 1000 925 cv1=1(raw 999) cv2=1(raw 999)
staging copies=128 failures=0 stack_free=17668 mdma_lists=46691 mdma_errors=0 mdma_status=0x0 mdma_maxpolls=3873 list=98/99 us timed=1000 late=0 stale=0
load program=0 lines=3 mixed=0 avg=21.1% max=21.5% | input=0.6 predelay=0.7 taps=1.8 early=3.2 linemix=0.5 linedelay=1.3 linediff=6.1 linefilt=0.9 out=0.8 ctrl=0.1 param=0.0 clip=1.4 stage=2.6 wait=0.0 other=0.3 | mix=1000 decay=1000 tone=689 freeze=0 updates=207 overloads=0 blocks=1000/1000
controls pots=0 1000 1000 689 cv1=1(raw 999) cv2=1(raw 999)
staging copies=134 failures=0 stack_free=17668 mdma_lists=47691 mdma_errors=0 mdma_status=0x0 mdma_maxpolls=3873 list=98/98 us timed=1000 late=0 stale=0
load program=0 lines=3 mixed=0 avg=21.1% max=22.4% | input=0.6 predelay=0.7 taps=1.8 early=3.2 linemix=0.5 linedelay=1.3 linediff=6.1 linefilt=0.9 out=0.8 ctrl=0.1 param=0.0 clip=1.4 stage=2.6 wait=0.0 other=0.3 | mix=1000 decay=959 tone=650 freeze=0 updates=72 overloads=0 blocks=1000/1000
controls pots=0 1000 958 650 cv1=1(raw 999) cv2=1(raw 999)
staging copies=126 failures=0 stack_free=17668 mdma_lists=48691 mdma_errors=0 mdma_status=0x0 mdma_maxpolls=3873 list=98/98 us timed=1000 late=0 stale=0
load program=0 lines=3 mixed=0 avg=21.2% max=22.5% | input=0.6 predelay=0.7 taps=1.8 early=3.2 linemix=0.5 linedelay=1.3 linediff=6.1 linefilt=0.9 out=0.8 ctrl=0.1 param=0.1 clip=1.4 stage=2.6 wait=0.0 other=0.3 | mix=1000 decay=822 tone=650 freeze=0 updates=122 overloads=0 blocks=1000/1000
controls pots=0 1000 821 650 cv1=1(raw 999) cv2=1(raw 999)
staging copies=131 failures=0 stack_free=17668 mdma_lists=49691 mdma_errors=0 mdma_status=0x0 mdma_maxpolls=3873 list=98/99 us timed=1000 late=0 stale=0
load program=0 lines=3 mixed=0 avg=21.2% max=22.5% | input=0.6 predelay=0.7 taps=1.8 early=3.2 linemix=0.5 linedelay=1.3 linediff=6.1 linefilt=0.9 out=0.8 ctrl=0.1 param=0.1 clip=1.4 stage=2.6 wait=0.0 other=0.3 | mix=1000 decay=659 tone=650 freeze=0 updates=146 overloads=0 blocks=1000/1000
controls pots=0 1000 658 650 cv1=1(raw 999) cv2=1(raw 999)
staging copies=135 failures=0 stack_free=17668 mdma_lists=50691 mdma_errors=0 mdma_status=0x0 mdma_maxpolls=3873 list=98/98 us timed=1000 late=0 stale=0
load program=0 lines=3 mixed=0 avg=21.1% max=21.5% | input=0.6 predelay=0.7 taps=1.8 early=3.2 linemix=0.5 linedelay=1.3 linediff=6.1 linefilt=0.9 out=0.8 ctrl=0.1 param=0.0 clip=1.4 stage=2.6 wait=0.0 other=0.3 | mix=1000 decay=659 tone=654 freeze=0 updates=9 overloads=0 blocks=1000/1000
controls pots=0 1000 658 654 cv1=1(raw 999) cv2=1(raw 999)
staging copies=126 failures=0 stack_free=17668 mdma_lists=51691 mdma_errors=0 mdma_status=0x0 mdma_maxpolls=3873 list=98/98 us timed=1000 late=0 stale=0
load program=0 lines=3 mixed=0 avg=21.1% max=21.6% | input=0.6 predelay=0.7 taps=1.8 early=3.2 linemix=0.5 linedelay=1.3 linediff=6.1 linefilt=0.9 out=0.8 ctrl=0.1 param=0.0 clip=1.4 stage=2.6 wait=0.0 other=0.3 | mix=1000 decay=659 tone=788 freeze=0 updates=115 overloads=0 blocks=1000/1000
controls pots=0 1000 658 788 cv1=1(raw 999) cv2=1(raw 999)
staging copies=126 failures=0 stack_free=17668 mdma_lists=52691 mdma_errors=0 mdma_status=0x0 mdma_maxpolls=3873 list=98/99 us timed=1000 late=0 stale=0
load program=0 lines=3 mixed=0 avg=21.1% max=21.7% | input=0.6 predelay=0.7 taps=1.8 early=3.2 linemix=0.5 linedelay=1.3 linediff=6.1 linefilt=0.9 out=0.8 ctrl=0.1 param=0.0 clip=1.4 stage=2.6 wait=0.0 other=0.3 | mix=1000 decay=659 tone=1000 freeze=0 updates=182 overloads=0 blocks=1000/1000
controls pots=0 1000 658 1000 cv1=1(raw 999) cv2=1(raw 999)
staging copies=134 failures=0 stack_free=17668 mdma_lists=53691 mdma_errors=0 mdma_status=0x0 mdma_maxpolls=3873 list=98/98 us timed=1000 late=0 stale=0
load program=0 lines=3 mixed=0 avg=21.1% max=21.5% | input=0.6 predelay=0.7 taps=1.8 early=3.2 linemix=0.5 linedelay=1.3 linediff=6.1 linefilt=0.9 out=0.8 ctrl=0.1 param=0.0 clip=1.4 stage=2.6 wait=0.0 other=0.3 | mix=1000 decay=659 tone=1000 freeze=0 updates=0 overloads=0 blocks=1000/1000
controls pots=0 1000 658 1000 cv1=1(raw 999) cv2=1(raw 999)
staging copies=128 failures=0 stack_free=17668 mdma_lists=54691 mdma_errors=0 mdma_status=0x0 mdma_maxpolls=3873 list=98/98 us timed=1000 late=0 stale=0
load program=0 lines=3 mixed=0 avg=21.1% max=21.5% | input=0.6 predelay=0.7 taps=1.8 early=3.2 linemix=0.5 linedelay=1.3 linediff=6.1 linefilt=0.9 out=0.8 ctrl=0.1 param=0.0 clip=1.4 stage=2.6 wait=0.0 other=0.3 | mix=1000 decay=659 tone=857 freeze=0 updates=127 overloads=0 blocks=1000/1000
controls pots=0 1000 658 857 cv1=1(raw 999) cv2=1(raw 999)
staging copies=127 failures=0 stack_free=17668 mdma_lists=55691 mdma_errors=0 mdma_status=0x0 mdma_maxpolls=3873 list=98/98 us timed=1000 late=0 stale=0
load program=0 lines=3 mixed=0 avg=21.1% max=21.8% | input=0.6 predelay=0.7 taps=1.8 early=3.2 linemix=0.5 linedelay=1.3 linediff=6.1 linefilt=0.9 out=0.8 ctrl=0.1 param=0.0 clip=1.4 stage=2.6 wait=0.0 other=0.3 | mix=1000 decay=659 tone=761 freeze=0 updates=88 overloads=0 blocks=1000/1000
controls pots=0 1000 658 761 cv1=1(raw 999) cv2=1(raw 999)
staging copies=129 failures=0 stack_free=17668 mdma_lists=56691 mdma_errors=0 mdma_status=0x0 mdma_maxpolls=3873 list=98/99 us timed=1000 late=0 stale=0
load program=0 lines=3 mixed=0 avg=21.1% max=21.6% | input=0.6 predelay=0.7 taps=1.8 early=3.2 linemix=0.5 linedelay=1.3 linediff=6.1 linefilt=0.9 out=0.8 ctrl=0.1 param=0.0 clip=1.4 stage=2.6 wait=0.0 other=0.3 | mix=1000 decay=659 tone=585 freeze=0 updates=161 overloads=0 blocks=1000/1000
controls pots=0 1000 658 585 cv1=1(raw 999) cv2=1(raw 999)
staging copies=127 failures=0 stack_free=17668 mdma_lists=57691 mdma_errors=0 mdma_status=0x0 mdma_maxpolls=3873 list=98/98 us timed=1000 late=0 stale=0
load program=0 lines=3 mixed=0 avg=21.3% max=22.5% | input=0.6 predelay=0.7 taps=1.8 early=3.2 linemix=0.5 linedelay=1.3 linediff=6.1 linefilt=0.9 out=0.8 ctrl=0.1 param=0.2 clip=1.4 stage=2.6 wait=0.0 other=0.3 | mix=1000 decay=436 tone=585 freeze=0 updates=193 overloads=0 blocks=1000/1000
controls pots=0 1000 435 585 cv1=1(raw 999) cv2=1(raw 999)
staging copies=131 failures=0 stack_free=17668 mdma_lists=58691 mdma_errors=0 mdma_status=0x0 mdma_maxpolls=3873 list=98/98 us timed=1000 late=0 stale=0
load program=0 lines=3 mixed=0 avg=21.1% max=22.4% | input=0.6 predelay=0.7 taps=1.8 early=3.2 linemix=0.5 linedelay=1.3 linediff=6.1 linefilt=0.9 out=0.8 ctrl=0.1 param=0.0 clip=1.4 stage=2.6 wait=0.0 other=0.3 | mix=1000 decay=387 tone=585 freeze=0 updates=46 overloads=0 blocks=1000/1000
controls pots=0 1000 386 585 cv1=1(raw 999) cv2=1(raw 999)
staging copies=133 failures=0 stack_free=17668 mdma_lists=59691 mdma_errors=0 mdma_status=0x0 mdma_maxpolls=3873 list=98/99 us timed=1000 late=0 stale=0
load program=0 lines=3 mixed=0 avg=21.1% max=22.4% | input=0.6 predelay=0.7 taps=1.8 early=3.2 linemix=0.5 linedelay=1.3 linediff=6.1 linefilt=0.9 out=0.8 ctrl=0.1 param=0.0 clip=1.4 stage=2.6 wait=0.0 other=0.3 | mix=1000 decay=331 tone=585 freeze=0 updates=52 overloads=0 blocks=1000/1000
controls pots=0 1000 330 585 cv1=1(raw 999) cv2=1(raw 999)
staging copies=131 failures=0 stack_free=17668 mdma_lists=60691 mdma_errors=0 mdma_status=0x0 mdma_maxpolls=3873 list=98/98 us timed=1000 late=0 stale=0
load program=0 lines=3 mixed=0 avg=21.1% max=22.4% | input=0.6 predelay=0.7 taps=1.8 early=3.2 linemix=0.5 linedelay=1.3 linediff=6.1 linefilt=0.9 out=0.8 ctrl=0.1 param=0.0 clip=1.4 stage=2.6 wait=0.0 other=0.3 | mix=1000 decay=319 tone=585 freeze=0 updates=12 overloads=0 blocks=1000/1000
controls pots=0 1000 318 585 cv1=1(raw 999) cv2=1(raw 999)
staging copies=130 failures=0 stack_free=17668 mdma_lists=61691 mdma_errors=0 mdma_status=0x0 mdma_maxpolls=3873 list=98/98 us timed=1000 late=0 stale=0
load program=0 lines=3 mixed=0 avg=21.4% max=22.6% | input=0.6 predelay=0.7 taps=1.8 early=3.2 linemix=0.5 linedelay=1.3 linediff=6.1 linefilt=0.9 out=0.8 ctrl=0.1 param=0.3 clip=1.4 stage=2.6 wait=0.0 other=0.3 | mix=1000 decay=2 tone=585 freeze=0 updates=270 overloads=0 blocks=1000/1000
controls pots=0 1000 0 585 cv1=1(raw 999) cv2=1(raw 999)
staging copies=129 failures=0 stack_free=17668 mdma_lists=62691 mdma_errors=0 mdma_status=0x0 mdma_maxpolls=3873 list=98/98 us timed=1000 late=0 stale=0
load program=0 lines=3 mixed=0 avg=21.1% max=22.3% | input=0.6 predelay=0.7 taps=1.8 early=3.2 linemix=0.5 linedelay=1.3 linediff=6.1 linefilt=0.9 out=0.8 ctrl=0.1 param=0.0 clip=1.4 stage=2.6 wait=0.0 other=0.3 | mix=1000 decay=1 tone=585 freeze=0 updates=1 overloads=0 blocks=1000/1000
controls pots=0 1000 0 585 cv1=1(raw 999) cv2=1(raw 999)
staging copies=126 failures=0 stack_free=17668 mdma_lists=63691 mdma_errors=0 mdma_status=0x0 mdma_maxpolls=3873 list=98/99 us timed=1000 late=0 stale=0
load program=0 lines=3 mixed=0 avg=21.2% max=22.5% | input=0.6 predelay=0.7 taps=1.8 early=3.2 linemix=0.5 linedelay=1.3 linediff=6.1 linefilt=0.9 out=0.8 ctrl=0.1 param=0.1 clip=1.4 stage=2.6 wait=0.0 other=0.3 | mix=1000 decay=102 tone=585 freeze=0 updates=77 overloads=0 blocks=1000/1000
controls pots=0 1000 101 585 cv1=1(raw 999) cv2=1(raw 999)
staging copies=126 failures=0 stack_free=17668 mdma_lists=64691 mdma_errors=0 mdma_status=0x0 mdma_maxpolls=3873 list=98/98 us timed=1000 late=0 stale=0
load program=0 lines=3 mixed=0 avg=21.1% max=21.5% | input=0.6 predelay=0.7 taps=1.8 early=3.2 linemix=0.5 linedelay=1.3 linediff=6.1 linefilt=0.9 out=0.8 ctrl=0.1 param=0.0 clip=1.4 stage=2.6 wait=0.0 other=0.3 | mix=1000 decay=102 tone=585 freeze=0 updates=0 overloads=0 blocks=1000/1000
controls pots=47 1000 100 585 cv1=1(raw 999) cv2=1(raw 999)
staging copies=129 failures=0 stack_free=17668 mdma_lists=65691 mdma_errors=0 mdma_status=0x0 mdma_maxpolls=3873 list=98/98 us timed=1000 late=0 stale=0
program 1 "Medium Space" lines=3 limit=3 early=7 late=5 taps=26 predelay=0
  mod=eld interp=1 filters=-lL-c latetap=1 streams=83 sdram=0 placed=416+0KB unplaced=0 clock=480MHz
  staging=mdma sets=1 staged=52 unstaged=2 taps=50 copies<=252 tcm=30/87KB itcm=ok
load program=0 lines=3 mixed=1 avg=21.5% max=27.1% | input=0.6 predelay=0.7 taps=1.8 early=3.1 linemix=0.5 linedelay=1.3 linediff=6.0 linefilt=1.0 out=0.8 ctrl=0.1 param=0.0 clip=1.4 stage=2.6 wait=0.0 other=0.3 | mix=1000 decay=101 tone=585 freeze=0 updates=2 overloads=0 blocks=958/1000
controls pots=151 1000 100 585 cv1=1(raw 999) cv2=1(raw 999)
staging copies=154 failures=0 stack_free=16604 mdma_lists=66650 mdma_errors=0 mdma_status=0x0 mdma_maxpolls=3873 list=100/118 us timed=959 late=1 stale=0
load program=1 lines=3 mixed=0 avg=24.9% max=25.3% | input=0.6 predelay=0.7 taps=2.2 early=3.7 linemix=0.5 linedelay=1.3 linediff=7.7 linefilt=1.8 out=0.8 ctrl=0.1 param=0.0 clip=1.5 stage=3.1 wait=0.0 other=0.3 | mix=1000 decay=101 tone=585 freeze=0 updates=0 overloads=0 blocks=1000/1000
controls pots=156 1000 100 585 cv1=1(raw 999) cv2=1(raw 999)
staging copies=159 failures=0 stack_free=16604 mdma_lists=67650 mdma_errors=0 mdma_status=0x0 mdma_maxpolls=3873 list=117/118 us timed=1000 late=0 stale=0
load program=1 lines=3 mixed=0 avg=25.0% max=26.3% | input=0.6 predelay=0.7 taps=2.2 early=3.7 linemix=0.5 linedelay=1.3 linediff=7.7 linefilt=1.8 out=0.8 ctrl=0.1 param=0.1 clip=1.5 stage=3.1 wait=0.0 other=0.3 | mix=1000 decay=255 tone=585 freeze=0 updates=136 overloads=0 blocks=1000/1000
controls pots=156 1000 254 585 cv1=1(raw 999) cv2=1(raw 999)
staging copies=154 failures=0 stack_free=16604 mdma_lists=68650 mdma_errors=0 mdma_status=0x0 mdma_maxpolls=3873 list=117/119 us timed=1000 late=0 stale=0
load program=1 lines=3 mixed=0 avg=24.9% max=25.3% | input=0.6 predelay=0.7 taps=2.2 early=3.7 linemix=0.5 linedelay=1.3 linediff=7.7 linefilt=1.8 out=0.8 ctrl=0.1 param=0.0 clip=1.5 stage=3.1 wait=0.0 other=0.3 | mix=1000 decay=255 tone=717 freeze=0 updates=112 overloads=0 blocks=1000/1000
controls pots=156 1000 254 717 cv1=1(raw 999) cv2=1(raw 999)
staging copies=153 failures=0 stack_free=16604 mdma_lists=69650 mdma_errors=0 mdma_status=0x0 mdma_maxpolls=3873 list=117/118 us timed=1000 late=0 stale=0
load program=1 lines=3 mixed=0 avg=24.9% max=25.4% | input=0.6 predelay=0.7 taps=2.2 early=3.7 linemix=0.5 linedelay=1.3 linediff=7.7 linefilt=1.8 out=0.8 ctrl=0.1 param=0.0 clip=1.5 stage=3.1 wait=0.0 other=0.3 | mix=1000 decay=255 tone=842 freeze=0 updates=105 overloads=0 blocks=1000/1000
controls pots=156 1000 254 842 cv1=1(raw 999) cv2=1(raw 999)
staging copies=168 failures=0 stack_free=16604 mdma_lists=70650 mdma_errors=0 mdma_status=0x0 mdma_maxpolls=3873 list=117/118 us timed=1000 late=0 stale=0
load program=1 lines=3 mixed=0 avg=24.9% max=25.3% | input=0.6 predelay=0.7 taps=2.2 early=3.7 linemix=0.5 linedelay=1.3 linediff=7.7 linefilt=1.8 out=0.8 ctrl=0.1 param=0.0 clip=1.5 stage=3.1 wait=0.0 other=0.3 | mix=1000 decay=255 tone=1000 freeze=0 updates=134 overloads=0 blocks=1000/1000
controls pots=156 1000 254 1000 cv1=1(raw 999) cv2=1(raw 999)
staging copies=157 failures=0 stack_free=16604 mdma_lists=71650 mdma_errors=0 mdma_status=0x0 mdma_maxpolls=3873 list=117/118 us timed=1000 late=0 stale=0
load program=1 lines=3 mixed=0 avg=24.9% max=26.2% | input=0.6 predelay=0.7 taps=2.2 early=3.7 linemix=0.5 linedelay=1.3 linediff=7.7 linefilt=1.8 out=0.8 ctrl=0.1 param=0.0 clip=1.5 stage=3.1 wait=0.0 other=0.3 | mix=1000 decay=290 tone=1000 freeze=0 updates=29 overloads=0 blocks=1000/1000
controls pots=156 1000 289 1000 cv1=1(raw 999) cv2=1(raw 999)
staging copies=157 failures=0 stack_free=16604 mdma_lists=72650 mdma_errors=0 mdma_status=0x0 mdma_maxpolls=3873 list=117/118 us timed=1000 late=0 stale=0
load program=1 lines=3 mixed=0 avg=25.0% max=26.3% | input=0.6 predelay=0.7 taps=2.2 early=3.7 linemix=0.5 linedelay=1.3 linediff=7.7 linefilt=1.8 out=0.8 ctrl=0.1 param=0.1 clip=1.5 stage=3.1 wait=0.0 other=0.3 | mix=1000 decay=417 tone=1000 freeze=0 updates=114 overloads=0 blocks=1000/1000
controls pots=156 1000 416 1000 cv1=1(raw 999) cv2=1(raw 999)
staging copies=158 failures=0 stack_free=16604 mdma_lists=73650 mdma_errors=0 mdma_status=0x0 mdma_maxpolls=3873 list=117/118 us timed=1000 late=0 stale=0
load program=1 lines=3 mixed=0 avg=25.1% max=26.3% | input=0.6 predelay=0.7 taps=2.2 early=3.7 linemix=0.5 linedelay=1.3 linediff=7.7 linefilt=1.8 out=0.8 ctrl=0.1 param=0.2 clip=1.5 stage=3.1 wait=0.0 other=0.3 | mix=1000 decay=617 tone=1000 freeze=0 updates=177 overloads=0 blocks=1000/1000
controls pots=156 1000 616 1000 cv1=1(raw 999) cv2=1(raw 999)
staging copies=152 failures=0 stack_free=16604 mdma_lists=74650 mdma_errors=0 mdma_status=0x0 mdma_maxpolls=3873 list=117/118 us timed=1000 late=0 stale=0
load program=1 lines=3 mixed=0 avg=25.1% max=26.3% | input=0.6 predelay=0.7 taps=2.2 early=3.7 linemix=0.5 linedelay=1.3 linediff=7.7 linefilt=1.8 out=0.8 ctrl=0.1 param=0.1 clip=1.5 stage=3.1 wait=0.0 other=0.3 | mix=1000 decay=782 tone=1000 freeze=0 updates=142 overloads=0 blocks=1000/1000
controls pots=156 1000 781 1000 cv1=1(raw 999) cv2=1(raw 999)
staging copies=154 failures=0 stack_free=16604 mdma_lists=75650 mdma_errors=0 mdma_status=0x0 mdma_maxpolls=3873 list=117/118 us timed=1000 late=0 stale=0
load program=1 lines=3 mixed=0 avg=25.1% max=26.4% | input=0.6 predelay=0.7 taps=2.2 early=3.7 linemix=0.5 linedelay=1.3 linediff=7.7 linefilt=1.8 out=0.8 ctrl=0.1 param=0.2 clip=1.5 stage=3.1 wait=0.0 other=0.3 | mix=1000 decay=980 tone=1000 freeze=0 updates=179 overloads=0 blocks=1000/1000
controls pots=156 1000 978 1000 cv1=1(raw 999) cv2=1(raw 999)
staging copies=157 failures=0 stack_free=16604 mdma_lists=76650 mdma_errors=0 mdma_status=0x0 mdma_maxpolls=3873 list=117/118 us timed=1000 late=0 stale=0
load program=1 lines=3 mixed=0 avg=24.9% max=26.3% | input=0.6 predelay=0.7 taps=2.2 early=3.7 linemix=0.5 linedelay=1.3 linediff=7.7 linefilt=1.8 out=0.8 ctrl=0.1 param=0.0 clip=1.5 stage=3.1 wait=0.0 other=0.3 | mix=1000 decay=1000 tone=1000 freeze=0 updates=18 overloads=0 blocks=1000/1000
controls pots=156 1000 1000 1000 cv1=1(raw 999) cv2=1(raw 999)
staging copies=155 failures=0 stack_free=16604 mdma_lists=77650 mdma_errors=0 mdma_status=0x0 mdma_maxpolls=3873 list=117/118 us timed=1000 late=0 stale=0
load program=1 lines=3 mixed=0 avg=24.9% max=25.2% | input=0.6 predelay=0.7 taps=2.2 early=3.7 linemix=0.5 linedelay=1.3 linediff=7.7 linefilt=1.8 out=0.8 ctrl=0.1 param=0.0 clip=1.5 stage=3.1 wait=0.0 other=0.3 | mix=1000 decay=1000 tone=1000 freeze=0 updates=0 overloads=0 blocks=1000/1000
controls pots=156 1000 1000 1000 cv1=1(raw 999) cv2=1(raw 999)
staging copies=158 failures=0 stack_free=16604 mdma_lists=78650 mdma_errors=0 mdma_status=0x0 mdma_maxpolls=3873 list=117/118 us timed=1000 late=0 stale=0
load program=1 lines=3 mixed=0 avg=25.1% max=26.3% | input=0.6 predelay=0.7 taps=2.2 early=3.7 linemix=0.5 linedelay=1.3 linediff=7.7 linefilt=1.8 out=0.8 ctrl=0.1 param=0.1 clip=1.5 stage=3.1 wait=0.0 other=0.3 | mix=1000 decay=795 tone=1000 freeze=0 updates=140 overloads=0 blocks=1000/1000
controls pots=156 1000 793 1000 cv1=1(raw 999) cv2=1(raw 999)
staging copies=169 failures=0 stack_free=16604 mdma_lists=79650 mdma_errors=0 mdma_status=0x0 mdma_maxpolls=3873 list=117/118 us timed=1000 late=0 stale=0
load program=1 lines=3 mixed=0 avg=25.1% max=26.3% | input=0.6 predelay=0.7 taps=2.2 early=3.7 linemix=0.5 linedelay=1.3 linediff=7.7 linefilt=1.8 out=0.8 ctrl=0.1 param=0.2 clip=1.5 stage=3.1 wait=0.0 other=0.3 | mix=1000 decay=552 tone=1000 freeze=0 updates=179 overloads=0 blocks=1000/1000
controls pots=156 1000 551 1000 cv1=1(raw 999) cv2=1(raw 999)
staging copies=152 failures=0 stack_free=16604 mdma_lists=80650 mdma_errors=0 mdma_status=0x0 mdma_maxpolls=3873 list=117/119 us timed=1000 late=0 stale=0
load program=1 lines=3 mixed=0 avg=24.9% max=25.2% | input=0.6 predelay=0.7 taps=2.2 early=3.7 linemix=0.5 linedelay=1.3 linediff=7.7 linefilt=1.8 out=0.8 ctrl=0.1 param=0.0 clip=1.5 stage=3.1 wait=0.0 other=0.3 | mix=1000 decay=553 tone=1000 freeze=0 updates=0 overloads=0 blocks=1000/1000
controls pots=156 1000 551 1000 cv1=1(raw 999) cv2=1(raw 999)
staging copies=155 failures=0 stack_free=16604 mdma_lists=81650 mdma_errors=0 mdma_status=0x0 mdma_maxpolls=3873 list=117/118 us timed=1000 late=0 stale=0
load program=1 lines=3 mixed=0 avg=24.9% max=25.3% | input=0.6 predelay=0.7 taps=2.2 early=3.7 linemix=0.5 linedelay=1.3 linediff=7.7 linefilt=1.8 out=0.8 ctrl=0.1 param=0.0 clip=1.5 stage=3.1 wait=0.0 other=0.3 | mix=1000 decay=552 tone=959 freeze=0 updates=38 overloads=0 blocks=1000/1000
controls pots=156 1000 551 959 cv1=1(raw 999) cv2=1(raw 999)
staging copies=159 failures=0 stack_free=16604 mdma_lists=82650 mdma_errors=0 mdma_status=0x0 mdma_maxpolls=3873 list=117/118 us timed=1000 late=0 stale=0
load program=1 lines=3 mixed=0 avg=24.9% max=25.3% | input=0.6 predelay=0.7 taps=2.2 early=3.7 linemix=0.5 linedelay=1.3 linediff=7.7 linefilt=1.8 out=0.8 ctrl=0.1 param=0.0 clip=1.5 stage=3.1 wait=0.0 other=0.3 | mix=1000 decay=552 tone=815 freeze=0 updates=120 overloads=0 blocks=1000/1000
controls pots=156 1000 551 815 cv1=1(raw 999) cv2=1(raw 999)
staging copies=153 failures=0 stack_free=16604 mdma_lists=83650 mdma_errors=0 mdma_status=0x0 mdma_maxpolls=3873 list=117/119 us timed=1000 late=0 stale=0
program 2 "Noise in the Hallway" lines=8 limit=8 early=3 late=1 taps=1 predelay=0
  mod=--- interp=1 filters=-l-Hc latetap=0 streams=51 sdram=0 placed=402+93KB unplaced=0 clock=480MHz
  staging=mdma sets=1 staged=40 unstaged=2 taps=0 copies<=116 tcm=15/87KB itcm=ok
load program=1 lines=3 mixed=1 avg=23.3% max=25.2% | input=0.6 predelay=0.7 taps=1.8 early=2.8 linemix=0.7 linedelay=1.8 linediff=5.9 linefilt=2.3 out=0.9 ctrl=0.1 param=0.0 clip=1.4 stage=2.7 wait=0.0 other=0.3 | mix=1000 decay=552 tone=815 freeze=0 updates=2 overloads=0 blocks=966/1000
controls pots=275 1000 551 815 cv1=1(raw 999) cv2=1(raw 999)
staging copies=79 failures=0 stack_free=16604 mdma_lists=84617 mdma_errors=0 mdma_status=0x0 mdma_maxpolls=3873 list=104/118 us timed=967 late=1 stale=0
load program=2 lines=8 mixed=0 avg=18.1% max=18.4% | input=0.6 predelay=0.7 taps=0.6 early=0.5 linemix=1.4 linedelay=3.5 linediff=1.3 linefilt=4.0 out=1.3 ctrl=0.1 param=0.0 clip=1.4 stage=1.7 wait=0.0 other=0.3 | mix=1000 decay=553 tone=815 freeze=0 updates=0 overloads=0 blocks=1000/1000
controls pots=275 1000 551 815 cv1=1(raw 999) cv2=1(raw 999)
staging copies=79 failures=0 stack_free=16604 mdma_lists=85617 mdma_errors=0 mdma_status=0x0 mdma_maxpolls=3873 list=64/64 us timed=1000 late=0 stale=0
load program=2 lines=8 mixed=0 avg=18.1% max=18.3% | input=0.6 predelay=0.7 taps=0.6 early=0.5 linemix=1.4 linedelay=3.5 linediff=1.3 linefilt=4.0 out=1.3 ctrl=0.1 param=0.0 clip=1.4 stage=1.7 wait=0.0 other=0.3 | mix=1000 decay=553 tone=815 freeze=0 updates=0 overloads=0 blocks=1000/1000
controls pots=275 1000 552 815 cv1=1(raw 999) cv2=1(raw 999)
staging copies=83 failures=0 stack_free=16604 mdma_lists=86617 mdma_errors=0 mdma_status=0x0 mdma_maxpolls=3873 list=63/65 us timed=1000 late=0 stale=0
load program=2 lines=8 mixed=0 avg=18.2% max=19.6% | input=0.6 predelay=0.7 taps=0.6 early=0.5 linemix=1.4 linedelay=3.5 linediff=1.3 linefilt=4.0 out=1.3 ctrl=0.1 param=0.1 clip=1.5 stage=1.7 wait=0.0 other=0.3 | mix=1000 decay=676 tone=815 freeze=0 updates=112 overloads=0 blocks=1000/1000
controls pots=275 1000 675 815 cv1=1(raw 999) cv2=1(raw 999)
staging copies=78 failures=0 stack_free=16604 mdma_lists=87617 mdma_errors=0 mdma_status=0x0 mdma_maxpolls=3873 list=64/64 us timed=1000 late=0 stale=0
load program=2 lines=8 mixed=0 avg=18.1% max=18.4% | input=0.6 predelay=0.7 taps=0.6 early=0.5 linemix=1.4 linedelay=3.5 linediff=1.3 linefilt=4.0 out=1.3 ctrl=0.1 param=0.0 clip=1.5 stage=1.7 wait=0.0 other=0.3 | mix=1000 decay=676 tone=815 freeze=0 updates=0 overloads=0 blocks=1000/1000
controls pots=275 1000 675 815 cv1=1(raw 999) cv2=1(raw 999)
staging copies=79 failures=0 stack_free=16604 mdma_lists=88617 mdma_errors=0 mdma_status=0x0 mdma_maxpolls=3873 list=64/64 us timed=1000 late=0 stale=0
load program=2 lines=8 mixed=0 avg=18.1% max=19.4% | input=0.6 predelay=0.7 taps=0.6 early=0.5 linemix=1.4 linedelay=3.5 linediff=1.3 linefilt=4.0 out=1.3 ctrl=0.1 param=0.0 clip=1.5 stage=1.7 wait=0.0 other=0.3 | mix=1000 decay=677 tone=1000 freeze=0 updates=161 overloads=0 blocks=1000/1000
controls pots=275 1000 675 1000 cv1=1(raw 999) cv2=1(raw 999)
staging copies=85 failures=0 stack_free=16604 mdma_lists=89617 mdma_errors=0 mdma_status=0x0 mdma_maxpolls=3873 list=64/64 us timed=1000 late=0 stale=0
load program=2 lines=8 mixed=0 avg=18.1% max=19.6% | input=0.6 predelay=0.7 taps=0.6 early=0.5 linemix=1.4 linedelay=3.5 linediff=1.3 linefilt=4.0 out=1.3 ctrl=0.1 param=0.0 clip=1.5 stage=1.7 wait=0.0 other=0.3 | mix=1000 decay=685 tone=1000 freeze=0 updates=9 overloads=0 blocks=1000/1000
controls pots=275 1000 684 1000 cv1=1(raw 999) cv2=1(raw 999)
staging copies=78 failures=0 stack_free=16604 mdma_lists=90617 mdma_errors=0 mdma_status=0x0 mdma_maxpolls=3873 list=64/64 us timed=1000 late=0 stale=0
load program=2 lines=8 mixed=0 avg=18.4% max=19.6% | input=0.6 predelay=0.7 taps=0.6 early=0.5 linemix=1.4 linedelay=3.5 linediff=1.3 linefilt=4.0 out=1.3 ctrl=0.1 param=0.2 clip=1.5 stage=1.7 wait=0.0 other=0.3 | mix=1000 decay=953 tone=1000 freeze=0 updates=231 overloads=0 blocks=1000/1000
controls pots=275 1000 951 1000 cv1=1(raw 999) cv2=1(raw 999)
staging copies=80 failures=0 stack_free=16604 mdma_lists=91617 mdma_errors=0 mdma_status=0x0 mdma_maxpolls=3873 list=64/64 us timed=1000 late=0 stale=0
load program=2 lines=8 mixed=0 avg=18.1% max=19.8% | input=0.6 predelay=0.7 taps=0.6 early=0.5 linemix=1.4 linedelay=3.5 linediff=1.3 linefilt=4.0 out=1.3 ctrl=0.1 param=0.0 clip=1.5 stage=1.7 wait=0.0 other=0.3 | mix=1000 decay=1000 tone=1000 freeze=0 updates=42 overloads=0 blocks=1000/1000
controls pots=275 1000 1000 1000 cv1=1(raw 999) cv2=1(raw 999)
staging copies=80 failures=0 stack_free=16604 mdma_lists=92617 mdma_errors=0 mdma_status=0x0 mdma_maxpolls=3873 list=63/64 us timed=1000 late=0 stale=0
load program=2 lines=8 mixed=0 avg=18.1% max=18.4% | input=0.6 predelay=0.7 taps=0.6 early=0.5 linemix=1.4 linedelay=3.5 linediff=1.3 linefilt=4.0 out=1.3 ctrl=0.1 param=0.0 clip=1.4 stage=1.7 wait=0.0 other=0.3 | mix=1000 decay=1000 tone=1000 freeze=0 updates=0 overloads=0 blocks=1000/1000
controls pots=275 1000 1000 1000 cv1=1(raw 999) cv2=1(raw 999)
staging copies=78 failures=0 stack_free=16604 mdma_lists=93617 mdma_errors=0 mdma_status=0x0 mdma_maxpolls=3873 list=64/64 us timed=1000 late=0 stale=0
load program=2 lines=8 mixed=0 avg=18.1% max=18.5% | input=0.6 predelay=0.7 taps=0.6 early=0.5 linemix=1.4 linedelay=3.5 linediff=1.3 linefilt=4.0 out=1.3 ctrl=0.1 param=0.0 clip=1.4 stage=1.7 wait=0.0 other=0.3 | mix=1000 decay=1000 tone=1000 freeze=0 updates=0 overloads=0 blocks=1000/1000
controls pots=360 1000 1000 1000 cv1=1(raw 999) cv2=1(raw 999)
staging copies=79 failures=0 stack_free=16604 mdma_lists=94617 mdma_errors=0 mdma_status=0x0 mdma_maxpolls=3873 list=64/64 us timed=1000 late=0 stale=0
program 3 "Hyperplane" lines=9 limit=9 early=4 late=8 taps=21 predelay=0
  mod=eld interp=0 filters=hlLHc latetap=1 streams=204 sdram=0 placed=445+117KB unplaced=0 clock=480MHz
  staging=mdma sets=1 staged=172 unstaged=2 taps=40 copies<=592 tcm=76/87KB itcm=ok
load program=2 lines=8 mixed=1 avg=59.1% max=62.7% | input=0.9 predelay=0.7 taps=1.7 early=2.1 linemix=1.6 linedelay=3.9 linediff=28.9 linefilt=6.7 out=1.4 ctrl=0.1 param=0.0 clip=1.4 stage=7.6 wait=0.0 other=0.3 | mix=1000 decay=1000 tone=1000 freeze=0 updates=2 overloads=0 blocks=980/1000
controls pots=376 1000 1000 1000 cv1=1(raw 999) cv2=1(raw 999)
staging copies=394 failures=0 stack_free=16604 mdma_lists=95598 mdma_errors=0 mdma_status=0x0 mdma_maxpolls=3873 list=307/314 us timed=981 late=1 stale=0
load program=3 lines=9 mixed=0 avg=59.9% max=60.7% | input=0.9 predelay=0.7 taps=1.8 early=2.1 linemix=1.6 linedelay=4.0 linediff=30.0 linefilt=6.9 out=1.4 ctrl=0.1 param=0.0 clip=1.5 stage=7.9 wait=0.0 other=0.3 | mix=1000 decay=1000 tone=1000 freeze=0 updates=0 overloads=0 blocks=1000/1000
controls pots=376 1000 1000 1000 cv1=1(raw 999) cv2=1(raw 999)
staging copies=390 failures=0 stack_free=16604 mdma_lists=96598 mdma_errors=0 mdma_status=0x0 mdma_maxpolls=3873 list=312/314 us timed=1000 late=0 stale=0
load program=3 lines=9 mixed=0 avg=60.0% max=61.7% | input=0.9 predelay=0.7 taps=1.8 early=2.1 linemix=1.6 linedelay=4.0 linediff=30.0 linefilt=6.9 out=1.4 ctrl=0.1 param=0.0 clip=1.5 stage=7.9 wait=0.0 other=0.3 | mix=1000 decay=980 tone=1000 freeze=0 updates=18 overloads=0 blocks=1000/1000
controls pots=376 1000 978 1000 cv1=1(raw 999) cv2=1(raw 999)
staging copies=407 failures=0 stack_free=16604 mdma_lists=97598 mdma_errors=0 mdma_status=0x0 mdma_maxpolls=3873 list=312/314 us timed=1000 late=0 stale=0
load program=3 lines=9 mixed=0 avg=59.9% max=60.7% | input=0.9 predelay=0.7 taps=1.8 early=2.1 linemix=1.6 linedelay=4.0 linediff=30.0 linefilt=6.9 out=1.4 ctrl=0.1 param=0.0 clip=1.5 stage=7.9 wait=0.0 other=0.3 | mix=1000 decay=980 tone=1000 freeze=0 updates=0 overloads=0 blocks=1000/1000
controls pots=376 1000 978 1000 cv1=1(raw 999) cv2=1(raw 999)
staging copies=387 failures=0 stack_free=16604 mdma_lists=98598 mdma_errors=0 mdma_status=0x0 mdma_maxpolls=3873 list=312/315 us timed=1000 late=0 stale=0
load program=3 lines=9 mixed=0 avg=59.9% max=60.6% | input=0.9 predelay=0.7 taps=1.8 early=2.1 linemix=1.6 linedelay=4.0 linediff=30.0 linefilt=6.9 out=1.4 ctrl=0.1 param=0.0 clip=1.5 stage=7.9 wait=0.0 other=0.3 | mix=1000 decay=980 tone=1000 freeze=0 updates=0 overloads=0 blocks=1000/1000
controls pots=376 1000 978 1000 cv1=1(raw 999) cv2=1(raw 999)
staging copies=391 failures=0 stack_free=16604 mdma_lists=99598 mdma_errors=0 mdma_status=0x0 mdma_maxpolls=3873 list=312/314 us timed=1000 late=0 stale=0
load program=3 lines=9 mixed=0 avg=60.0% max=61.7% | input=0.9 predelay=0.7 taps=1.8 early=2.1 linemix=1.6 linedelay=4.0 linediff=30.0 linefilt=6.9 out=1.4 ctrl=0.1 param=0.0 clip=1.5 stage=7.9 wait=0.0 other=0.3 | mix=1000 decay=1000 tone=1000 freeze=0 updates=17 overloads=0 blocks=1000/1000
controls pots=376 1000 1000 1000 cv1=1(raw 999) cv2=1(raw 999)
staging copies=419 failures=0 stack_free=16604 mdma_lists=100598 mdma_errors=0 mdma_status=0x0 mdma_maxpolls=3873 list=312/314 us timed=1000 late=0 stale=0
load program=3 lines=9 mixed=0 avg=59.9% max=60.6% | input=0.9 predelay=0.7 taps=1.8 early=2.1 linemix=1.6 linedelay=4.0 linediff=30.0 linefilt=6.9 out=1.4 ctrl=0.1 param=0.0 clip=1.5 stage=7.9 wait=0.0 other=0.3 | mix=1000 decay=1000 tone=1000 freeze=0 updates=0 overloads=0 blocks=1000/1000
controls pots=376 1000 1000 1000 cv1=1(raw 999) cv2=1(raw 999)
staging copies=387 failures=0 stack_free=16604 mdma_lists=101598 mdma_errors=0 mdma_status=0x0 mdma_maxpolls=3873 list=312/314 us timed=1000 late=0 stale=0
load program=3 lines=9 mixed=0 avg=59.9% max=60.6% | input=0.9 predelay=0.7 taps=1.8 early=2.1 linemix=1.6 linedelay=4.0 linediff=30.0 linefilt=6.9 out=1.4 ctrl=0.1 param=0.0 clip=1.5 stage=7.9 wait=0.0 other=0.3 | mix=1000 decay=1000 tone=1000 freeze=0 updates=0 overloads=0 blocks=1000/1000
controls pots=376 1000 1000 1000 cv1=1(raw 999) cv2=1(raw 999)
staging copies=389 failures=0 stack_free=16604 mdma_lists=102598 mdma_errors=0 mdma_status=0x0 mdma_maxpolls=3873 list=312/314 us timed=1000 late=0 stale=0
load program=3 lines=9 mixed=0 avg=59.9% max=60.7% | input=0.9 predelay=0.7 taps=1.8 early=2.1 linemix=1.6 linedelay=4.0 linediff=30.0 linefilt=6.9 out=1.4 ctrl=0.1 param=0.0 clip=1.5 stage=7.9 wait=0.0 other=0.3 | mix=1000 decay=1000 tone=1000 freeze=0 updates=0 overloads=0 blocks=1000/1000
controls pots=376 1000 1000 1000 cv1=1(raw 999) cv2=1(raw 999)
staging copies=412 failures=0 stack_free=16604 mdma_lists=103598 mdma_errors=0 mdma_status=0x0 mdma_maxpolls=3873 list=312/314 us timed=1000 late=0 stale=0
load program=3 lines=9 mixed=0 avg=59.9% max=60.6% | input=0.9 predelay=0.7 taps=1.8 early=2.1 linemix=1.6 linedelay=4.0 linediff=30.0 linefilt=6.9 out=1.4 ctrl=0.1 param=0.0 clip=1.5 stage=7.9 wait=0.0 other=0.3 | mix=1000 decay=1000 tone=1000 freeze=0 updates=0 overloads=0 blocks=1000/1000
controls pots=376 1000 1000 1000 cv1=1(raw 999) cv2=1(raw 999)
staging copies=395 failures=0 stack_free=16604 mdma_lists=104598 mdma_errors=0 mdma_status=0x0 mdma_maxpolls=3873 list=312/314 us timed=1000 late=0 stale=0
load program=3 lines=9 mixed=0 avg=60.0% max=61.7% | input=0.9 predelay=0.7 taps=1.8 early=2.1 linemix=1.6 linedelay=4.0 linediff=30.0 linefilt=6.9 out=1.4 ctrl=0.1 param=0.0 clip=1.5 stage=7.9 wait=0.0 other=0.3 | mix=1000 decay=977 tone=1000 freeze=0 updates=21 overloads=0 blocks=1000/1000
controls pots=376 1000 976 1000 cv1=1(raw 999) cv2=1(raw 999)
staging copies=390 failures=0 stack_free=16604 mdma_lists=105598 mdma_errors=0 mdma_status=0x0 mdma_maxpolls=3873 list=312/315 us timed=1000 late=0 stale=0
load program=3 lines=9 mixed=0 avg=60.0% max=60.9% | input=0.9 predelay=0.7 taps=1.8 early=2.1 linemix=1.6 linedelay=4.0 linediff=30.0 linefilt=6.9 out=1.4 ctrl=0.1 param=0.0 clip=1.5 stage=7.9 wait=0.0 other=0.3 | mix=1000 decay=977 tone=911 freeze=0 updates=79 overloads=0 blocks=1000/1000
controls pots=376 1000 976 911 cv1=1(raw 999) cv2=1(raw 999)
staging copies=414 failures=0 stack_free=16604 mdma_lists=106598 mdma_errors=0 mdma_status=0x0 mdma_maxpolls=3873 list=312/315 us timed=1000 late=0 stale=0
load program=3 lines=9 mixed=0 avg=60.1% max=61.9% | input=0.9 predelay=0.7 taps=1.8 early=2.1 linemix=1.6 linedelay=4.0 linediff=30.0 linefilt=6.9 out=1.4 ctrl=0.1 param=0.1 clip=1.5 stage=7.9 wait=0.0 other=0.3 | mix=1000 decay=868 tone=849 freeze=0 updates=148 overloads=0 blocks=1000/1000
controls pots=376 1000 867 849 cv1=1(raw 999) cv2=1(raw 999)
staging copies=403 failures=0 stack_free=16604 mdma_lists=107598 mdma_errors=0 mdma_status=0x0 mdma_maxpolls=3873 list=312/315 us timed=1000 late=0 stale=0
load program=3 lines=9 mixed=0 avg=60.2% max=61.9% | input=0.9 predelay=0.7 taps=1.8 early=2.1 linemix=1.6 linedelay=4.0 linediff=30.0 linefilt=6.9 out=1.4 ctrl=0.1 param=0.1 clip=1.5 stage=7.9 wait=0.0 other=0.3 | mix=1000 decay=697 tone=849 freeze=0 updates=156 overloads=0 blocks=1000/1000
controls pots=376 1000 696 849 cv1=1(raw 999) cv2=1(raw 999)
staging copies=387 failures=0 stack_free=16604 mdma_lists=108598 mdma_errors=0 mdma_status=0x0 mdma_maxpolls=3873 list=312/314 us timed=1000 late=0 stale=0
load program=3 lines=9 mixed=0 avg=60.1% max=61.9% | input=0.9 predelay=0.7 taps=1.8 early=2.1 linemix=1.6 linedelay=4.0 linediff=30.0 linefilt=6.9 out=1.4 ctrl=0.1 param=0.1 clip=1.5 stage=7.9 wait=0.0 other=0.3 | mix=1000 decay=550 tone=849 freeze=0 updates=134 overloads=0 blocks=1000/1000
controls pots=376 1000 549 849 cv1=1(raw 999) cv2=1(raw 999)
staging copies=413 failures=0 stack_free=16604 mdma_lists=109598 mdma_errors=0 mdma_status=0x0 mdma_maxpolls=3873 list=312/314 us timed=1000 late=0 stale=0
load program=3 lines=9 mixed=0 avg=59.9% max=61.7% | input=0.9 predelay=0.7 taps=1.8 early=2.1 linemix=1.6 linedelay=4.0 linediff=30.0 linefilt=6.9 out=1.4 ctrl=0.1 param=0.0 clip=1.5 stage=7.9 wait=0.0 other=0.3 | mix=1000 decay=545 tone=849 freeze=0 updates=6 overloads=0 blocks=1000/1000
controls pots=376 1000 543 849 cv1=1(raw 999) cv2=1(raw 999)
staging copies=388 failures=0 stack_free=16604 mdma_lists=110598 mdma_errors=0 mdma_status=0x0 mdma_maxpolls=3873 list=312/314 us timed=1000 late=0 stale=0
load program=3 lines=9 mixed=0 avg=59.9% max=60.7% | input=0.9 predelay=0.7 taps=1.8 early=2.1 linemix=1.6 linedelay=4.0 linediff=30.0 linefilt=6.9 out=1.4 ctrl=0.1 param=0.0 clip=1.5 stage=7.9 wait=0.0 other=0.3 | mix=1000 decay=544 tone=849 freeze=0 updates=0 overloads=0 blocks=1000/1000
controls pots=376 1000 543 849 cv1=1(raw 999) cv2=1(raw 999)
staging copies=386 failures=0 stack_free=16604 mdma_lists=111598 mdma_errors=0 mdma_status=0x0 mdma_maxpolls=3873 list=312/315 us timed=1000 late=0 stale=0
load program=3 lines=9 mixed=0 avg=59.9% max=61.3% | input=0.9 predelay=0.7 taps=1.8 early=2.1 linemix=1.6 linedelay=4.0 linediff=30.0 linefilt=6.9 out=1.4 ctrl=0.1 param=0.0 clip=1.5 stage=7.9 wait=0.0 other=0.3 | mix=908 decay=543 tone=849 freeze=0 updates=1 overloads=0 blocks=1000/1000
controls pots=376 908 542 849 cv1=1(raw 999) cv2=1(raw 999)
staging copies=413 failures=0 stack_free=16604 mdma_lists=112598 mdma_errors=0 mdma_status=0x0 mdma_maxpolls=3873 list=312/314 us timed=1000 late=0 stale=0
load program=3 lines=9 mixed=0 avg=59.9% max=61.6% | input=0.9 predelay=0.7 taps=1.8 early=2.1 linemix=1.6 linedelay=4.0 linediff=30.0 linefilt=6.9 out=1.4 ctrl=0.1 param=0.0 clip=1.5 stage=7.9 wait=0.0 other=0.3 | mix=857 decay=541 tone=849 freeze=0 updates=2 overloads=0 blocks=1000/1000
controls pots=376 857 540 849 cv1=1(raw 999) cv2=1(raw 999)
staging copies=398 failures=0 stack_free=16604 mdma_lists=113598 mdma_errors=0 mdma_status=0x0 mdma_maxpolls=3873 list=312/314 us timed=1000 late=0 stale=0
load program=3 lines=9 mixed=0 avg=59.9% max=60.8% | input=0.9 predelay=0.7 taps=1.8 early=2.1 linemix=1.6 linedelay=4.0 linediff=30.0 linefilt=6.9 out=1.4 ctrl=0.1 param=0.0 clip=1.5 stage=7.9 wait=0.0 other=0.3 | mix=857 decay=541 tone=849 freeze=0 updates=0 overloads=0 blocks=1000/1000
controls pots=376 857 540 849 cv1=1(raw 999) cv2=1(raw 999)
staging copies=399 failures=0 stack_free=16604 mdma_lists=114598 mdma_errors=0 mdma_status=0x0 mdma_maxpolls=3873 list=312/314 us timed=1000 late=0 stale=0
load program=3 lines=9 mixed=0 avg=59.9% max=60.8% | input=0.9 predelay=0.7 taps=1.8 early=2.1 linemix=1.6 linedelay=4.0 linediff=30.0 linefilt=6.9 out=1.4 ctrl=0.1 param=0.0 clip=1.5 stage=7.9 wait=0.0 other=0.3 | mix=857 decay=541 tone=849 freeze=0 updates=0 overloads=0 blocks=1000/1000
controls pots=387 857 540 849 cv1=1(raw 999) cv2=1(raw 999)
staging copies=402 failures=0 stack_free=16604 mdma_lists=115598 mdma_errors=0 mdma_status=0x0 mdma_maxpolls=3873 list=312/314 us timed=1000 late=0 stale=0
program 4 "Rubi-Ka Fields" lines=4 limit=4 early=7 late=6 taps=26 predelay=0
  mod=eld interp=0 filters=----c latetap=1 streams=104 sdram=9 placed=445+207KB unplaced=4 clock=480MHz
  staging=mdma sets=1 staged=72 unstaged=2 taps=50 copies<=312 tcm=38/87KB itcm=ok
load program=3 lines=9 mixed=1 avg=52.6% max=60.7% | input=0.7 predelay=0.7 taps=1.8 early=2.4 linemix=1.3 linedelay=3.3 linediff=24.3 linefilt=5.4 out=1.3 ctrl=0.1 param=0.0 clip=1.4 stage=6.7 wait=0.0 other=0.3 | mix=857 decay=541 tone=849 freeze=0 updates=2 overloads=0 blocks=958/1000
controls pots=501 857 540 849 cv1=1(raw 999) cv2=1(raw 999)
staging copies=193 failures=0 stack_free=16604 mdma_lists=116557 mdma_errors=0 mdma_status=0x0 mdma_maxpolls=3873 list=276/314 us timed=959 late=2 stale=0
load program=4 lines=4 mixed=0 avg=27.8% max=28.4% | input=0.3 predelay=0.7 taps=2.2 early=3.7 linemix=0.7 linedelay=1.8 linediff=10.0 linefilt=1.2 out=0.9 ctrl=0.1 param=0.0 clip=1.5 stage=3.9 wait=0.0 other=0.3 | mix=857 decay=541 tone=849 freeze=0 updates=0 overloads=0 blocks=1000/1000
controls pots=501 857 540 849 cv1=1(raw 999) cv2=1(raw 999)
staging copies=192 failures=0 stack_free=16604 mdma_lists=117557 mdma_errors=0 mdma_status=0x0 mdma_maxpolls=3873 list=156/158 us timed=1000 late=0 stale=0
load program=4 lines=4 mixed=0 avg=28.1% max=29.3% | input=0.3 predelay=0.7 taps=2.2 early=3.7 linemix=0.7 linedelay=1.8 linediff=10.0 linefilt=1.2 out=0.9 ctrl=0.1 param=0.3 clip=1.5 stage=3.9 wait=0.0 other=0.3 | mix=857 decay=865 tone=849 freeze=0 updates=271 overloads=0 blocks=1000/1000
controls pots=501 857 864 849 cv1=1(raw 999) cv2=1(raw 999)
staging copies=197 failures=0 stack_free=16604 mdma_lists=118557 mdma_errors=0 mdma_status=0x0 mdma_maxpolls=3873 list=156/158 us timed=1000 late=0 stale=0
load program=4 lines=4 mixed=0 avg=27.9% max=29.3% | input=0.3 predelay=0.7 taps=2.2 early=3.7 linemix=0.7 linedelay=1.8 linediff=10.0 linefilt=1.2 out=0.9 ctrl=0.1 param=0.1 clip=1.5 stage=3.9 wait=0.0 other=0.3 | mix=857 decay=1000 tone=849 freeze=0 updates=119 overloads=0 blocks=1000/1000
controls pots=501 857 1000 849 cv1=1(raw 999) cv2=1(raw 999)
staging copies=195 failures=0 stack_free=16604 mdma_lists=119557 mdma_errors=0 mdma_status=0x0 mdma_maxpolls=3873 list=156/157 us timed=1000 late=0 stale=0
load program=4 lines=4 mixed=0 avg=27.8% max=28.3% | input=0.3 predelay=0.7 taps=2.2 early=3.7 linemix=0.7 linedelay=1.8 linediff=10.0 linefilt=1.2 out=0.9 ctrl=0.1 param=0.0 clip=1.5 stage=3.9 wait=0.0 other=0.3 | mix=857 decay=1000 tone=1000 freeze=0 updates=126 overloads=0 blocks=1000/1000
controls pots=501 857 1000 1000 cv1=1(raw 999) cv2=1(raw 999)
staging copies=196 failures=0 stack_free=16604 mdma_lists=120557 mdma_errors=0 mdma_status=0x0 mdma_maxpolls=3873 list=156/158 us timed=1000 late=0 stale=0
load program=4 lines=4 mixed=0 avg=27.8% max=28.1% | input=0.3 predelay=0.7 taps=2.2 early=3.7 linemix=0.7 linedelay=1.8 linediff=10.0 linefilt=1.2 out=0.9 ctrl=0.1 param=0.0 clip=1.5 stage=3.9 wait=0.0 other=0.3 | mix=857 decay=1000 tone=1000 freeze=0 updates=0 overloads=0 blocks=1000/1000
controls pots=501 857 1000 1000 cv1=1(raw 999) cv2=1(raw 999)
staging copies=196 failures=0 stack_free=16604 mdma_lists=121557 mdma_errors=0 mdma_status=0x0 mdma_maxpolls=3873 list=156/158 us timed=1000 late=0 stale=0
load program=4 lines=4 mixed=0 avg=27.8% max=28.0% | input=0.3 predelay=0.7 taps=2.2 early=3.7 linemix=0.7 linedelay=1.8 linediff=10.0 linefilt=1.2 out=0.9 ctrl=0.1 param=0.0 clip=1.5 stage=3.9 wait=0.0 other=0.3 | mix=891 decay=1000 tone=1000 freeze=0 updates=0 overloads=0 blocks=1000/1000
controls pots=501 891 1000 1000 cv1=1(raw 999) cv2=1(raw 999)
staging copies=195 failures=0 stack_free=16604 mdma_lists=122557 mdma_errors=0 mdma_status=0x0 mdma_maxpolls=3873 list=156/158 us timed=1000 late=0 stale=0
load program=4 lines=4 mixed=0 avg=27.8% max=28.1% | input=0.3 predelay=0.7 taps=2.2 early=3.7 linemix=0.7 linedelay=1.8 linediff=10.0 linefilt=1.2 out=0.9 ctrl=0.1 param=0.0 clip=1.5 stage=3.9 wait=0.0 other=0.3 | mix=1000 decay=1000 tone=1000 freeze=0 updates=0 overloads=0 blocks=1000/1000
controls pots=501 1000 1000 1000 cv1=1(raw 999) cv2=1(raw 999)
staging copies=192 failures=0 stack_free=16604 mdma_lists=123557 mdma_errors=0 mdma_status=0x0 mdma_maxpolls=3873 list=156/158 us timed=1000 late=0 stale=0
load program=4 lines=4 mixed=0 avg=27.8% max=28.2% | input=0.3 predelay=0.7 taps=2.2 early=3.7 linemix=0.7 linedelay=1.8 linediff=10.0 linefilt=1.2 out=0.9 ctrl=0.1 param=0.0 clip=1.5 stage=3.9 wait=0.0 other=0.3 | mix=1000 decay=1000 tone=1000 freeze=0 updates=0 overloads=0 blocks=1000/1000
controls pots=501 1000 1000 1000 cv1=1(raw 999) cv2=1(raw 999)
staging copies=193 failures=0 stack_free=16604 mdma_lists=124557 mdma_errors=0 mdma_status=0x0 mdma_maxpolls=3873 list=156/158 us timed=1000 late=0 stale=0
load program=4 lines=4 mixed=0 avg=27.8% max=28.1% | input=0.3 predelay=0.7 taps=2.2 early=3.7 linemix=0.7 linedelay=1.8 linediff=10.0 linefilt=1.2 out=0.9 ctrl=0.1 param=0.0 clip=1.5 stage=3.9 wait=0.0 other=0.3 | mix=1000 decay=1000 tone=1000 freeze=0 updates=0 overloads=0 blocks=1000/1000
controls pots=501 1000 1000 1000 cv1=1(raw 999) cv2=1(raw 999)
staging copies=193 failures=0 stack_free=16604 mdma_lists=125557 mdma_errors=0 mdma_status=0x0 mdma_maxpolls=3873 list=156/158 us timed=1000 late=0 stale=0
load program=4 lines=4 mixed=0 avg=27.8% max=28.1% | input=0.3 predelay=0.7 taps=2.2 early=3.7 linemix=0.7 linedelay=1.8 linediff=10.0 linefilt=1.2 out=0.9 ctrl=0.1 param=0.0 clip=1.5 stage=3.9 wait=0.0 other=0.3 | mix=978 decay=1000 tone=1000 freeze=0 updates=0 overloads=0 blocks=1000/1000
controls pots=501 978 1000 1000 cv1=1(raw 999) cv2=1(raw 999)
staging copies=195 failures=0 stack_free=16604 mdma_lists=126557 mdma_errors=0 mdma_status=0x0 mdma_maxpolls=3873 list=156/158 us timed=1000 late=0 stale=0
load program=4 lines=4 mixed=0 avg=27.8% max=28.1% | input=0.3 predelay=0.7 taps=2.2 early=3.7 linemix=0.7 linedelay=1.8 linediff=10.0 linefilt=1.2 out=0.9 ctrl=0.1 param=0.0 clip=1.5 stage=3.9 wait=0.0 other=0.3 | mix=829 decay=1000 tone=1000 freeze=0 updates=0 overloads=0 blocks=1000/1000
controls pots=501 829 1000 1000 cv1=1(raw 999) cv2=1(raw 999)
staging copies=193 failures=0 stack_free=16604 mdma_lists=127557 mdma_errors=0 mdma_status=0x0 mdma_maxpolls=3873 list=156/157 us timed=1000 late=0 stale=0
load program=4 lines=4 mixed=0 avg=27.8% max=28.1% | input=0.3 predelay=0.7 taps=2.2 early=3.7 linemix=0.7 linedelay=1.8 linediff=10.0 linefilt=1.2 out=0.9 ctrl=0.1 param=0.0 clip=1.5 stage=3.9 wait=0.0 other=0.3 | mix=829 decay=1000 tone=1000 freeze=0 updates=0 overloads=0 blocks=1000/1000
controls pots=429 829 1000 1000 cv1=1(raw 999) cv2=1(raw 999)
staging copies=201 failures=0 stack_free=16604 mdma_lists=128557 mdma_errors=0 mdma_status=0x0 mdma_maxpolls=3873 list=156/158 us timed=1000 late=0 stale=0
program 3 "Hyperplane" lines=9 limit=9 early=4 late=8 taps=21 predelay=0
  mod=eld interp=0 filters=hlLHc latetap=1 streams=204 sdram=0 placed=445+117KB unplaced=0 clock=480MHz
  staging=mdma sets=1 staged=172 unstaged=2 taps=40 copies<=592 tcm=76/87KB itcm=ok
load program=4 lines=4 mixed=1 avg=58.2% max=62.7% | input=0.9 predelay=0.7 taps=1.8 early=2.2 linemix=1.5 linedelay=3.8 linediff=28.3 linefilt=6.5 out=1.4 ctrl=0.1 param=0.0 clip=1.4 stage=7.5 wait=0.0 other=0.3 | mix=829 decay=1000 tone=1000 freeze=0 updates=2 overloads=0 blocks=980/1000
controls pots=388 829 1000 1000 cv1=1(raw 999) cv2=1(raw 999)
staging copies=407 failures=0 stack_free=16604 mdma_lists=129538 mdma_errors=0 mdma_status=0x0 mdma_maxpolls=3873 list=304/314 us timed=981 late=1 stale=0
load program=3 lines=9 mixed=0 avg=59.9% max=60.8% | input=0.9 predelay=0.7 taps=1.8 early=2.1 linemix=1.6 linedelay=4.0 linediff=30.0 linefilt=6.9 out=1.4 ctrl=0.1 param=0.0 clip=1.5 stage=7.9 wait=0.0 other=0.3 | mix=829 decay=1000 tone=1000 freeze=0 updates=0 overloads=0 blocks=1000/1000
controls pots=388 829 1000 1000 cv1=1(raw 999) cv2=1(raw 999)
staging copies=395 failures=0 stack_free=16604 mdma_lists=130538 mdma_errors=0 mdma_status=0x0 mdma_maxpolls=3873 list=312/315 us timed=1000 late=0 stale=0
load program=3 lines=9 mixed=0 avg=59.9% max=60.7% | input=0.9 predelay=0.7 taps=1.8 early=2.1 linemix=1.6 linedelay=4.0 linediff=30.0 linefilt=6.9 out=1.4 ctrl=0.1 param=0.0 clip=1.5 stage=7.9 wait=0.0 other=0.3 | mix=829 decay=1000 tone=1000 freeze=0 updates=0 overloads=0 blocks=1000/1000
controls pots=388 829 1000 1000 cv1=1(raw 999) cv2=1(raw 999)
staging copies=422 failures=0 stack_free=16604 mdma_lists=131538 mdma_errors=0 mdma_status=0x0 mdma_maxpolls=3873 list=312/314 us timed=1000 late=0 stale=0
program 4 "Rubi-Ka Fields" lines=4 limit=4 early=7 late=6 taps=26 predelay=0
  mod=eld interp=0 filters=----c latetap=1 streams=104 sdram=9 placed=445+207KB unplaced=4 clock=480MHz
  staging=mdma sets=1 staged=72 unstaged=2 taps=50 copies<=312 tcm=38/87KB itcm=ok
load program=3 lines=9 mixed=1 avg=53.5% max=60.8% | input=0.8 predelay=0.7 taps=1.8 early=2.3 linemix=1.3 linedelay=3.4 linediff=24.8 linefilt=5.5 out=1.3 ctrl=0.1 param=0.0 clip=1.4 stage=6.8 wait=0.0 other=0.3 | mix=829 decay=1000 tone=1000 freeze=0 updates=2 overloads=0 blocks=958/1000
controls pots=486 829 1000 1000 cv1=1(raw 999) cv2=1(raw 999)
staging copies=196 failures=0 stack_free=16604 mdma_lists=132497 mdma_errors=0 mdma_status=0x0 mdma_maxpolls=3873 list=281/315 us timed=959 late=1 stale=0
load program=4 lines=4 mixed=0 avg=27.8% max=28.4% | input=0.3 predelay=0.7 taps=2.2 early=3.7 linemix=0.7 linedelay=1.8 linediff=10.0 linefilt=1.2 out=0.9 ctrl=0.1 param=0.0 clip=1.5 stage=3.9 wait=0.0 other=0.3 | mix=829 decay=1000 tone=1000 freeze=0 updates=0 overloads=0 blocks=1000/1000
controls pots=494 829 1000 1000 cv1=1(raw 999) cv2=1(raw 999)
staging copies=197 failures=0 stack_free=16604 mdma_lists=133497 mdma_errors=0 mdma_status=0x0 mdma_maxpolls=3873 list=156/157 us timed=1000 late=0 stale=0
program 5 "Through the Looking Glass" lines=8 limit=8 early=8 late=8 taps=50 predelay=0
  mod=eld interp=1 filters=-l--c latetap=1 streams=222 sdram=52 placed=444+226KB unplaced=42 clock=480MHz
  staging=mdma sets=1 staged=162 unstaged=2 taps=98 copies<=678 tcm=83/87KB itcm=ok
load program=4 lines=4 mixed=1 avg=27.8% max=28.2% | input=0.3 predelay=0.7 taps=2.1 early=3.5 linemix=0.7 linedelay=1.7 linediff=9.6 linefilt=1.1 out=0.9 ctrl=0.1 param=0.0 clip=1.4 stage=3.7 wait=0.0 other=0.3 | mix=829 decay=1000 tone=1000 freeze=0 updates=0 overloads=0 blocks=959/1000
controls pots=590 829 1000 1000 cv1=1(raw 999) cv2=1(raw 999)
staging copies=193 failures=0 stack_free=16604 mdma_lists=134456 mdma_errors=0 mdma_status=0x0 mdma_maxpolls=3873 list=156/157 us timed=960 late=0 stale=0
load program=-1 lines=0 mixed=1 avg=61.7% max=64.2% | input=0.6 predelay=0.7 taps=3.5 early=4.2 linemix=1.4 linedelay=3.6 linediff=32.6 linefilt=2.7 out=1.3 ctrl=0.1 param=0.0 clip=1.5 stage=8.4 wait=0.0 other=0.3 | mix=829 decay=1000 tone=1000 freeze=0 updates=2 overloads=0 blocks=997/1000
controls pots=599 829 1000 1000 cv1=1(raw 999) cv2=1(raw 999)
staging copies=427 failures=0 stack_free=16604 mdma_lists=135454 mdma_errors=0 mdma_status=0x0 mdma_maxpolls=3873 list=385/397 us timed=997 late=2 stale=4
load program=5 lines=8 mixed=0 avg=61.3% max=61.7% | input=0.6 predelay=0.7 taps=3.5 early=4.2 linemix=1.4 linedelay=3.6 linediff=32.7 linefilt=2.4 out=1.3 ctrl=0.1 param=0.0 clip=1.5 stage=8.4 wait=0.0 other=0.3 | mix=829 decay=1000 tone=1000 freeze=0 updates=0 overloads=0 blocks=1000/1000
controls pots=599 829 1000 1000 cv1=1(raw 999) cv2=1(raw 999)
staging copies=431 failures=0 stack_free=16604 mdma_lists=136454 mdma_errors=0 mdma_status=0x0 mdma_maxpolls=3873 list=385/391 us timed=1000 late=0 stale=0
load program=5 lines=8 mixed=0 avg=61.4% max=63.0% | input=0.6 predelay=0.7 taps=3.5 early=4.2 linemix=1.4 linedelay=3.6 linediff=32.7 linefilt=2.4 out=1.3 ctrl=0.1 param=0.0 clip=1.5 stage=8.4 wait=0.0 other=0.3 | mix=829 decay=958 tone=1000 freeze=0 updates=37 overloads=0 blocks=1000/1000
controls pots=599 829 957 1000 cv1=1(raw 999) cv2=1(raw 999)
staging copies=436 failures=0 stack_free=16604 mdma_lists=137454 mdma_errors=0 mdma_status=0x0 mdma_maxpolls=3873 list=385/391 us timed=1000 late=0 stale=37
load program=5 lines=8 mixed=0 avg=61.4% max=62.9% | input=0.6 predelay=0.7 taps=3.5 early=4.2 linemix=1.4 linedelay=3.6 linediff=32.7 linefilt=2.4 out=1.3 ctrl=0.1 param=0.0 clip=1.5 stage=8.4 wait=0.0 other=0.3 | mix=829 decay=956 tone=956 freeze=0 updates=43 overloads=0 blocks=1000/1000
controls pots=599 829 955 956 cv1=1(raw 999) cv2=1(raw 999)
staging copies=428 failures=0 stack_free=16604 mdma_lists=138454 mdma_errors=0 mdma_status=0x0 mdma_maxpolls=3873 list=385/391 us timed=1000 late=0 stale=2
load program=5 lines=8 mixed=0 avg=61.4% max=61.9% | input=0.6 predelay=0.7 taps=3.5 early=4.2 linemix=1.4 linedelay=3.6 linediff=32.7 linefilt=2.4 out=1.3 ctrl=0.1 param=0.0 clip=1.5 stage=8.4 wait=0.0 other=0.3 | mix=830 decay=956 tone=927 freeze=0 updates=28 overloads=0 blocks=1000/1000
controls pots=599 830 955 927 cv1=1(raw 999) cv2=1(raw 999)
staging copies=431 failures=0 stack_free=16604 mdma_lists=139454 mdma_errors=0 mdma_status=0x0 mdma_maxpolls=3873 list=385/391 us timed=1000 late=0 stale=0
load program=5 lines=8 mixed=0 avg=61.3% max=61.7% | input=0.6 predelay=0.7 taps=3.5 early=4.2 linemix=1.4 linedelay=3.6 linediff=32.7 linefilt=2.4 out=1.3 ctrl=0.1 param=0.0 clip=1.5 stage=8.4 wait=0.0 other=0.3 | mix=829 decay=956 tone=922 freeze=0 updates=4 overloads=0 blocks=1000/1000
controls pots=599 829 955 922 cv1=1(raw 999) cv2=1(raw 999)
staging copies=432 failures=0 stack_free=16604 mdma_lists=140454 mdma_errors=0 mdma_status=0x0 mdma_maxpolls=3873 list=385/390 us timed=1000 late=0 stale=0
load program=5 lines=8 mixed=0 avg=61.4% max=61.8% | input=0.6 predelay=0.7 taps=3.5 early=4.2 linemix=1.4 linedelay=3.6 linediff=32.7 linefilt=2.4 out=1.3 ctrl=0.1 param=0.0 clip=1.5 stage=8.4 wait=0.0 other=0.3 | mix=829 decay=956 tone=916 freeze=0 updates=6 overloads=0 blocks=1000/1000
controls pots=599 829 955 916 cv1=1(raw 999) cv2=1(raw 999)
staging copies=428 failures=0 stack_free=16604 mdma_lists=141454 mdma_errors=0 mdma_status=0x0 mdma_maxpolls=3873 list=385/390 us timed=1000 late=0 stale=0
load program=5 lines=8 mixed=0 avg=61.4% max=61.8% | input=0.6 predelay=0.7 taps=3.5 early=4.2 linemix=1.4 linedelay=3.6 linediff=32.7 linefilt=2.4 out=1.3 ctrl=0.1 param=0.0 clip=1.5 stage=8.4 wait=0.0 other=0.3 | mix=829 decay=956 tone=867 freeze=0 updates=47 overloads=0 blocks=1000/1000
controls pots=599 829 955 867 cv1=1(raw 999) cv2=1(raw 999)
staging copies=426 failures=0 stack_free=16604 mdma_lists=142454 mdma_errors=0 mdma_status=0x0 mdma_maxpolls=3873 list=385/392 us timed=1000 late=0 stale=0
load program=5 lines=8 mixed=0 avg=61.4% max=62.0% | input=0.6 predelay=0.7 taps=3.5 early=4.2 linemix=1.4 linedelay=3.6 linediff=32.7 linefilt=2.4 out=1.3 ctrl=0.1 param=0.0 clip=1.5 stage=8.4 wait=0.0 other=0.3 | mix=829 decay=956 tone=767 freeze=0 updates=94 overloads=0 blocks=1000/1000
controls pots=599 829 955 767 cv1=1(raw 999) cv2=1(raw 999)
staging copies=440 failures=0 stack_free=16604 mdma_lists=143454 mdma_errors=0 mdma_status=0x0 mdma_maxpolls=3873 list=385/398 us timed=1000 late=0 stale=1
load program=5 lines=8 mixed=0 avg=61.4% max=62.0% | input=0.6 predelay=0.7 taps=3.5 early=4.2 linemix=1.4 linedelay=3.6 linediff=32.7 linefilt=2.4 out=1.3 ctrl=0.1 param=0.0 clip=1.5 stage=8.4 wait=0.0 other=0.3 | mix=830 decay=956 tone=660 freeze=0 updates=101 overloads=0 blocks=1000/1000
controls pots=599 830 955 660 cv1=1(raw 999) cv2=1(raw 999)
staging copies=433 failures=0 stack_free=16604 mdma_lists=144454 mdma_errors=0 mdma_status=0x0 mdma_maxpolls=3873 list=385/391 us timed=1000 late=0 stale=0
load program=5 lines=8 mixed=0 avg=61.4% max=62.0% | input=0.6 predelay=0.7 taps=3.5 early=4.2 linemix=1.4 linedelay=3.6 linediff=32.7 linefilt=2.4 out=1.3 ctrl=0.1 param=0.0 clip=1.5 stage=8.4 wait=0.0 other=0.3 | mix=829 decay=956 tone=573 freeze=0 updates=82 overloads=0 blocks=1000/1000
controls pots=599 829 955 573 cv1=1(raw 999) cv2=1(raw 999)
staging copies=442 failures=0 stack_free=16604 mdma_lists=145454 mdma_errors=0 mdma_status=0x0 mdma_maxpolls=3873 list=385/392 us timed=1000 late=0 stale=0
load program=5 lines=8 mixed=0 avg=61.4% max=61.9% | input=0.6 predelay=0.7 taps=3.5 early=4.2 linemix=1.4 linedelay=3.6 linediff=32.7 linefilt=2.4 out=1.3 ctrl=0.1 param=0.0 clip=1.5 stage=8.4 wait=0.0 other=0.3 | mix=829 decay=956 tone=455 freeze=0 updates=110 overloads=0 blocks=1000/1000
controls pots=599 829 955 455 cv1=1(raw 999) cv2=1(raw 999)
staging copies=436 failures=0 stack_free=16604 mdma_lists=146454 mdma_errors=0 mdma_status=0x0 mdma_maxpolls=3873 list=385/390 us timed=1000 late=0 stale=0
load program=5 lines=8 mixed=0 avg=61.4% max=61.9% | input=0.6 predelay=0.7 taps=3.5 early=4.2 linemix=1.4 linedelay=3.6 linediff=32.7 linefilt=2.4 out=1.3 ctrl=0.1 param=0.0 clip=1.5 stage=8.4 wait=0.0 other=0.3 | mix=829 decay=956 tone=313 freeze=0 updates=125 overloads=0 blocks=1000/1000
controls pots=599 829 955 313 cv1=1(raw 999) cv2=1(raw 999)
staging copies=427 failures=0 stack_free=16604 mdma_lists=147454 mdma_errors=0 mdma_status=0x0 mdma_maxpolls=3873 list=385/391 us timed=1000 late=0 stale=0
load program=5 lines=8 mixed=0 avg=61.4% max=61.9% | input=0.6 predelay=0.7 taps=3.5 early=4.2 linemix=1.4 linedelay=3.6 linediff=32.7 linefilt=2.4 out=1.3 ctrl=0.1 param=0.0 clip=1.5 stage=8.4 wait=0.0 other=0.3 | mix=829 decay=956 tone=0 freeze=0 updates=258 overloads=0 blocks=1000/1000
controls pots=599 829 955 0 cv1=1(raw 999) cv2=1(raw 999)
staging copies=433 failures=0 stack_free=16604 mdma_lists=148454 mdma_errors=0 mdma_status=0x0 mdma_maxpolls=3873 list=385/392 us timed=1000 late=0 stale=0
load program=5 lines=8 mixed=0 avg=61.4% max=62.9% | input=0.6 predelay=0.7 taps=3.5 early=4.2 linemix=1.4 linedelay=3.6 linediff=32.7 linefilt=2.4 out=1.3 ctrl=0.1 param=0.0 clip=1.5 stage=8.4 wait=0.0 other=0.3 | mix=830 decay=882 tone=0 freeze=0 updates=61 overloads=0 blocks=1000/1000
controls pots=599 830 880 0 cv1=1(raw 999) cv2=1(raw 999)
staging copies=429 failures=0 stack_free=16604 mdma_lists=149454 mdma_errors=0 mdma_status=0x0 mdma_maxpolls=3873 list=385/392 us timed=1000 late=0 stale=58
load program=5 lines=8 mixed=0 avg=61.8% max=63.2% | input=0.6 predelay=0.7 taps=3.5 early=4.2 linemix=1.5 linedelay=3.6 linediff=32.7 linefilt=2.4 out=1.3 ctrl=0.1 param=0.3 clip=1.5 stage=8.4 wait=0.0 other=0.3 | mix=829 decay=535 tone=0 freeze=0 updates=284 overloads=0 blocks=1000/1000
controls pots=599 829 533 0 cv1=1(raw 999) cv2=1(raw 999)
staging copies=428 failures=0 stack_free=16604 mdma_lists=150454 mdma_errors=0 mdma_status=0x0 mdma_maxpolls=3873 list=386/392 us timed=1000 late=2 stale=285
load program=5 lines=8 mixed=0 avg=61.5% max=63.1% | input=0.6 predelay=0.7 taps=3.5 early=4.2 linemix=1.4 linedelay=3.6 linediff=32.7 linefilt=2.4 out=1.3 ctrl=0.1 param=0.1 clip=1.5 stage=8.4 wait=0.0 other=0.3 | mix=830 decay=448 tone=0 freeze=0 updates=79 overloads=0 blocks=1000/1000
controls pots=599 830 447 0 cv1=1(raw 999) cv2=1(raw 999)
staging copies=429 failures=0 stack_free=16604 mdma_lists=151454 mdma_errors=0 mdma_status=0x0 mdma_maxpolls=3873 list=385/392 us timed=1000 late=0 stale=79
load program=5 lines=8 mixed=0 avg=61.7% max=63.2% | input=0.6 predelay=0.7 taps=3.5 early=4.2 linemix=1.5 linedelay=3.6 linediff=32.7 linefilt=2.4 out=1.3 ctrl=0.1 param=0.2 clip=1.5 stage=8.4 wait=0.0 other=0.3 | mix=829 decay=198 tone=0 freeze=0 updates=215 overloads=0 blocks=1000/1000
controls pots=599 829 197 0 cv1=1(raw 999) cv2=1(raw 999)
staging copies=441 failures=0 stack_free=16604 mdma_lists=152454 mdma_errors=0 mdma_status=0x0 mdma_maxpolls=3873 list=386/392 us timed=1000 late=1 stale=213
load program=5 lines=8 mixed=0 avg=61.5% max=63.1% | input=0.6 predelay=0.7 taps=3.5 early=4.2 linemix=1.4 linedelay=3.6 linediff=32.7 linefilt=2.4 out=1.3 ctrl=0.1 param=0.1 clip=1.5 stage=8.4 wait=0.0 other=0.3 | mix=830 decay=59 tone=0 freeze=0 updates=122 overloads=0 blocks=1000/1000
controls pots=599 830 57 0 cv1=1(raw 999) cv2=1(raw 999)
staging copies=432 failures=0 stack_free=16604 mdma_lists=153454 mdma_errors=0 mdma_status=0x0 mdma_maxpolls=3873 list=385/392 us timed=1000 late=3 stale=122
load program=5 lines=8 mixed=0 avg=61.4% max=63.0% | input=0.6 predelay=0.7 taps=3.5 early=4.2 linemix=1.4 linedelay=3.6 linediff=32.7 linefilt=2.4 out=1.3 ctrl=0.1 param=0.0 clip=1.5 stage=8.4 wait=0.0 other=0.3 | mix=830 decay=1 tone=0 freeze=0 updates=46 overloads=0 blocks=1000/1000
controls pots=599 830 0 0 cv1=1(raw 999) cv2=1(raw 999)
staging copies=439 failures=0 stack_free=16604 mdma_lists=154454 mdma_errors=0 mdma_status=0x0 mdma_maxpolls=3873 list=385/392 us timed=1000 late=0 stale=46
load program=5 lines=8 mixed=0 avg=61.3% max=61.7% | input=0.6 predelay=0.7 taps=3.5 early=4.2 linemix=1.4 linedelay=3.6 linediff=32.7 linefilt=2.4 out=1.3 ctrl=0.1 param=0.0 clip=1.5 stage=8.4 wait=0.0 other=0.3 | mix=829 decay=1 tone=0 freeze=0 updates=0 overloads=0 blocks=1000/1000
controls pots=599 829 0 0 cv1=1(raw 999) cv2=1(raw 999)
staging copies=436 failures=0 stack_free=16604 mdma_lists=155454 mdma_errors=0 mdma_status=0x0 mdma_maxpolls=3873 list=385/391 us timed=1000 late=0 stale=0
load program=5 lines=8 mixed=0 avg=61.3% max=61.7% | input=0.6 predelay=0.7 taps=3.5 early=4.2 linemix=1.4 linedelay=3.6 linediff=32.7 linefilt=2.4 out=1.3 ctrl=0.1 param=0.0 clip=1.5 stage=8.4 wait=0.0 other=0.3 | mix=830 decay=1 tone=0 freeze=0 updates=0 overloads=0 blocks=1000/1000
controls pots=599 830 0 0 cv1=1(raw 999) cv2=1(raw 999)
staging copies=432 failures=0 stack_free=16604 mdma_lists=156454 mdma_errors=0 mdma_status=0x0 mdma_maxpolls=3873 list=385/391 us timed=1000 late=0 stale=0
load program=5 lines=8 mixed=0 avg=61.3% max=61.7% | input=0.6 predelay=0.7 taps=3.5 early=4.2 linemix=1.4 linedelay=3.6 linediff=32.7 linefilt=2.4 out=1.3 ctrl=0.1 param=0.0 clip=1.5 stage=8.4 wait=0.0 other=0.3 | mix=830 decay=1 tone=0 freeze=0 updates=0 overloads=0 blocks=1000/1000
controls pots=599 830 0 0 cv1=1(raw 999) cv2=1(raw 999)
staging copies=429 failures=0 stack_free=16604 mdma_lists=157454 mdma_errors=0 mdma_status=0x0 mdma_maxpolls=3873 list=385/392 us timed=1000 late=0 stale=0
load program=5 lines=8 mixed=0 avg=61.3% max=61.8% | input=0.6 predelay=0.7 taps=3.5 early=4.2 linemix=1.4 linedelay=3.6 linediff=32.7 linefilt=2.4 out=1.3 ctrl=0.1 param=0.0 clip=1.5 stage=8.4 wait=0.0 other=0.3 | mix=829 decay=1 tone=0 freeze=0 updates=0 overloads=0 blocks=1000/1000
controls pots=599 829 0 0 cv1=1(raw 999) cv2=1(raw 999)
staging copies=435 failures=0 stack_free=16604 mdma_lists=158454 mdma_errors=0 mdma_status=0x0 mdma_maxpolls=3873 list=385/390 us timed=1000 late=0 stale=0
load program=5 lines=8 mixed=0 avg=61.3% max=61.8% | input=0.6 predelay=0.7 taps=3.5 early=4.2 linemix=1.4 linedelay=3.6 linediff=32.7 linefilt=2.4 out=1.3 ctrl=0.1 param=0.0 clip=1.5 stage=8.4 wait=0.0 other=0.3 | mix=830 decay=1 tone=0 freeze=0 updates=0 overloads=0 blocks=1000/1000
controls pots=599 830 0 0 cv1=1(raw 999) cv2=1(raw 999)
staging copies=433 failures=0 stack_free=16604 mdma_lists=159454 mdma_errors=0 mdma_status=0x0 mdma_maxpolls=3873 list=385/391 us timed=1000 late=0 stale=0
load program=5 lines=8 mixed=0 avg=61.3% max=61.7% | input=0.6 predelay=0.7 taps=3.5 early=4.2 linemix=1.4 linedelay=3.6 linediff=32.7 linefilt=2.4 out=1.3 ctrl=0.1 param=0.0 clip=1.5 stage=8.4 wait=0.0 other=0.3 | mix=829 decay=2 tone=0 freeze=0 updates=0 overloads=0 blocks=1000/1000
controls pots=599 829 0 0 cv1=1(raw 999) cv2=1(raw 999)
staging copies=438 failures=0 stack_free=16604 mdma_lists=160454 mdma_errors=0 mdma_status=0x0 mdma_maxpolls=3873 list=385/391 us timed=1000 late=0 stale=0
load program=5 lines=8 mixed=0 avg=61.3% max=61.6% | input=0.6 predelay=0.7 taps=3.5 early=4.2 linemix=1.4 linedelay=3.6 linediff=32.7 linefilt=2.4 out=1.3 ctrl=0.1 param=0.0 clip=1.5 stage=8.4 wait=0.0 other=0.3 | mix=829 decay=1 tone=0 freeze=0 updates=0 overloads=0 blocks=1000/1000
controls pots=599 829 0 0 cv1=1(raw 999) cv2=1(raw 999)
staging copies=438 failures=0 stack_free=16604 mdma_lists=161454 mdma_errors=0 mdma_status=0x0 mdma_maxpolls=3873 list=385/391 us timed=1000 late=0 stale=0
load program=5 lines=8 mixed=0 avg=61.3% max=61.8% | input=0.6 predelay=0.7 taps=3.5 early=4.2 linemix=1.4 linedelay=3.6 linediff=32.7 linefilt=2.4 out=1.3 ctrl=0.1 param=0.0 clip=1.5 stage=8.4 wait=0.0 other=0.3 | mix=830 decay=1 tone=0 freeze=0 updates=0 overloads=0 blocks=1000/1000
controls pots=599 830 0 0 cv1=1(raw 999) cv2=1(raw 999)
staging copies=432 failures=0 stack_free=16604 mdma_lists=162454 mdma_errors=0 mdma_status=0x0 mdma_maxpolls=3873 list=385/391 us timed=1000 late=0 stale=0
load program=5 lines=8 mixed=1 avg=60.4% max=63.2% | input=0.5 predelay=0.7 taps=3.5 early=4.2 linemix=1.4 linedelay=3.6 linediff=32.7 linefilt=1.5 out=1.3 ctrl=0.1 param=0.1 clip=1.5 stage=8.4 wait=0.0 other=0.3 | mix=830 decay=958 tone=0 freeze=1 updates=115 overloads=0 blocks=1000/1000
controls pots=599 830 0 0 cv1=958(raw 42) cv2=958(raw 42)
staging copies=427 failures=0 stack_free=16604 mdma_lists=163454 mdma_errors=0 mdma_status=0x0 mdma_maxpolls=3873 list=385/402 us timed=1000 late=0 stale=10
load program=5 lines=8 mixed=0 avg=58.7% max=60.0% | input=0.2 predelay=0.7 taps=3.6 early=4.2 linemix=1.4 linedelay=3.6 linediff=32.7 linefilt=0.0 out=1.3 ctrl=0.1 param=0.0 clip=1.5 stage=8.4 wait=0.0 other=0.3 | mix=830 decay=985 tone=0 freeze=1 updates=25 overloads=0 blocks=1000/1000
controls pots=599 830 0 0 cv1=985(raw 15) cv2=984(raw 16)
staging copies=431 failures=0 stack_free=16604 mdma_lists=164454 mdma_errors=0 mdma_status=0x0 mdma_maxpolls=3873 list=385/391 us timed=1000 late=0 stale=0
load program=5 lines=8 mixed=0 avg=58.7% max=60.1% | input=0.2 predelay=0.7 taps=3.6 early=4.2 linemix=1.4 linedelay=3.6 linediff=32.7 linefilt=0.0 out=1.3 ctrl=0.1 param=0.0 clip=1.5 stage=8.4 wait=0.0 other=0.3 | mix=829 decay=995 tone=0 freeze=1 updates=9 overloads=0 blocks=1000/1000
controls pots=599 829 0 0 cv1=994(raw 6) cv2=994(raw 6)
staging copies=436 failures=0 stack_free=16604 mdma_lists=165454 mdma_errors=0 mdma_status=0x0 mdma_maxpolls=3873 list=385/391 us timed=1000 late=0 stale=0
load program=5 lines=8 mixed=0 avg=58.7% max=60.0% | input=0.2 predelay=0.7 taps=3.6 early=4.2 linemix=1.4 linedelay=3.6 linediff=32.7 linefilt=0.0 out=1.3 ctrl=0.1 param=0.0 clip=1.5 stage=8.4 wait=0.0 other=0.3 | mix=830 decay=998 tone=0 freeze=1 updates=3 overloads=0 blocks=1000/1000
controls pots=599 830 0 0 cv1=997(raw 2) cv2=997(raw 3)
staging copies=430 failures=0 stack_free=16604 mdma_lists=166454 mdma_errors=0 mdma_status=0x0 mdma_maxpolls=3873 list=385/391 us timed=1000 late=0 stale=0
load program=5 lines=8 mixed=0 avg=58.7% max=60.0% | input=0.2 predelay=0.7 taps=3.6 early=4.2 linemix=1.4 linedelay=3.6 linediff=32.7 linefilt=0.0 out=1.3 ctrl=0.1 param=0.0 clip=1.5 stage=8.4 wait=0.0 other=0.3 | mix=830 decay=999 tone=0 freeze=1 updates=1 overloads=0 blocks=1000/1000
controls pots=599 830 0 0 cv1=999(raw 1) cv2=998(raw 2)
staging copies=440 failures=0 stack_free=16604 mdma_lists=167454 mdma_errors=0 mdma_status=0x0 mdma_maxpolls=3873 list=385/391 us timed=1000 late=0 stale=0
load program=5 lines=8 mixed=0 avg=58.7% max=59.1% | input=0.2 predelay=0.7 taps=3.6 early=4.2 linemix=1.4 linedelay=3.6 linediff=32.7 linefilt=0.0 out=1.3 ctrl=0.1 param=0.0 clip=1.5 stage=8.4 wait=0.0 other=0.3 | mix=830 decay=999 tone=0 freeze=1 updates=0 overloads=0 blocks=1000/1000
controls pots=599 830 0 0 cv1=999(raw 1) cv2=998(raw 2)
staging copies=429 failures=0 stack_free=16604 mdma_lists=168454 mdma_errors=0 mdma_status=0x0 mdma_maxpolls=3873 list=385/392 us timed=1000 late=0 stale=0
load program=5 lines=8 mixed=0 avg=58.7% max=59.8% | input=0.2 predelay=0.7 taps=3.6 early=4.2 linemix=1.4 linedelay=3.6 linediff=32.7 linefilt=0.0 out=1.3 ctrl=0.1 param=0.0 clip=1.5 stage=8.4 wait=0.0 other=0.3 | mix=830 decay=999 tone=0 freeze=1 updates=1 overloads=0 blocks=1000/1000
controls pots=599 830 0 0 cv1=999(raw 1) cv2=998(raw 2)
staging copies=436 failures=0 stack_free=16604 mdma_lists=169454 mdma_errors=0 mdma_status=0x0 mdma_maxpolls=3873 list=385/391 us timed=1000 late=0 stale=0
load program=5 lines=8 mixed=0 avg=58.7% max=59.2% | input=0.2 predelay=0.7 taps=3.6 early=4.2 linemix=1.4 linedelay=3.6 linediff=32.7 linefilt=0.0 out=1.3 ctrl=0.1 param=0.0 clip=1.5 stage=8.4 wait=0.0 other=0.3 | mix=830 decay=999 tone=0 freeze=1 updates=0 overloads=0 blocks=1000/1000
controls pots=599 830 0 0 cv1=999(raw 1) cv2=998(raw 2)
staging copies=431 failures=0 stack_free=16604 mdma_lists=170454 mdma_errors=0 mdma_status=0x0 mdma_maxpolls=3873 list=385/390 us timed=1000 late=0 stale=0
load program=5 lines=8 mixed=0 avg=58.7% max=59.2% | input=0.2 predelay=0.7 taps=3.6 early=4.2 linemix=1.4 linedelay=3.6 linediff=32.7 linefilt=0.0 out=1.3 ctrl=0.1 param=0.0 clip=1.5 stage=8.4 wait=0.0 other=0.3 | mix=830 decay=999 tone=0 freeze=1 updates=0 overloads=0 blocks=1000/1000
controls pots=599 830 0 0 cv1=999(raw 1) cv2=999(raw 1)
staging copies=431 failures=0 stack_free=16604 mdma_lists=171454 mdma_errors=0 mdma_status=0x0 mdma_maxpolls=3873 list=385/391 us timed=1000 late=0 stale=0
load program=5 lines=8 mixed=0 avg=58.7% max=59.1% | input=0.2 predelay=0.7 taps=3.6 early=4.2 linemix=1.4 linedelay=3.6 linediff=32.7 linefilt=0.0 out=1.3 ctrl=0.1 param=0.0 clip=1.5 stage=8.4 wait=0.0 other=0.3 | mix=830 decay=999 tone=0 freeze=1 updates=0 overloads=0 blocks=1000/1000
controls pots=599 830 0 0 cv1=999(raw 1) cv2=999(raw 1)
staging copies=441 failures=0 stack_free=16604 mdma_lists=172454 mdma_errors=0 mdma_status=0x0 mdma_maxpolls=3873 list=385/391 us timed=1000 late=0 stale=0
load program=5 lines=8 mixed=0 avg=58.7% max=59.1% | input=0.2 predelay=0.7 taps=3.6 early=4.2 linemix=1.4 linedelay=3.6 linediff=32.7 linefilt=0.0 out=1.3 ctrl=0.1 param=0.0 clip=1.5 stage=8.4 wait=0.0 other=0.3 | mix=830 decay=999 tone=0 freeze=1 updates=0 overloads=0 blocks=1000/1000
controls pots=599 830 0 0 cv1=999(raw 1) cv2=999(raw 1)
staging copies=435 failures=0 stack_free=16604 mdma_lists=173454 mdma_errors=0 mdma_status=0x0 mdma_maxpolls=3873 list=385/391 us timed=1000 late=0 stale=0
load program=5 lines=8 mixed=0 avg=58.7% max=59.0% | input=0.2 predelay=0.7 taps=3.6 early=4.2 linemix=1.4 linedelay=3.6 linediff=32.7 linefilt=0.0 out=1.3 ctrl=0.1 param=0.0 clip=1.5 stage=8.4 wait=0.0 other=0.3 | mix=830 decay=999 tone=0 freeze=1 updates=0 overloads=0 blocks=1000/1000
controls pots=599 830 0 0 cv1=999(raw 1) cv2=999(raw 1)
staging copies=429 failures=0 stack_free=16604 mdma_lists=174454 mdma_errors=0 mdma_status=0x0 mdma_maxpolls=3873 list=385/392 us timed=1000 late=0 stale=0
load program=5 lines=8 mixed=0 avg=58.7% max=59.1% | input=0.2 predelay=0.7 taps=3.6 early=4.2 linemix=1.4 linedelay=3.6 linediff=32.7 linefilt=0.0 out=1.3 ctrl=0.1 param=0.0 clip=1.5 stage=8.4 wait=0.0 other=0.3 | mix=830 decay=999 tone=0 freeze=1 updates=1 overloads=0 blocks=1000/1000
controls pots=599 830 0 0 cv1=999(raw 1) cv2=998(raw 2)
staging copies=425 failures=0 stack_free=16604 mdma_lists=175454 mdma_errors=0 mdma_status=0x0 mdma_maxpolls=3873 list=385/392 us timed=1000 late=0 stale=0
load program=5 lines=8 mixed=0 avg=58.7% max=59.1% | input=0.2 predelay=0.7 taps=3.6 early=4.2 linemix=1.4 linedelay=3.6 linediff=32.7 linefilt=0.0 out=1.3 ctrl=0.1 param=0.0 clip=1.5 stage=8.4 wait=0.0 other=0.3 | mix=830 decay=999 tone=0 freeze=1 updates=0 overloads=0 blocks=1000/1000
controls pots=599 830 0 0 cv1=999(raw 1) cv2=999(raw 1)
staging copies=446 failures=0 stack_free=16604 mdma_lists=176454 mdma_errors=0 mdma_status=0x0 mdma_maxpolls=3873 list=385/390 us timed=1000 late=0 stale=0
load program=5 lines=8 mixed=0 avg=58.7% max=59.2% | input=0.2 predelay=0.7 taps=3.6 early=4.2 linemix=1.4 linedelay=3.6 linediff=32.7 linefilt=0.0 out=1.3 ctrl=0.1 param=0.0 clip=1.5 stage=8.4 wait=0.0 other=0.3 | mix=829 decay=999 tone=0 freeze=1 updates=0 overloads=0 blocks=1000/1000
controls pots=599 829 0 0 cv1=999(raw 1) cv2=999(raw 1)
staging copies=429 failures=0 stack_free=16604 mdma_lists=177454 mdma_errors=0 mdma_status=0x0 mdma_maxpolls=3873 list=385/391 us timed=1000 late=0 stale=0
load program=5 lines=8 mixed=0 avg=58.7% max=59.1% | input=0.2 predelay=0.7 taps=3.6 early=4.2 linemix=1.4 linedelay=3.6 linediff=32.7 linefilt=0.0 out=1.3 ctrl=0.1 param=0.0 clip=1.5 stage=8.4 wait=0.0 other=0.3 | mix=829 decay=999 tone=0 freeze=1 updates=0 overloads=0 blocks=1000/1000
controls pots=599 829 0 0 cv1=999(raw 1) cv2=998(raw 1)
staging copies=435 failures=0 stack_free=16604 mdma_lists=178454 mdma_errors=0 mdma_status=0x0 mdma_maxpolls=3873 list=385/391 us timed=1000 late=0 stale=0
