 input=0.2 predelay=0.7 taps=1.8 early=2.3 linemix=0.5 linedelay=1.0 linediff=4.6 linefilt=0.0 out=0.8 ctrl=0.1 param=0.0 clip$$ input=0.6 predelay=0.7 taps=1.8 early=2.3 linemix=0.5 linedelay=1.0 linediff=4.6 linefilt=0.9 out=0.8 ctrl=0.1 param=0.0 clip=1.5 stage=2.6 wait=0.0 other=0.2 | mix=468 decay=432 tone=576 freeze=0 updates=0 overloads=0 blocks=1000/1000
controls pots=0 468 430 576 cv1=1(raw 999) cv2=1(raw 999)
staging copies=126 failures=0 stack_free=17728 mdma_lists=18001 mdma_errors=0 mdma_status=0x0 mdma_maxpolls=604 list=98/98 us timed=1000 late=0 stale=0
load program=0 lines=3 mixed=0 avg=18.2% max=18.5% | input=0.6 predelay=0.7 taps=1.8 early=2.3 linemix=0.5 linedelay=1.0 linediff=4.6 linefilt=0.9 out=0.8 ctrl=0.1 param=0.0 clip=1.5 stage=2.6 wait=0.0 other=0.2 | mix=468 decay=432 tone=576 freeze=0 updates=0 overloads=0 blocks=1000/1000
controls pots=0 468 430 576 cv1=1(raw 999) cv2=1(raw 999)
staging copies=126 failures=0 stack_free=17728 mdma_lists=19001 mdma_errors=0 mdma_status=0x0 mdma_maxpolls=604 list=98/98 us timed=1000 late=0 stale=0
load program=0 lines=3 mixed=0 avg=18.2% max=18.5% | input=0.6 predelay=0.7 taps=1.8 early=2.3 linemix=0.5 linedelay=1.0 linediff=4.6 linefilt=0.9 out=0.8 ctrl=0.1 param=0.0 clip=1.5 stage=2.6 wait=0.0 other=0.2 | mix=468 decay=432 tone=576 freeze=0 updates=0 overloads=0 blocks=1000/1000
controls pots=0 468 430 576 cv1=1(raw 999) cv2=1(raw 999)
staging copies=128 failures=0 stack_free=17728 mdma_lists=20001 mdma_errors=0 mdma_status=0x0 mdma_maxpolls=604 list=98/98 us timed=1000 late=0 stale=0
load program=0 lines=3 mixed=0 avg=18.2% max=18.5% | input=0.6 predelay=0.7 taps=1.8 early=2.3 linemix=0.5 linedelay=1.0 linediff=4.6 linefilt=0.9 out=0.8 ctrl=0.1 param=0.0 clip=1.5 stage=2.6 wait=0.0 other=0.2 | mix=468 decay=431 tone=576 freeze=0 updates=0 overloads=0 blocks=1000/1000
controls pots=0 468 430 576 cv1=1(raw 999) cv2=1(raw 999)
staging copies=126 failures=0 stack_free=17728 mdma_lists=21001 mdma_errors=0 mdma_status=0x0 mdma_maxpolls=604 list=98/98 us timed=1000 late=0 stale=0
load program=0 lines=3 mixed=0 avg=18.4% max=19.6% | input=0.6 predelay=0.7 taps=1.8 early=2.3 linemix=0.5 linedelay=1.0 linediff=4.6 linefilt=0.9 out=0.8 ctrl=0.1 param=0.2 clip=1.5 stage=2.6 wait=0.0 other=0.2 | mix=468 decay=669 tone=576 freeze=0 updates=178 overloads=0 blocks=1000/1000
controls pots=0 468 668 576 cv1=1(raw 999) cv2=1(raw 999)
staging copies=128 failures=0 stack_free=17728 mdma_lists=22001 mdma_errors=0 mdma_status=0x0 mdma_maxpolls=604 list=98/98 us timed=1000 late=0 stale=0
load program=0 lines=3 mixed=0 avg=18.4% max=19.7% | input=0.6 predelay=0.7 taps=1.8 early=2.3 linemix=0.5 linedelay=1.0 linediff=4.6 linefilt=0.9 out=0.8 ctrl=0.1 param=0.2 clip=1.5 stage=2.6 wait=0.0 other=0.2 | mix=468 decay=891 tone=576 freeze=0 updates=175 overloads=0 blocks=1000/1000
controls pots=0 468 890 576 cv1=1(raw 999) cv2=1(raw 999)
staging copies=133 failures=0 stack_free=17728 mdma_lists=23001 mdma_errors=0 mdma_status=0x0 mdma_maxpolls=604 list=98/98 us timed=1000 late=0 stale=0
load program=0 lines=3 mixed=0 avg=18.3% max=19.7% | input=0.6 predelay=0.7 taps=1.8 early=2.3 linemix=0.5 linedelay=1.0 linediff=4.6 linefilt=0.9 out=0.8 ctrl=0.1 param=0.1 clip=1.5 stage=2.6 wait=0.0 other=0.2 | mix=468 decay=1000 tone=576 freeze=0 updates=84 overloads=0 blocks=1000/1000
controls pots=0 468 1000 576 cv1=1(raw 999) cv2=1(raw 999)
staging copies=126 failures=0 stack_free=17728 mdma_lists=24001 mdma_errors=0 mdma_status=0x0 mdma_maxpolls=604 list=98/98 us timed=1000 late=0 stale=0
load program=0 lines=3 mixed=0 avg=18.3% max=18.7% | input=0.6 predelay=0.7 taps=1.8 early=2.3 linemix=0.5 linedelay=1.0 linediff=4.6 linefilt=0.9 out=0.8 ctrl=0.1 param=0.0 clip=1.5 stage=2.6 wait=0.0 other=0.2 | mix=468 decay=1000 tone=792 freeze=0 updates=167 overloads=0 blocks=1000/1000
controls pots=0 468 1000 792 cv1=1(raw 999) cv2=1(raw 999)
staging copies=127 failures=0 stack_free=17728 mdma_lists=25001 mdma_errors=0 mdma_status=0x0 mdma_maxpolls=604 list=98/98 us timed=1000 late=0 stale=0
load program=0 lines=3 mixed=0 avg=18.3% max=18.7% | input=0.6 predelay=0.7 taps=1.8 early=2.3 linemix=0.5 linedelay=1.0 linediff=4.6 linefilt=0.9 out=0.8 ctrl=0.1 param=0.0 clip=1.5 stage=2.6 wait=0.0 other=0.2 | mix=468 decay=1000 tone=1000 freeze=0 updates=156 overloads=0 blocks=1000/1000
controls pots=0 468 1000 1000 cv1=1(raw 999) cv2=1(raw 999)
staging copies=128 failures=0 stack_free=17728 mdma_lists=26001 mdma_errors=0 mdma_status=0x0 mdma_maxpolls=604 list=98/98 us timed=1000 late=0 stale=0
load program=0 lines=3 mixed=0 avg=18.2% max=18.6% | input=0.6 predelay=0.7 taps=1.8 early=2.3 linemix=0.5 linedelay=1.0 linediff=4.6 linefilt=0.9 out=0.8 ctrl=0.1 param=0.0 clip=1.5 stage=2.6 wait=0.0 other=0.2 | mix=468 decay=1000 tone=1000 freeze=0 updates=0 overloads=0 blocks=1000/1000
controls pots=0 468 1000 1000 cv1=1(raw 999) cv2=1(raw 999)
staging copies=126 failures=0 stack_free=17728 mdma_lists=27001 mdma_errors=0 mdma_status=0x0 mdma_maxpolls=604 list=98/98 us timed=1000 late=0 stale=0
load program=0 lines=3 mixed=0 avg=18.3% max=18.7% | input=0.6 predelay=0.7 taps=1.8 early=2.3 linemix=0.5 linedelay=1.0 linediff=4.6 linefilt=0.9 out=0.8 ctrl=0.1 param=0.1 clip=1.5 stage=2.6 wait=0.0 other=0.2 | mix=468 decay=1000 tone=611 freeze=0 updates=301 overloads=0 blocks=1000/1000
controls pots=0 468 1000 611 cv1=1(raw 999) cv2=1(raw 999)
staging copies=128 failures=0 stack_free=17728 mdma_lists=28001 mdma_errors=0 mdma_status=0x0 mdma_maxpolls=604 list=98/99 us timed=1000 late=0 stale=0
load program=0 lines=3 mixed=0 avg=18.4% max=19.6% | input=0.6 predelay=0.7 taps=1.8 early=2.3 linemix=0.5 linedelay=1.0 linediff=4.6 linefilt=0.9 out=0.8 ctrl=0.1 param=0.1 clip=1.5 stage=2.6 wait=0.0 other=0.2 | mix=468 decay=856 tone=611 freeze=0 updates=108 overloads=0 blocks=1000/1000
controls pots=0 468 855 611 cv1=1(raw 999) cv2=1(raw 999)
staging copies=128 failures=0 stack_free=17728 mdma_lists=29001 mdma_errors=0 mdma_status=0x0 mdma_maxpolls=604 list=98/98 us timed=1000 late=0 stale=0
load program=0 lines=3 mixed=0 avg=18.2% max=18.5% | input=0.6 predelay=0.7 taps=1.8 early=2.3 linemix=0.5 linedelay=1.0 linediff=4.6 linefilt=0.9 out=0.8 ctrl=0.1 param=0.0 clip=1.5 stage=2.6 wait=0.0 other=0.2 | mix=247 decay=856 tone=611 freeze=0 updates=0 overloads=0 blocks=1000/1000
controls pots=0 247 855 611 cv1=1(raw 999) cv2=1(raw 999)
staging copies=134 failures=0 stack_free=17728 mdma_lists=30001 mdma_errors=0 mdma_status=0x0 mdma_maxpolls=604 list=98/99 us timed=1000 late=0 stale=0
load program=0 lines=3 mixed=0 avg=18.2% max=18.5% | input=0.6 predelay=0.7 taps=1.8 early=2.3 linemix=0.5 linedelay=1.0 linediff=4.6 linefilt=0.9 out=0.8 ctrl=0.1 param=0.0 clip=1.5 stage=2.6 wait=0.0 other=0.2 | mix=224 decay=856 tone=611 freeze=0 updates=0 overloads=0 blocks=1000/1000
controls pots=0 224 855 611 cv1=1(raw 999) cv2=1(raw 999)
staging copies=129 failures=0 stack_free=17728 mdma_lists=31001 mdma_errors=0 mdma_status=0x0 mdma_maxpolls=604 list=98/99 us timed=1000 late=0 stale=0
load program=0 lines=3 mixed=0 avg=18.2% max=18.5% | input=0.6 predelay=0.7 taps=1.8 early=2.3 linemix=0.5 linedelay=1.0 linediff=4.6 linefilt=0.9 out=0.8 ctrl=0.1 param=0.0 clip=1.5 stage=2.6 wait=0.0 other=0.2 | mix=224 decay=856 tone=611 freeze=0 updates=0 overloads=0 blocks=1000/1000
controls pots=49 224 855 611 cv1=1(raw 999) cv2=1(raw 999)
staging copies=126 failures=0 stack_free=17728 mdma_lists=32001 mdma_errors=0 mdma_status=0x0 mdma_maxpolls=604 list=98/98 us timed=1000 late=0 stale=0
program 1 "Medium Space" lines=3 limit=3 early=7 late=5 taps=26 predelay=0 image=7b298668
  mod=eld interp=1 filters=-lL-c latetap=1 streams=83 sdram=0 placed=416+0KB unplaced=0 clock=480MHz
  staging=mdma sets=1 staged=52 unstaged=2 taps=50 copies<=252 tcm=30/87KB itcm=ok
load program=0 lines=3 mixed=1 avg=19.2% max=24.1% | input=0.6 predelay=0.7 taps=1.8 early=2.3 linemix=0.5 linedelay=1.0 linediff=4.7 linefilt=1.1 out=0.7 ctrl=0.1 param=0.0 clip=1.4 stage=2.6 wait=0.0 other=0.2 | mix=224 decay=856 tone=611 freeze=0 updates=2 overloads=0 blocks=960/1000
controls pots=170 224 855 611 cv1=1(raw 999) cv2=1(raw 999)
staging copies=157 failures=0 stack_free=17712 mdma_lists=32962 mdma_errors=0 mdma_status=0x0 mdma_maxpolls=791 list=103/118 us timed=961 late=2 stale=0
load program=1 lines=3 mixed=0 avg=21.5% max=21.9% | input=0.6 predelay=0.7 taps=2.2 early=2.7 linemix=0.5 linedelay=1.0 linediff=5.7 linefilt=1.8 out=0.8 ctrl=0.1 param=0.0 clip=1.5 stage=3.1 wait=0.0 other=0.3 | mix=366 decay=856 tone=611 freeze=0 updates=0 overloads=0 blocks=1000/1000
controls pots=170 366 855 611 cv1=1(raw 999) cv2=1(raw 999)
staging copies=154 failures=0 stack_free=17712 mdma_lists=33962 mdma_errors=0 mdma_status=0x0 mdma_maxpolls=791 list=118/119 us timed=1000 late=0 stale=0
load program=1 lines=3 mixed=0 avg=21.5% max=21.8% | input=0.6 predelay=0.7 taps=2.2 early=2.7 linemix=0.5 linedelay=1.0 linediff=5.7 linefilt=1.8 out=0.8 ctrl=0.1 param=0.0 clip=1.5 stage=3.1 wait=0.0 other=0.3 | mix=684 decay=856 tone=611 freeze=0 updates=0 overloads=0 blocks=1000/1000
controls pots=170 684 855 611 cv1=1(raw 999) cv2=1(raw 999)
staging copies=152 failures=0 stack_free=17712 mdma_lists=34962 mdma_errors=0 mdma_status=0x0 mdma_maxpolls=791 list=118/118 us timed=1000 late=0 stale=0
load program=1 lines=3 mixed=0 avg=21.6% max=21.9% | input=0.6 predelay=0.7 taps=2.2 early=2.7 linemix=0.5 linedelay=1.0 linediff=5.7 linefilt=1.8 out=0.8 ctrl=0.1 param=0.0 clip=1.5 stage=3.1 wait=0.0 other=0.3 | mix=1000 decay=856 tone=611 freeze=0 updates=0 overloads=0 blocks=1000/1000
controls pots=170 1000 855 611 cv1=1(raw 999) cv2=1(raw 999)
staging copies=163 failures=0 stack_free=17712 mdma_lists=35962 mdma_errors=0 mdma_status=0x0 mdma_maxpolls=791 list=118/118 us timed=1000 late=0 stale=0
load program=1 lines=3 mixed=0 avg=21.6% max=21.9% | input=0.6 predelay=0.7 taps=2.2 early=2.7 linemix=0.5 linedelay=1.0 linediff=5.7 linefilt=1.8 out=0.8 ctrl=0.1 param=0.0 clip=1.5 stage=3.1 wait=0.0 other=0.3 | mix=1000 decay=856 tone=611 freeze=0 updates=0 overloads=0 blocks=1000/1000
controls pots=170 1000 855 611 cv1=1(raw 999) cv2=1(raw 999)
staging copies=155 failures=0 stack_free=17712 mdma_lists=36962 mdma_errors=0 mdma_status=0x0 mdma_maxpolls=791 list=118/119 us timed=1000 late=0 stale=0
load program=1 lines=3 mixed=0 avg=21.7% max=22.9% | input=0.6 predelay=0.7 taps=2.2 early=2.7 linemix=0.5 linedelay=1.0 linediff=5.7 linefilt=1.8 out=0.8 ctrl=0.1 param=0.1 clip=1.5 stage=3.1 wait=0.0 other=0.3 | mix=1000 decay=1000 tone=611 freeze=0 updates=124 overloads=0 blocks=1000/1000
controls pots=170 1000 1000 611 cv1=1(raw 999) cv2=1(raw 999)
staging copies=156 failures=0 stack_free=17712 mdma_lists=37962 mdma_errors=0 mdma_status=0x0 mdma_maxpolls=791 list=118/118 us timed=1000 late=0 stale=0
load program=1 lines=3 mixed=0 avg=21.6% max=21.9% | input=0.6 predelay=0.7 taps=2.2 early=2.7 linemix=0.5 linedelay=1.0 linediff=5.7 linefilt=1.8 out=0.8 ctrl=0.1 param=0.0 clip=1.5 stage=3.1 wait=0.0 other=0.3 | mix=1000 decay=1000 tone=611 freeze=0 updates=0 overloads=0 blocks=1000/1000
controls pots=170 1000 1000 611 cv1=1(raw 999) cv2=1(raw 999)
staging copies=160 failures=0 stack_free=17712 mdma_lists=38962 mdma_errors=0 mdma_status=0x0 mdma_maxpolls=791 list=118/118 us timed=1000 late=0 stale=0
load program=1 lines=3 mixed=0 avg=21.6% max=22.0% | input=0.6 predelay=0.7 taps=2.2 early=2.7 linemix=0.5 linedelay=1.0 linediff=5.7 linefilt=1.8 out=0.8 ctrl=0.1 param=0.0 clip=1.5 stage=3.1 wait=0.0 other=0.3 | mix=1000 decay=1000 tone=820 freeze=0 updates=146 overloads=0 blocks=1000/1000
controls pots=170 1000 1000 820 cv1=1(raw 999) cv2=1(raw 999)
staging copies=157 failures=0 stack_free=17712 mdma_lists=39962 mdma_errors=0 mdma_status=0x0 mdma_maxpolls=791 list=118/118 us timed=1000 late=0 stale=0
load program=1 lines=3 mixed=0 avg=21.6% max=22.0% | input=0.6 predelay=0.7 taps=2.2 early=2.7 linemix=0.5 linedelay=1.0 linediff=5.7 linefilt=1.8 out=0.8 ctrl=0.1 param=0.0 clip=1.5 stage=3.1 wait=0.0 other=0.3 | mix=1000 decay=1000 tone=1000 freeze=0 updates=145 overloads=0 blocks=1000/1000
controls pots=170 1000 1000 1000 cv1=1(raw 999) cv2=1(raw 999)
staging copies=154 failures=0 stack_free=17712 mdma_lists=40962 mdma_errors=0 mdma_status=0x0 mdma_maxpolls=791 list=118/118 us timed=1000 late=0 stale=0
load program=1 lines=3 mixed=0 avg=21.6% max=22.0% | input=0.6 predelay=0.7 taps=2.2 early=2.7 linemix=0.5 linedelay=1.0 linediff=5.7 linefilt=1.8 out=0.8 ctrl=0.1 param=0.0 clip=1.5 stage=3.1 wait=0.0 other=0.3 | mix=1000 decay=1000 tone=643 freeze=0 updates=272 overloads=0 blocks=1000/1000
controls pots=170 1000 1000 643 cv1=1(raw 999) cv2=1(raw 999)
staging copies=158 failures=0 stack_free=17712 mdma_lists=41962 mdma_errors=0 mdma_status=0x0 mdma_maxpolls=791 list=118/118 us timed=1000 late=0 stale=0
load program=1 lines=3 mixed=0 avg=21.7% max=22.9% | input=0.6 predelay=0.7 taps=2.2 early=2.7 linemix=0.5 linedelay=1.0 linediff=5.7 linefilt=1.8 out=0.8 ctrl=0.1 param=0.1 clip=1.5 stage=3.1 wait=0.0 other=0.3 | mix=1000 decay=863 tone=464 freeze=0 updates=232 overloads=0 blocks=1000/1000
controls pots=170 1000 862 464 cv1=1(raw 999) cv2=1(raw 999)
staging copies=152 failures=0 stack_free=17712 mdma_lists=42962 mdma_errors=0 mdma_status=0x0 mdma_maxpolls=791 list=118/118 us timed=1000 late=0 stale=0
load program=1 lines=3 mixed=0 avg=21.6% max=23.2% | input=0.6 predelay=0.7 taps=2.2 early=2.7 linemix=0.5 linedelay=1.0 linediff=5.7 linefilt=1.8 out=0.8 ctrl=0.1 param=0.0 clip=1.5 stage=3.1 wait=0.0 other=0.3 | mix=1000 decay=783 tone=464 freeze=0 updates=61 overloads=0 blocks=1000/1000
controls pots=171 1000 782 464 cv1=1(raw 999) cv2=1(raw 999)
staging copies=156 failures=0 stack_free=17712 mdma_lists=43962 mdma_errors=0 mdma_status=0x0 mdma_maxpolls=791 list=118/118 us timed=1000 late=0 stale=0
program 2 "Noise in the Hallway" lines=8 limit=8 early=3 late=1 taps=1 predelay=0 image=7b298668
  mod=--- interp=1 filters=-l-Hc latetap=0 streams=51 sdram=0 placed=402+93KB unplaced=0 clock=480MHz
  staging=mdma sets=1 staged=40 unstaged=2 taps=0 copies<=116 tcm=15/87KB itcm=ok
load program=1 lines=3 mixed=1 avg=19.4% max=21.9% | input=0.6 predelay=0.7 taps=1.3 early=1.5 linemix=1.0 linedelay=1.9 linediff=3.3 linefilt=2.9 out=1.0 ctrl=0.1 param=0.0 clip=1.4 stage=2.3 wait=0.0 other=0.3 | mix=1000 decay=783 tone=464 freeze=0 updates=2 overloads=0 blocks=968/1000
controls pots=309 1000 782 464 cv1=1(raw 999) cv2=1(raw 999)
staging copies=78 failures=0 stack_free=17696 mdma_lists=44931 mdma_errors=0 mdma_status=0x0 mdma_maxpolls=791 list=89/118 us timed=969 late=1 stale=0
load program=2 lines=8 mixed=0 avg=17.4% max=17.7% | input=0.6 predelay=0.7 taps=0.6 early=0.5 linemix=1.4 linedelay=2.7 linediff=1.4 linefilt=4.0 out=1.3 ctrl=0.1 param=0.0 clip=1.5 stage=1.7 wait=0.0 other=0.3 | mix=993 decay=783 tone=464 freeze=0 updates=0 overloads=0 blocks=1000/1000
controls pots=309 993 782 464 cv1=1(raw 999) cv2=1(raw 999)
staging copies=79 failures=0 stack_free=17696 mdma_lists=45931 mdma_errors=0 mdma_status=0x0 mdma_maxpolls=791 list=64/64 us timed=1000 late=0 stale=0
load program=2 lines=8 mixed=0 avg=17.4% max=17.6% | input=0.6 predelay=0.7 taps=0.6 early=0.5 linemix=1.4 linedelay=2.7 linediff=1.4 linefilt=4.0 out=1.3 ctrl=0.1 param=0.0 clip=1.5 stage=1.7 wait=0.0 other=0.3 | mix=713 decay=783 tone=464 freeze=0 updates=0 overloads=0 blocks=1000/1000
controls pots=309 713 782 464 cv1=1(raw 999) cv2=1(raw 999)
staging copies=78 failures=0 stack_free=17696 mdma_lists=46931 mdma_errors=0 mdma_status=0x0 mdma_maxpolls=791 list=64/64 us timed=1000 late=0 stale=0
load program=2 lines=8 mixed=0 avg=17.5% max=17.8% | input=0.6 predelay=0.7 taps=0.6 early=0.5 linemix=1.4 linedelay=2.7 linediff=1.4 linefilt=4.0 out=1.3 ctrl=0.1 param=0.0 clip=1.5 stage=1.7 wait=0.0 other=0.3 | mix=713 decay=783 tone=629 freeze=0 updates=144 overloads=0 blocks=1000/1000
controls pots=309 713 782 629 cv1=1(raw 999) cv2=1(raw 999)
staging copies=79 failures=0 stack_free=17696 mdma_lists=47931 mdma_errors=0 mdma_status=0x0 mdma_maxpolls=791 list=64/64 us timed=1000 late=0 stale=0
load program=2 lines=8 mixed=0 avg=17.5% max=18.0% | input=0.6 predelay=0.7 taps=0.6 early=0.5 linemix=1.4 linedelay=2.7 linediff=1.4 linefilt=4.0 out=1.3 ctrl=0.1 param=0.0 clip=1.5 stage=1.7 wait=0.0 other=0.3 | mix=713 decay=783 tone=598 freeze=0 updates=162 overloads=0 blocks=1000/1000
controls pots=309 713 782 598 cv1=1(raw 999) cv2=1(raw 999)
staging copies=80 failures=0 stack_free=17696 mdma_lists=48931 mdma_errors=0 mdma_status=0x0 mdma_maxpolls=791 list=64/64 us timed=1000 late=0 stale=0
load program=2 lines=8 mixed=0 avg=17.6% max=18.9% | input=0.6 predelay=0.7 taps=0.6 early=0.5 linemix=1.4 linedelay=2.7 linediff=1.4 linefilt=4.0 out=1.3 ctrl=0.1 param=0.1 clip=1.5 stage=1.7 wait=0.0 other=0.3 | mix=713 decay=1000 tone=598 freeze=0 updates=163 overloads=0 blocks=1000/1000
controls pots=309 713 1000 598 cv1=1(raw 999) cv2=1(raw 999)
staging copies=79 failures=0 stack_free=17696 mdma_lists=49931 mdma_errors=0 mdma_status=0x0 mdma_maxpolls=791 list=64/64 us timed=1000 late=0 stale=0
load program=2 lines=8 mixed=0 avg=17.7% max=18.9% | input=0.6 predelay=0.7 taps=0.6 early=0.5 linemix=1.5 linedelay=2.7 linediff=1.4 linefilt=4.0 out=1.3 ctrl=0.1 param=0.2 clip=1.5 stage=1.7 wait=0.0 other=0.3 | mix=713 decay=749 tone=598 freeze=0 updates=178 overloads=0 blocks=1000/1000
controls pots=309 713 748 598 cv1=1(raw 999) cv2=1(raw 999)
staging copies=78 failures=0 stack_free=17696 mdma_lists=50931 mdma_errors=0 mdma_status=0x0 mdma_maxpolls=791 list=64/64 us timed=1000 late=0 stale=0
load program=2 lines=8 mixed=0 avg=17.5% max=17.8% | input=0.6 predelay=0.7 taps=0.6 early=0.5 linemix=1.4 linedelay=2.7 linediff=1.4 linefilt=4.0 out=1.3 ctrl=0.1 param=0.0 clip=1.5 stage=1.7 wait=0.0 other=0.3 | mix=713 decay=749 tone=376 freeze=0 updates=183 overloads=0 blocks=1000/1000
controls pots=309 713 748 376 cv1=1(raw 999) cv2=1(raw 999)
staging copies=79 failures=0 stack_free=17696 mdma_lists=51931 mdma_errors=0 mdma_status=0x0 mdma_maxpolls=791 list=64/64 us timed=1000 late=0 stale=0
load program=2 lines=8 mixed=0 avg=17.4% max=18.1% | input=0.6 predelay=0.7 taps=0.6 early=0.5 linemix=1.4 linedelay=2.7 linediff=1.4 linefilt=4.0 out=1.3 ctrl=0.1 param=0.0 clip=1.5 stage=1.7 wait=0.0 other=0.3 | mix=713 decay=749 tone=337 freeze=0 updates=33 overloads=0 blocks=1000/1000
controls pots=309 713 748 337 cv1=1(raw 999) cv2=1(raw 999)
staging copies=78 failures=0 stack_free=17696 mdma_lists=52931 mdma_errors=0 mdma_status=0x0 mdma_maxpolls=791 list=64/65 us timed=1000 late=0 stale=0
load program=2 lines=8 mixed=0 avg=17.4% max=17.7% | input=0.6 predelay=0.7 taps=0.6 early=0.5 linemix=1.4 linedelay=2.7 linediff=1.4 linefilt=4.0 out=1.3 ctrl=0.1 param=0.0 clip=1.5 stage=1.7 wait=0.0 other=0.3 | mix=713 decay=749 tone=337 freeze=0 updates=0 overloads=0 blocks=1000/1000
controls pots=335 713 748 337 cv1=1(raw 999) cv2=1(raw 999)
staging copies=78 failures=0 stack_free=17696 mdma_lists=53931 mdma_errors=0 mdma_status=0x0 mdma_maxpolls=791 list=64/64 us timed=1000 late=0 stale=0
program 3 "Hyperplane" lines=9 limit=9 early=4 late=8 taps=21 predelay=0 image=7b298668
  mod=eld interp=0 filters=hlLHc latetap=1 streams=204 sdram=0 placed=445+117KB unplaced=0 clock=480MHz
  staging=mdma sets=1 staged=172 unstaged=2 taps=40 copies<=592 tcm=76/87KB itcm=ok
load program=2 lines=8 mixed=1 avg=51.5% max=58.1% | input=0.9 predelay=0.7 taps=1.6 early=1.5 linemix=1.5 linedelay=3.0 linediff=23.4 linefilt=6.5 out=1.4 ctrl=0.1 param=0.0 clip=1.4 stage=7.3 wait=0.0 other=0.3 | mix=714 decay=749 tone=337 freeze=0 updates=2 overloads=0 blocks=978/1000
controls pots=424 714 748 337 cv1=1(raw 999) cv2=1(raw 999)
staging copies=423 failures=0 stack_free=16604 mdma_lists=54910 mdma_errors=0 mdma_status=0x0 mdma_maxpolls=1396 list=295/314 us timed=979 late=1 stale=0
load program=3 lines=9 mixed=0 avg=54.0% max=54.6% | input=0.9 predelay=0.7 taps=1.8 early=1.6 linemix=1.6 linedelay=3.1 linediff=25.6 linefilt=6.9 out=1.5 ctrl=0.1 param=0.0 clip=1.5 stage=7.9 wait=0.0 other=0.3 | mix=1000 decay=749 tone=337 freeze=0 updates=0 overloads=0 blocks=1000/1000
controls pots=424 1000 748 337 cv1=1(raw 999) cv2=1(raw 999)
staging copies=397 failures=0 stack_free=16604 mdma_lists=55910 mdma_errors=0 mdma_status=0x0 mdma_maxpolls=1396 list=313/314 us timed=1000 late=0 stale=0
load program=3 lines=9 mixed=0 avg=54.0% max=54.6% | input=0.9 predelay=0.7 taps=1.8 early=1.6 linemix=1.6 linedelay=3.1 linediff=25.6 linefilt=6.9 out=1.5 ctrl=0.1 param=0.0 clip=1.5 stage=7.9 wait=0.0 other=0.3 | mix=1000 decay=749 tone=328 freeze=0 updates=8 overloads=0 blocks=1000/1000
controls pots=424 1000 748 328 cv1=1(raw 999) cv2=1(raw 999)
staging copies=416 failures=0 stack_free=16604 mdma_lists=56910 mdma_errors=0 mdma_status=0x0 mdma_maxpolls=1396 list=313/314 us timed=1000 late=0 stale=0
load program=3 lines=9 mixed=0 avg=54.1% max=54.8% | input=0.9 predelay=0.7 taps=1.8 early=1.6 linemix=1.6 linedelay=3.1 linediff=25.6 linefilt=6.9 out=1.5 ctrl=0.1 param=0.1 clip=1.5 stage=7.9 wait=0.0 other=0.3 | mix=1000 decay=749 tone=668 freeze=0 updates=288 overloads=0 blocks=1000/1000
controls pots=424 1000 748 668 cv1=1(raw 999) cv2=1(raw 999)
staging copies=430 failures=0 stack_free=16604 mdma_lists=57910 mdma_errors=0 mdma_status=0x0 mdma_maxpolls=1396 list=313/314 us timed=1000 late=0 stale=0
load program=3 lines=9 mixed=0 avg=54.1% max=54.9% | input=0.9 predelay=0.7 taps=1.8 early=1.6 linemix=1.6 linedelay=3.1 linediff=25.6 linefilt=6.9 out=1.5 ctrl=0.1 param=0.0 clip=1.5 stage=7.9 wait=0.0 other=0.3 | mix=1000 decay=749 tone=865 freeze=0 updates=168 overloads=0 blocks=1000/1000
controls pots=424 1000 748 865 cv1=1(raw 999) cv2=1(raw 999)
staging copies=406 failures=0 stack_free=16604 mdma_lists=58910 mdma_errors=0 mdma_status=0x0 mdma_maxpolls=1396 list=313/314 us timed=1000 late=0 stale=0
load program=3 lines=9 mixed=0 avg=54.3% max=56.0% | input=0.9 predelay=0.7 taps=1.8 early=1.6 linemix=1.6 linedelay=3.1 linediff=25.6 linefilt=6.9 out=1.5 ctrl=0.1 param=0.2 clip=1.5 stage=7.9 wait=0.0 other=0.3 | mix=1000 decay=994 tone=865 freeze=0 updates=197 overloads=0 blocks=1000/1000
controls pots=424 1000 993 865 cv1=1(raw 999) cv2=1(raw 999)
staging copies=405 failures=0 stack_free=16604 mdma_lists=59910 mdma_errors=0 mdma_status=0x0 mdma_maxpolls=1396 list=313/314 us timed=1000 late=0 stale=0
load program=3 lines=9 mixed=0 avg=54.0% max=56.0% | input=0.9 predelay=0.7 taps=1.8 early=1.6 linemix=1.6 linedelay=3.1 linediff=25.6 linefilt=6.9 out=1.5 ctrl=0.1 param=0.0 clip=1.5 stage=7.9 wait=0.0 other=0.3 | mix=1000 decay=1000 tone=865 freeze=0 updates=5 overloads=0 blocks=1000/1000
controls pots=424 1000 1000 865 cv1=1(raw 999) cv2=1(raw 999)
staging copies=423 failures=0 stack_free=16604 mdma_lists=60910 mdma_errors=0 mdma_status=0x0 mdma_maxpolls=1396 list=313/315 us timed=1000 late=0 stale=0
load program=3 lines=9 mixed=0 avg=54.1% max=55.9% | input=0.9 predelay=0.7 taps=1.8 early=1.6 linemix=1.6 linedelay=3.1 linediff=25.6 linefilt=6.9 out=1.5 ctrl=0.1 param=0.1 clip=1.5 stage=7.9 wait=0.0 other=0.3 | mix=1000 decay=892 tone=865 freeze=0 updates=75 overloads=0 blocks=1000/1000
controls pots=424 1000 891 865 cv1=1(raw 999) cv2=1(raw 999)
staging copies=401 failures=0 stack_free=16604 mdma_lists=61910 mdma_errors=0 mdma_status=0x0 mdma_maxpolls=1396 list=313/314 us timed=1000 late=0 stale=0
load program=3 lines=9 mixed=0 avg=54.3% max=56.0% | input=0.9 predelay=0.7 taps=1.8 early=1.6 linemix=1.6 linedelay=3.1 linediff=25.6 linefilt=6.9 out=1.5 ctrl=0.1 param=0.2 clip=1.5 stage=7.9 wait=0.0 other=0.3 | mix=1000 decay=589 tone=865 freeze=0 updates=238 overloads=0 blocks=1000/1000
controls pots=424 1000 587 865 cv1=1(raw 999) cv2=1(raw 999)
staging copies=399 failures=0 stack_free=16604 mdma_lists=62910 mdma_errors=0 mdma_status=0x0 mdma_maxpolls=1396 list=313/314 us timed=1000 late=0 stale=0
load program=3 lines=9 mixed=0 avg=54.1% max=56.0% | input=0.9 predelay=0.7 taps=1.8 early=1.6 linemix=1.6 linedelay=3.1 linediff=25.6 linefilt=6.9 out=1.5 ctrl=0.1 param=0.0 clip=1.5 stage=7.9 wait=0.0 other=0.3 | mix=1000 decay=528 tone=857 freeze=0 updates=57 overloads=0 blocks=1000/1000
controls pots=424 1000 527 857 cv1=1(raw 999) cv2=1(raw 999)
staging copies=420 failures=0 stack_free=16604 mdma_lists=63910 mdma_errors=0 mdma_status=0x0 mdma_maxpolls=1396 list=313/315 us timed=1000 late=0 stale=0
load program=3 lines=9 mixed=0 avg=54.1% max=54.9% | input=0.9 predelay=0.7 taps=1.8 early=1.6 linemix=1.6 linedelay=3.1 linediff=25.6 linefilt=6.9 out=1.5 ctrl=0.1 param=0.0 clip=1.5 stage=7.9 wait=0.0 other=0.3 | mix=1000 decay=528 tone=660 freeze=0 updates=162 overloads=0 blocks=1000/1000
controls pots=424 1000 527 660 cv1=1(raw 999) cv2=1(raw 999)
staging copies=417 failures=0 stack_free=16604 mdma_lists=64910 mdma_errors=0 mdma_status=0x0 mdma_maxpolls=1396 list=313/314 us timed=1000 late=0 stale=0
load program=3 lines=9 mixed=0 avg=54.0% max=54.8% | input=0.9 predelay=0.7 taps=1.8 early=1.6 linemix=1.6 linedelay=3.1 linediff=25.6 linefilt=6.9 out=1.5 ctrl=0.1 param=0.0 clip=1.5 stage=7.9 wait=0.0 other=0.3 | mix=1000 decay=528 tone=494 freeze=0 updates=121 overloads=0 blocks=1000/1000
controls pots=424 1000 527 494 cv1=1(raw 999) cv2=1(raw 999)
staging copies=400 failures=0 stack_free=16604 mdma_lists=65910 mdma_errors=0 mdma_status=0x0 mdma_maxpolls=1396 list=313/315 us timed=1000 late=0 stale=0
load program=3 lines=9 mixed=0 avg=54.0% max=54.6% | input=0.9 predelay=0.7 taps=1.8 early=1.6 linemix=1.6 linedelay=3.1 linediff=25.6 linefilt=6.9 out=1.5 ctrl=0.1 param=0.0 clip=1.5 stage=7.9 wait=0.0 other=0.3 | mix=834 decay=528 tone=494 freeze=0 updates=0 overloads=0 blocks=1000/1000
controls pots=424 834 527 494 cv1=1(raw 999) cv2=1(raw 999)
staging copies=411 failures=0 stack_free=16604 mdma_lists=66910 mdma_errors=0 mdma_status=0x0 mdma_maxpolls=1396 list=313/314 us timed=1000 late=0 stale=0
load program=3 lines=9 mixed=0 avg=54.1% max=54.9% | input=0.9 predelay=0.7 taps=1.8 early=1.6 linemix=1.6 linedelay=3.1 linediff=25.6 linefilt=6.9 out=1.5 ctrl=0.1 param=0.0 clip=1.5 stage=7.9 wait=0.0 other=0.3 | mix=834 decay=528 tone=887 freeze=0 updates=260 overloads=0 blocks=1000/1000
controls pots=424 834 527 887 cv1=1(raw 999) cv2=1(raw 999)
staging copies=399 failures=0 stack_free=16604 mdma_lists=67910 mdma_errors=0 mdma_status=0x0 mdma_maxpolls=1396 list=313/314 us timed=1000 late=0 stale=0
load program=3 lines=9 mixed=0 avg=54.2% max=56.0% | input=0.9 predelay=0.7 taps=1.8 early=1.6 linemix=1.6 linedelay=3.1 linediff=25.6 linefilt=6.9 out=1.5 ctrl=0.1 param=0.1 clip=1.5 stage=7.9 wait=0.0 other=0.3 | mix=834 decay=697 tone=923 freeze=0 updates=151 overloads=0 blocks=1000/1000
controls pots=424 834 696 923 cv1=1(raw 999) cv2=1(raw 999)
staging copies=398 failures=0 stack_free=16604 mdma_lists=68910 mdma_errors=0 mdma_status=0x0 mdma_maxpolls=1396 list=313/314 us timed=1000 late=0 stale=0
load program=3 lines=9 mixed=0 avg=54.0% max=54.7% | input=0.9 predelay=0.7 taps=1.8 early=1.6 linemix=1.6 linedelay=3.1 linediff=25.6 linefilt=6.9 out=1.5 ctrl=0.1 param=0.0 clip=1.5 stage=7.9 wait=0.0 other=0.3 | mix=834 decay=697 tone=923 freeze=0 updates=0 overloads=0 blocks=1000/1000
controls pots=457 834 696 923 cv1=1(raw 999) cv2=1(raw 999)
staging copies=419 failures=0 stack_free=16604 mdma_lists=69910 mdma_errors=0 mdma_status=0x0 mdma_maxpolls=1396 list=313/315 us timed=1000 late=0 stale=0
program 4 "Rubi-Ka Fields" lines=4 limit=4 early=7 late=6 taps=26 predelay=0 image=7b298668
  mod=eld interp=0 filters=----c latetap=1 streams=104 sdram=9 placed=445+207KB unplaced=4 clock=480MHz
  staging=mdma sets=1 staged=72 unstaged=2 taps=50 copies<=312 tcm=38/87KB itcm=ok
load program=3 lines=9 mixed=1 avg=28.6% max=54.5% | input=0.4 predelay=0.7 taps=2.0 early=2.4 linemix=0.8 linedelay=1.5 linediff=10.2 linefilt=1.9 out=0.9 ctrl=0.1 param=0.0 clip=1.4 stage=4.2 wait=0.0 other=0.3 | mix=834 decay=697 tone=923 freeze=0 updates=2 overloads=0 blocks=956/1000
controls pots=491 834 696 923 cv1=1(raw 999) cv2=1(raw 999)
staging copies=200 failures=0 stack_free=16604 mdma_lists=70867 mdma_errors=0 mdma_status=0x0 mdma_maxpolls=1396 list=175/314 us timed=957 late=1 stale=0
load program=4 lines=4 mixed=0 avg=25.0% max=25.2% | input=0.3 predelay=0.7 taps=2.2 early=2.7 linemix=0.7 linedelay=1.4 linediff=8.6 linefilt=1.2 out=0.9 ctrl=0.1 param=0.0 clip=1.5 stage=3.9 wait=0.0 other=0.3 | mix=1000 decay=697 tone=923 freeze=0 updates=0 overloads=0 blocks=1000/1000
controls pots=491 1000 696 923 cv1=1(raw 999) cv2=1(raw 999)
staging copies=199 failures=0 stack_free=16604 mdma_lists=71867 mdma_errors=0 mdma_status=0x0 mdma_maxpolls=1396 list=156/157 us timed=1000 late=0 stale=0
load program=4 lines=4 mixed=0 avg=25.0% max=25.3% | input=0.3 predelay=0.7 taps=2.2 early=2.7 linemix=0.7 linedelay=1.4 linediff=8.6 linefilt=1.2 out=0.9 ctrl=0.1 param=0.0 clip=1.5 stage=3.9 wait=0.0 other=0.3 | mix=1000 decay=697 tone=929 freeze=0 updates=5 overloads=0 blocks=1000/1000
controls pots=491 1000 696 929 cv1=1(raw 999) cv2=1(raw 999)
staging copies=200 failures=0 stack_free=16604 mdma_lists=72867 mdma_errors=0 mdma_status=0x0 mdma_maxpolls=1396 list=156/158 us timed=1000 late=0 stale=0
load program=4 lines=4 mixed=0 avg=25.0% max=25.4% | input=0.3 predelay=0.7 taps=2.2 early=2.7 linemix=0.7 linedelay=1.4 linediff=8.6 linefilt=1.2 out=0.9 ctrl=0.1 param=0.0 clip=1.5 stage=3.9 wait=0.0 other=0.3 | mix=1000 decay=697 tone=1000 freeze=0 updates=60 overloads=0 blocks=1000/1000
controls pots=491 1000 696 1000 cv1=1(raw 999) cv2=1(raw 999)
staging copies=200 failures=0 stack_free=16604 mdma_lists=73867 mdma_errors=0 mdma_status=0x0 mdma_maxpolls=1396 list=156/158 us timed=1000 late=0 stale=0
load program=4 lines=4 mixed=0 avg=25.1% max=26.4% | input=0.3 predelay=0.7 taps=2.2 early=2.7 linemix=0.7 linedelay=1.4 linediff=8.6 linefilt=1.2 out=0.9 ctrl=0.1 param=0.1 clip=1.5 stage=3.9 wait=0.0 other=0.3 | mix=1000 decay=839 tone=1000 freeze=0 updates=119 overloads=0 blocks=1000/1000
controls pots=491 1000 838 1000 cv1=1(raw 999) cv2=1(raw 999)
staging copies=198 failures=0 stack_free=16604 mdma_lists=74867 mdma_errors=0 mdma_status=0x0 mdma_maxpolls=1396 list=156/158 us timed=1000 late=0 stale=0
load program=4 lines=4 mixed=0 avg=25.1% max=26.4% | input=0.3 predelay=0.7 taps=2.2 early=2.7 linemix=0.7 linedelay=1.4 linediff=8.6 linefilt=1.2 out=0.9 ctrl=0.1 param=0.1 clip=1.5 stage=3.9 wait=0.0 other=0.3 | mix=1000 decay=985 tone=1000 freeze=0 updates=120 overloads=0 blocks=1000/1000
controls pots=491 1000 984 1000 cv1=1(raw 999) cv2=1(raw 999)
staging copies=201 failures=0 stack_free=16604 mdma_lists=75867 mdma_errors=0 mdma_status=0x0 mdma_maxpolls=1396 list=156/157 us timed=1000 late=0 stale=0
load program=4 lines=4 mixed=0 avg=25.0% max=26.3% | input=0.3 predelay=0.7 taps=2.2 early=2.7 linemix=0.7 linedelay=1.4 linediff=8.6 linefilt=1.2 out=0.9 ctrl=0.1 param=0.0 clip=1.5 stage=3.9 wait=0.0 other=0.3 | mix=1000 decay=1000 tone=1000 freeze=0 updates=13 overloads=0 blocks=1000/1000
controls pots=491 1000 1000 1000 cv1=1(raw 999) cv2=1(raw 999)
staging copies=200 failures=0 stack_free=16604 mdma_lists=76867 mdma_errors=0 mdma_status=0x0 mdma_maxpolls=1396 list=156/158 us timed=1000 late=0 stale=0
load program=4 lines=4 mixed=0 avg=25.0% max=26.4% | input=0.3 predelay=0.7 taps=2.2 early=2.7 linemix=0.7 linedelay=1.4 linediff=8.6 linefilt=1.2 out=0.9 ctrl=0.1 param=0.0 clip=1.5 stage=3.9 wait=0.0 other=0.3 | mix=1000 decay=921 tone=1000 freeze=0 updates=65 overloads=0 blocks=1000/1000
controls pots=491 1000 920 1000 cv1=1(raw 999) cv2=1(raw 999)
staging copies=203 failures=0 stack_free=16604 mdma_lists=77867 mdma_errors=0 mdma_status=0x0 mdma_maxpolls=1396 list=156/158 us timed=1000 late=0 stale=0
load program=4 lines=4 mixed=0 avg=25.2% max=26.4% | input=0.3 predelay=0.7 taps=2.2 early=2.7 linemix=0.7 linedelay=1.4 linediff=8.6 linefilt=1.2 out=0.9 ctrl=0.1 param=0.2 clip=1.5 stage=3.9 wait=0.0 other=0.3 | mix=1000 decay=612 tone=1000 freeze=0 updates=225 overloads=0 blocks=1000/1000
controls pots=491 1000 611 1000 cv1=1(raw 999) cv2=1(raw 999)
staging copies=196 failures=0 stack_free=16604 mdma_lists=78867 mdma_errors=0 mdma_status=0x0 mdma_maxpolls=1396 list=156/157 us timed=1000 late=0 stale=0
load program=4 lines=4 mixed=0 avg=25.0% max=25.4% | input=0.3 predelay=0.7 taps=2.2 early=2.7 linemix=0.7 linedelay=1.4 linediff=8.6 linefilt=1.2 out=0.9 ctrl=0.1 param=0.0 clip=1.5 stage=3.9 wait=0.0 other=0.3 | mix=1000 decay=612 tone=902 freeze=0 updates=81 overloads=0 blocks=1000/1000
controls pots=491 1000 611 902 cv1=1(raw 999) cv2=1(raw 999)
staging copies=196 failures=0 stack_free=16604 mdma_lists=79867 mdma_errors=0 mdma_status=0x0 mdma_maxpolls=1396 list=156/157 us timed=1000 late=0 stale=0
load program=4 lines=4 mixed=0 avg=25.0% max=25.5% | input=0.3 predelay=0.7 taps=2.2 early=2.7 linemix=0.7 linedelay=1.4 linediff=8.6 linefilt=1.2 out=0.9 ctrl=0.1 param=0.0 clip=1.5 stage=3.9 wait=0.0 other=0.3 | mix=1000 decay=612 tone=602 freeze=0 updates=218 overloads=0 blocks=1000/1000
controls pots=491 1000 610 602 cv1=1(raw 999) cv2=1(raw 999)
staging copies=196 failures=0 stack_free=16604 mdma_lists=80867 mdma_errors=0 mdma_status=0x0 mdma_maxpolls=1396 list=156/157 us timed=1000 late=0 stale=0
load program=4 lines=4 mixed=0 avg=25.0% max=25.2% | input=0.3 predelay=0.7 taps=2.2 early=2.7 linemix=0.7 linedelay=1.4 linediff=8.6 linefilt=1.2 out=0.9 ctrl=0.1 param=0.0 clip=1.5 stage=3.9 wait=0.0 other=0.3 | mix=1000 decay=612 tone=602 freeze=0 updates=0 overloads=0 blocks=1000/1000
controls pots=491 1000 610 602 cv1=1(raw 999) cv2=1(raw 999)
staging copies=200 failures=0 stack_free=16604 mdma_lists=81867 mdma_errors=0 mdma_status=0x0 mdma_maxpolls=1396 list=156/158 us timed=1000 late=0 stale=0
load program=4 lines=4 mixed=0 avg=25.0% max=25.3% | input=0.3 predelay=0.7 taps=2.2 early=2.7 linemix=0.7 linedelay=1.4 linediff=8.6 linefilt=1.2 out=0.9 ctrl=0.1 param=0.0 clip=1.5 stage=3.9 wait=0.0 other=0.3 | mix=854 decay=612 tone=602 freeze=0 updates=0 overloads=0 blocks=1000/1000
controls pots=491 854 611 602 cv1=1(raw 999) cv2=1(raw 999)
staging copies=200 failures=0 stack_free=16604 mdma_lists=82867 mdma_errors=0 mdma_status=0x0 mdma_maxpolls=1396 list=156/158 us timed=1000 late=0 stale=0
load program=4 lines=4 mixed=0 avg=25.0% max=25.3% | input=0.3 predelay=0.7 taps=2.2 early=2.7 linemix=0.7 linedelay=1.4 linediff=8.6 linefilt=1.2 out=0.9 ctrl=0.1 param=0.0 clip=1.5 stage=3.9 wait=0.0 other=0.3 | mix=854 decay=612 tone=602 freeze=0 updates=0 overloads=0 blocks=1000/1000
controls pots=521 854 610 602 cv1=1(raw 999) cv2=1(raw 999)
staging copies=199 failures=0 stack_free=16604 mdma_lists=83867 mdma_errors=0 mdma_status=0x0 mdma_maxpolls=1396 list=156/158 us timed=1000 late=0 stale=0
program 5 "Through the Looking Glass" lines=8 limit=8 early=8 late=8 taps=50 predelay=0 image=7b298668
  mod=eld interp=1 filters=-l--c latetap=1 streams=222 sdram=52 placed=444+226KB unplaced=42 clock=480MHz
  staging=mdma sets=1 staged=162 unstaged=2 taps=98 copies<=678 tcm=83/87KB itcm=ok
load program=4 lines=4 mixed=1 avg=38.5% max=54.4% | input=0.4 predelay=0.7 taps=2.7 early=2.8 linemix=1.0 linedelay=2.0 linediff=15.9 linefilt=1.9 out=1.1 ctrl=0.1 param=0.0 clip=1.4 stage=5.9 wait=0.0 other=0.3 | mix=854 decay=612 tone=602 freeze=0 updates=2 overloads=0 blocks=957/1000
controls pots=631 854 611 602 cv1=1(raw 999) cv2=1(raw 999)
staging copies=429 failures=0 stack_free=16604 mdma_lists=84825 mdma_errors=0 mdma_status=0x0 mdma_maxpolls=2430 list=272/390 us timed=958 late=1 stale=0
load program=5 lines=8 mixed=0 avg=51.0% max=51.8% | input=0.6 predelay=0.7 taps=3.5 early=3.1 linemix=1.4 linedelay=2.7 linediff=24.2 linefilt=2.5 out=1.3 ctrl=0.1 param=0.0 clip=1.5 stage=8.4 wait=0.0 other=0.3 | mix=854 decay=612 tone=602 freeze=0 updates=0 overloads=0 blocks=1000/1000
controls pots=631 854 611 602 cv1=1(raw 999) cv2=1(raw 999)
staging copies=423 failures=0 stack_free=16604 mdma_lists=85825 mdma_errors=0 mdma_status=0x0 mdma_maxpolls=2430 list=385/390 us timed=1000 late=0 stale=0
load program=5 lines=8 mixed=0 avg=50.9% max=51.2% | input=0.6 predelay=0.7 taps=3.5 early=3.1 linemix=1.4 linedelay=2.7 linediff=24.2 linefilt=2.3 out=1.3 ctrl=0.1 param=0.0 clip=1.5 stage=8.4 wait=0.0 other=0.3 | mix=853 decay=612 tone=602 freeze=0 updates=0 overloads=0 blocks=1000/1000
controls pots=631 853 610 602 cv1=1(raw 999) cv2=1(raw 999)
staging copies=428 failures=0 stack_free=16604 mdma_lists=86825 mdma_errors=0 mdma_status=0x0 mdma_maxpolls=2430 list=385/391 us timed=1000 late=0 stale=0
load program=5 lines=8 mixed=0 avg=50.9% max=51.2% | input=0.6 predelay=0.7 taps=3.5 early=3.1 linemix=1.4 linedelay=2.7 linediff=24.2 linefilt=2.3 out=1.3 ctrl=0.1 param=0.0 clip=1.5 stage=8.4 wait=0.0 other=0.3 | mix=852 decay=612 tone=602 freeze=0 updates=0 overloads=0 blocks=1000/1000
controls pots=631 852 611 602 cv1=1(raw 999) cv2=1(raw 999)
staging copies=423 failures=0 stack_free=16604 mdma_lists=87825 mdma_errors=0 mdma_status=0x0 mdma_maxpolls=2430 list=385/391 us timed=1000 late=0 stale=0
load program=5 lines=8 mixed=0 avg=50.9% max=51.3% | input=0.6 predelay=0.7 taps=3.5 early=3.1 linemix=1.4 linedelay=2.7 linediff=24.2 linefilt=2.3 out=1.3 ctrl=0.1 param=0.0 clip=1.5 stage=8.4 wait=0.0 other=0.3 | mix=925 decay=612 tone=602 freeze=0 updates=0 overloads=0 blocks=1000/1000
controls pots=631 925 611 602 cv1=1(raw 999) cv2=1(raw 999)
staging copies=425 failures=0 stack_free=16604 mdma_lists=88825 mdma_errors=0 mdma_status=0x0 mdma_maxpolls=2430 list=385/392 us timed=1000 late=0 stale=0
load program=5 lines=8 mixed=0 avg=50.9% max=51.2% | input=0.6 predelay=0.7 taps=3.5 early=3.1 linemix=1.4 linedelay=2.7 linediff=24.2 linefilt=2.3 out=1.3 ctrl=0.1 param=0.0 clip=1.5 stage=8.4 wait=0.0 other=0.3 | mix=1000 decay=612 tone=602 freeze=0 updates=0 overloads=0 blocks=1000/1000
controls pots=631 1000 610 602 cv1=1(raw 999) cv2=1(raw 999)
staging copies=434 failures=0 stack_free=16604 mdma_lists=89825 mdma_errors=0 mdma_status=0x0 mdma_maxpolls=2430 list=385/392 us timed=1000 late=0 stale=0
load program=5 lines=8 mixed=0 avg=51.0% max=51.5% | input=0.6 predelay=0.7 taps=3.5 early=3.1 linemix=1.4 linedelay=2.7 linediff=24.2 linefilt=2.3 out=1.3 ctrl=0.1 param=0.0 clip=1.5 stage=8.4 wait=0.0 other=0.3 | mix=1000 decay=612 tone=893 freeze=0 updates=227 overloads=0 blocks=1000/1000
controls pots=631 1000 610 893 cv1=1(raw 999) cv2=1(raw 999)
staging copies=436 failures=0 stack_free=16604 mdma_lists=90825 mdma_errors=0 mdma_status=0x0 mdma_maxpolls=2430 list=385/391 us timed=1000 late=0 stale=0
load program=5 lines=8 mixed=0 avg=51.2% max=52.6% | input=0.6 predelay=0.7 taps=3.5 early=3.1 linemix=1.4 linedelay=2.7 linediff=24.2 linefilt=2.3 out=1.3 ctrl=0.1 param=0.2 clip=1.5 stage=8.4 wait=0.0 other=0.3 | mix=1000 decay=875 tone=893 freeze=0 updates=192 overloads=0 blocks=1000/1000
controls pots=631 1000 874 893 cv1=1(raw 999) cv2=1(raw 999)
staging copies=432 failures=0 stack_free=16604 mdma_lists=91825 mdma_errors=0 mdma_status=0x0 mdma_maxpolls=2430 list=385/391 us timed=1000 late=0 stale=0
load program=5 lines=8 mixed=0 avg=51.0% max=52.6% | input=0.6 predelay=0.7 taps=3.5 early=3.1 linemix=1.4 linedelay=2.7 linediff=24.2 linefilt=2.3 out=1.3 ctrl=0.1 param=0.1 clip=1.5 stage=8.4 wait=0.0 other=0.3 | mix=1000 decay=1000 tone=926 freeze=0 updates=117 overloads=0 blocks=1000/1000
controls pots=631 1000 1000 926 cv1=1(raw 999) cv2=1(raw 999)
staging copies=424 failures=0 stack_free=16604 mdma_lists=92825 mdma_errors=0 mdma_status=0x0 mdma_maxpolls=2430 list=385/390 us timed=1000 late=0 stale=0
load program=5 lines=8 mixed=0 avg=50.9% max=51.5% | input=0.6 predelay=0.7 taps=3.5 early=3.1 linemix=1.4 linedelay=2.7 linediff=24.2 linefilt=2.3 out=1.3 ctrl=0.1 param=0.0 clip=1.5 stage=8.4 wait=0.0 other=0.3 | mix=1000 decay=1000 tone=1000 freeze=0 updates=54 overloads=0 blocks=1000/1000
controls pots=631 1000 1000 1000 cv1=1(raw 999) cv2=1(raw 999)
staging copies=424 failures=0 stack_free=16604 mdma_lists=93825 mdma_errors=0 mdma_status=0x0 mdma_maxpolls=2430 list=385/390 us timed=1000 late=0 stale=0
load program=5 lines=8 mixed=0 avg=50.9% max=51.3% | input=0.6 predelay=0.7 taps=3.5 early=3.1 linemix=1.4 linedelay=2.7 linediff=24.2 linefilt=2.3 out=1.3 ctrl=0.1 param=0.0 clip=1.5 stage=8.4 wait=0.0 other=0.3 | mix=1000 decay=1000 tone=1000 freeze=0 updates=0 overloads=0 blocks=1000/1000
controls pots=631 1000 1000 1000 cv1=1(raw 999) cv2=1(raw 999)
staging copies=428 failures=0 stack_free=16604 mdma_lists=94825 mdma_errors=0 mdma_status=0x0 mdma_maxpolls=2430 list=385/391 us timed=1000 late=0 stale=0
load program=5 lines=8 mixed=0 avg=50.9% max=51.2% | input=0.6 predelay=0.7 taps=3.5 early=3.1 linemix=1.4 linedelay=2.7 linediff=24.2 linefilt=2.3 out=1.3 ctrl=0.1 param=0.0 clip=1.5 stage=8.4 wait=0.0 other=0.3 | mix=1000 decay=1000 tone=1000 freeze=0 updates=0 overloads=0 blocks=1000/1000
controls pots=631 1000 1000 1000 cv1=1(raw 999) cv2=1(raw 999)
staging copies=425 failures=0 stack_free=16604 mdma_lists=95825 mdma_errors=0 mdma_status=0x0 mdma_maxpolls=2430 list=385/392 us timed=1000 late=0 stale=0
load program=5 lines=8 mixed=0 avg=50.9% max=51.2% | input=0.6 predelay=0.7 taps=3.5 early=3.1 linemix=1.4 linedelay=2.7 linediff=24.2 linefilt=2.3 out=1.3 ctrl=0.1 param=0.0 clip=1.5 stage=8.4 wait=0.0 other=0.3 | mix=1000 decay=1000 tone=1000 freeze=0 updates=0 overloads=0 blocks=1000/1000
controls pots=631 1000 1000 1000 cv1=1(raw 999) cv2=1(raw 999)
staging copies=424 failures=0 stack_free=16604 mdma_lists=96825 mdma_errors=0 mdma_status=0x0 mdma_maxpolls=2430 list=385/390 us timed=1000 late=0 stale=0
load program=5 lines=8 mixed=0 avg=50.9% max=51.3% | input=0.6 predelay=0.7 taps=3.5 early=3.1 linemix=1.4 linedelay=2.7 linediff=24.2 linefilt=2.3 out=1.3 ctrl=0.1 param=0.0 clip=1.5 stage=8.4 wait=0.0 other=0.3 | mix=1000 decay=1000 tone=1000 freeze=0 updates=0 overloads=0 blocks=1000/1000
controls pots=631 1000 1000 1000 cv1=1(raw 999) cv2=1(raw 999)
staging copies=430 failures=0 stack_free=16604 mdma_lists=97825 mdma_errors=0 mdma_status=0x0 mdma_maxpolls=2430 list=385/391 us timed=1000 late=0 stale=0
load program=5 lines=8 mixed=0 avg=50.9% max=51.2% | input=0.6 predelay=0.7 taps=3.5 early=3.1 linemix=1.4 linedelay=2.7 linediff=24.2 linefilt=2.3 out=1.3 ctrl=0.1 param=0.0 clip=1.5 stage=8.4 wait=0.0 other=0.3 | mix=1000 decay=1000 tone=1000 freeze=0 updates=0 overloads=0 blocks=1000/1000
controls pots=631 1000 1000 1000 cv1=1(raw 999) cv2=1(raw 999)
staging copies=435 failures=0 stack_free=16604 mdma_lists=98825 mdma_errors=0 mdma_status=0x0 mdma_maxpolls=2430 list=385/391 us timed=1000 late=0 stale=0
load program=5 lines=8 mixed=0 avg=50.9% max=51.2% | input=0.6 predelay=0.7 taps=3.5 early=3.1 linemix=1.4 linedelay=2.7 linediff=24.2 linefilt=2.3 out=1.3 ctrl=0.1 param=0.0 clip=1.5 stage=8.4 wait=0.0 other=0.3 | mix=1000 decay=1000 tone=1000 freeze=0 updates=0 overloads=0 blocks=1000/1000
controls pots=631 1000 1000 1000 cv1=1(raw 999) cv2=1(raw 999)
staging copies=426 failures=0 stack_free=16604 mdma_lists=99825 mdma_errors=0 mdma_status=0x0 mdma_maxpolls=2430 list=385/390 us timed=1000 late=0 stale=0
load program=5 lines=8 mixed=0 avg=50.9% max=51.2% | input=0.6 predelay=0.7 taps=3.5 early=3.1 linemix=1.4 linedelay=2.7 linediff=24.2 linefilt=2.3 out=1.3 ctrl=0.1 param=0.0 clip=1.5 stage=8.4 wait=0.0 other=0.3 | mix=1000 decay=1000 tone=1000 freeze=0 updates=0 overloads=0 blocks=1000/1000
controls pots=631 1000 1000 1000 cv1=1(raw 999) cv2=1(raw 999)
staging copies=431 failures=0 stack_free=16604 mdma_lists=100825 mdma_errors=0 mdma_status=0x0 mdma_maxpolls=2430 list=385/392 us timed=1000 late=0 stale=0
load program=5 lines=8 mixed=0 avg=50.9% max=51.2% | input=0.6 predelay=0.7 taps=3.5 early=3.1 linemix=1.4 linedelay=2.7 linediff=24.2 linefilt=2.3 out=1.3 ctrl=0.1 param=0.0 clip=1.5 stage=8.4 wait=0.0 other=0.3 | mix=1000 decay=1000 tone=1000 freeze=0 updates=0 overloads=0 blocks=1000/1000
controls pots=631 1000 1000 1000 cv1=1(raw 999) cv2=1(raw 999)
staging copies=431 failures=0 stack_free=16604 mdma_lists=101825 mdma_errors=0 mdma_status=0x0 mdma_maxpolls=2430 list=385/391 us timed=1000 late=0 stale=0
load program=5 lines=8 mixed=0 avg=51.2% max=52.5% | input=0.6 predelay=0.7 taps=3.5 early=3.1 linemix=1.5 linedelay=2.7 linediff=24.2 linefilt=2.3 out=1.3 ctrl=0.1 param=0.2 clip=1.5 stage=8.4 wait=0.0 other=0.3 | mix=1000 decay=704 tone=1000 freeze=0 updates=246 overloads=0 blocks=1000/1000
controls pots=631 1000 703 1000 cv1=1(raw 999) cv2=1(raw 999)
staging copies=427 failures=0 stack_free=16604 mdma_lists=102825 mdma_errors=0 mdma_status=0x0 mdma_maxpolls=2430 list=385/391 us timed=1000 late=0 stale=0
load program=5 lines=8 mixed=0 avg=50.9% max=51.4% | input=0.6 predelay=0.7 taps=3.5 early=3.1 linemix=1.4 linedelay=2.7 linediff=24.2 linefilt=2.3 out=1.3 ctrl=0.1 param=0.0 clip=1.5 stage=8.4 wait=0.0 other=0.3 | mix=1000 decay=704 tone=819 freeze=0 updates=145 overloads=0 blocks=1000/1000
controls pots=631 1000 703 819 cv1=1(raw 999) cv2=1(raw 999)
staging copies=425 failures=0 stack_free=16604 mdma_lists=103825 mdma_errors=0 mdma_status=0x0 mdma_maxpolls=2430 list=385/391 us timed=1000 late=0 stale=0
load program=5 lines=8 mixed=0 avg=51.0% max=51.4% | input=0.6 predelay=0.7 taps=3.5 early=3.1 linemix=1.4 linedelay=2.7 linediff=24.2 linefilt=2.3 out=1.3 ctrl=0.1 param=0.0 clip=1.5 stage=8.4 wait=0.0 other=0.3 | mix=1000 decay=704 tone=568 freeze=0 updates=219 overloads=0 blocks=1000/1000
controls pots=631 1000 703 568 cv1=1(raw 999) cv2=1(raw 999)
staging copies=426 failures=0 stack_free=16604 mdma_lists=104825 mdma_errors=0 mdma_status=0x0 mdma_maxpolls=2430 list=385/391 us timed=1000 late=0 stale=0
load program=5 lines=8 mixed=0 avg=50.9% max=51.5% | input=0.6 predelay=0.7 taps=3.5 early=3.1 linemix=1.4 linedelay=2.7 linediff=24.2 linefilt=2.3 out=1.3 ctrl=0.1 param=0.0 clip=1.5 stage=8.4 wait=0.0 other=0.3 | mix=902 decay=704 tone=537 freeze=0 updates=28 overloads=0 blocks=1000/1000
controls pots=631 902 703 537 cv1=1(raw 999) cv2=1(raw 999)
staging copies=434 failures=0 stack_free=16604 mdma_lists=105825 mdma_errors=0 mdma_status=0x0 mdma_maxpolls=2430 list=385/393 us timed=1000 late=0 stale=0
load program=5 lines=8 mixed=0 avg=50.9% max=51.2% | input=0.6 predelay=0.7 taps=3.5 early=3.1 linemix=1.4 linedelay=2.7 linediff=24.2 linefilt=2.3 out=1.3 ctrl=0.1 param=0.0 clip=1.5 stage=8.4 wait=0.0 other=0.3 | mix=671 decay=704 tone=537 freeze=0 updates=0 overloads=0 blocks=1000/1000
controls pots=631 671 703 537 cv1=1(raw 999) cv2=1(raw 999)
staging copies=434 failures=0 stack_free=16604 mdma_lists=106825 mdma_errors=0 mdma_status=0x0 mdma_maxpolls=2430 list=385/391 us timed=1000 late=0 stale=0
load program=5 lines=8 mixed=0 avg=50.9% max=51.2% | input=0.6 predelay=0.7 taps=3.5 early=3.1 linemix=1.4 linedelay=2.7 linediff=24.2 linefilt=2.3 out=1.3 ctrl=0.1 param=0.0 clip=1.5 stage=8.4 wait=0.0 other=0.3 | mix=671 decay=704 tone=537 freeze=0 updates=0 overloads=0 blocks=1000/1000
controls pots=664 671 703 537 cv1=1(raw 999) cv2=1(raw 999)
staging copies=435 failures=0 stack_free=16604 mdma_lists=107825 mdma_errors=0 mdma_status=0x0 mdma_maxpolls=2430 list=385/391 us timed=1000 late=0 stale=0
program 6 "The 90s Are Back" lines=9 limit=9 early=5 late=0 taps=1 predelay=0 image=7b298668
  mod=eld interp=1 filters=-l-Hc latetap=1 streams=42 sdram=11 placed=399+219KB unplaced=7 clock=480MHz
  staging=mdma sets=1 staged=30 unstaged=2 taps=0 copies<=86 tcm=11/87KB itcm=ok
load program=5 lines=8 mixed=1 avg=22.4% max=51.3% | input=0.5 predelay=0.7 taps=0.9 early=2.0 linemix=1.5 linedelay=2.9 linediff=2.6 linefilt=4.4 out=1.3 ctrl=0.1 param=0.0 clip=1.4 stage=2.0 wait=0.0 other=0.3 | mix=671 decay=704 tone=537 freeze=0 updates=2 overloads=0 blocks=947/1000
controls pots=757 671 703 537 cv1=1(raw 999) cv2=1(raw 999)
staging copies=59 failures=0 stack_free=16604 mdma_lists=108773 mdma_errors=0 mdma_status=0x0 mdma_maxpolls=3422 list=93/389 us timed=948 late=2 stale=0
load program=6 lines=9 mixed=0 avg=18.4% max=18.8% | input=0.6 predelay=0.7 taps=0.6 early=1.9 linemix=1.6 linedelay=3.1 linediff=0.0 linefilt=4.8 out=1.4 ctrl=0.1 param=0.0 clip=1.5 stage=1.3 wait=0.0 other=0.3 | mix=671 decay=704 tone=537 freeze=0 updates=0 overloads=0 blocks=1000/1000
controls pots=757 671 703 537 cv1=1(raw 999) cv2=1(raw 999)
staging copies=58 failures=0 stack_free=16604 mdma_lists=109773 mdma_errors=0 mdma_status=0x0 mdma_maxpolls=3422 list=54/57 us timed=1000 late=0 stale=0
load program=6 lines=9 mixed=0 avg=18.4% max=18.7% | input=0.6 predelay=0.7 taps=0.6 early=1.9 linemix=1.6 linedelay=3.1 linediff=0.0 linefilt=4.8 out=1.4 ctrl=0.1 param=0.0 clip=1.5 stage=1.3 wait=0.0 other=0.3 | mix=986 decay=704 tone=537 freeze=0 updates=0 overloads=0 blocks=1000/1000
controls pots=757 986 703 537 cv1=1(raw 999) cv2=1(raw 999)
staging copies=58 failures=0 stack_free=16604 mdma_lists=110773 mdma_errors=0 mdma_status=0x0 mdma_maxpolls=3422 list=54/57 us timed=1000 late=0 stale=0
load program=6 lines=9 mixed=0 avg=18.5% max=18.8% | input=0.6 predelay=0.7 taps=0.6 early=1.9 linemix=1.6 linedelay=3.1 linediff=0.0 linefilt=4.8 out=1.4 ctrl=0.1 param=0.0 clip=1.5 stage=1.3 wait=0.0 other=0.3 | mix=986 decay=704 tone=839 freeze=0 updates=221 overloads=0 blocks=1000/1000
controls pots=757 986 703 839 cv1=1(raw 999) cv2=1(raw 999)
staging copies=60 failures=0 stack_free=16604 mdma_lists=111773 mdma_errors=0 mdma_status=0x0 mdma_maxpolls=3422 list=54/56 us timed=1000 late=0 stale=0
load program=6 lines=9 mixed=0 avg=18.7% max=19.9% | input=0.6 predelay=0.7 taps=0.6 early=1.9 linemix=1.6 linedelay=3.1 linediff=0.0 linefilt=4.8 out=1.4 ctrl=0.1 param=0.2 clip=1.5 stage=1.3 wait=0.0 other=0.3 | mix=986 decay=998 tone=839 freeze=0 updates=215 overloads=0 blocks=1000/1000
controls pots=757 986 996 839 cv1=1(raw 999) cv2=1(raw 999)
staging copies=58 failures=0 stack_free=16604 mdma_lists=112773 mdma_errors=0 mdma_status=0x0 mdma_maxpolls=3422 list=54/56 us timed=1000 late=0 stale=0
load program=6 lines=9 mixed=0 avg=18.5% max=20.0% | input=0.6 predelay=0.7 taps=0.6 early=1.9 linemix=1.6 linedelay=3.1 linediff=0.0 linefilt=4.8 out=1.4 ctrl=0.1 param=0.0 clip=1.5 stage=1.3 wait=0.0 other=0.3 | mix=986 decay=1000 tone=1000 freeze=0 updates=116 overloads=0 blocks=1000/1000
controls pots=757 986 1000 1000 cv1=1(raw 999) cv2=1(raw 999)
staging copies=59 failures=0 stack_free=16604 mdma_lists=113773 mdma_errors=0 mdma_status=0x0 mdma_maxpolls=3422 list=54/56 us timed=1000 late=0 stale=0
load program=6 lines=9 mixed=0 avg=18.4% max=18.7% | input=0.6 predelay=0.7 taps=0.6 early=1.9 linemix=1.6 linedelay=3.1 linediff=0.0 linefilt=4.8 out=1.4 ctrl=0.1 param=0.0 clip=1.5 stage=1.3 wait=0.0 other=0.3 | mix=1000 decay=1000 tone=1000 freeze=0 updates=0 overloads=0 blocks=1000/1000
controls pots=757 1000 1000 1000 cv1=1(raw 999) cv2=1(raw 999)
staging copies=58 failures=0 stack_free=16604 mdma_lists=114773 mdma_errors=0 mdma_status=0x0 mdma_maxpolls=3422 list=54/56 us timed=1000 late=0 stale=0
load program=6 lines=9 mixed=0 avg=18.4% max=18.7% | input=0.6 predelay=0.7 taps=0.6 early=1.9 linemix=1.6 linedelay=3.1 linediff=0.0 linefilt=4.8 out=1.4 ctrl=0.1 param=0.0 clip=1.5 stage=1.3 wait=0.0 other=0.3 | mix=799 decay=1000 tone=1000 freeze=0 updates=0 overloads=0 blocks=1000/1000
controls pots=757 799 1000 1000 cv1=1(raw 999) cv2=1(raw 999)
staging copies=58 failures=0 stack_free=16604 mdma_lists=115773 mdma_errors=0 mdma_status=0x0 mdma_maxpolls=3422 list=54/56 us timed=1000 late=0 stale=0
program 7 "Dull Echoes" lines=12 limit=12 early=4 late=0 taps=18 predelay=3360 image=7b298668
  mod=eld interp=1 filters=-l--c latetap=0 streams=66 sdram=0 placed=419+93KB unplaced=0 clock=480MHz
  staging=mdma sets=1 staged=36 unstaged=0 taps=34 copies<=172 tcm=20/87KB itcm=ok
load program=6 lines=9 mixed=1 avg=19.4% max=23.6% | input=0.6 predelay=0.5 taps=1.1 early=1.7 linemix=1.8 linedelay=3.4 linediff=0.0 linefilt=4.3 out=1.5 ctrl=0.1 param=0.0 clip=1.4 stage=1.6 wait=0.0 other=0.3 | mix=799 decay=1000 tone=1000 freeze=0 updates=2 overloads=0 blocks=976/1000
controls pots=838 799 1000 1000 cv1=1(raw 999) cv2=1(raw 999)
staging copies=105 failures=0 stack_free=16604 mdma_lists=116750 mdma_errors=0 mdma_status=0x0 mdma_maxpolls=3422 list=66/81 us timed=977 late=2 stale=0
load program=7 lines=12 mixed=0 avg=20.2% max=20.5% | input=0.6 predelay=0.3 taps=1.7 early=1.6 linemix=2.1 linedelay=4.1 linediff=0.0 linefilt=3.5 out=1.7 ctrl=0.1 param=0.0 clip=1.4 stage=2.1 wait=0.0 other=0.3 | mix=941 decay=1000 tone=1000 freeze=0 updates=0 overloads=0 blocks=1000/1000
controls pots=838 941 1000 1000 cv1=1(raw 999) cv2=1(raw 999)
staging copies=105 failures=0 stack_free=16604 mdma_lists=117750 mdma_errors=0 mdma_status=0x0 mdma_maxpolls=3422 list=81/81 us timed=1000 late=0 stale=0
load program=7 lines=12 mixed=0 avg=20.2% max=20.5% | input=0.6 predelay=0.3 taps=1.7 early=1.6 linemix=2.1 linedelay=4.1 linediff=0.0 linefilt=3.5 out=1.7 ctrl=0.1 param=0.0 clip=1.5 stage=2.1 wait=0.0 other=0.3 | mix=944 decay=1000 tone=1000 freeze=0 updates=0 overloads=0 blocks=1000/1000
controls pots=838 944 1000 1000 cv1=1(raw 999) cv2=1(raw 999)
staging copies=107 failures=0 stack_free=16604 mdma_lists=118750 mdma_errors=0 mdma_status=0x0 mdma_maxpolls=3422 list=81/81 us timed=1000 late=0 stale=0
load program=7 lines=12 mixed=0 avg=20.2% max=20.5% | input=0.6 predelay=0.3 taps=1.7 early=1.6 linemix=2.1 linedelay=4.1 linediff=0.0 linefilt=3.5 out=1.7 ctrl=0.1 param=0.0 clip=1.5 stage=2.1 wait=0.0 other=0.3 | mix=944 decay=1000 tone=1000 freeze=0 updates=0 overloads=0 blocks=1000/1000
controls pots=840 944 1000 1000 cv1=1(raw 999) cv2=1(raw 999)
staging copies=106 failures=0 stack_free=16604 mdma_lists=119750 mdma_errors=0 mdma_status=0x0 mdma_maxpolls=3422 list=81/81 us timed=1000 late=0 stale=0
load program=7 lines=12 mixed=0 avg=20.2% max=20.5% | input=0.6 predelay=0.3 taps=1.7 early=1.6 linemix=2.1 linedelay=4.1 linediff=0.0 linefilt=3.5 out=1.7 ctrl=0.1 param=0.0 clip=1.4 stage=2.1 wait=0.0 other=0.3 | mix=944 decay=1000 tone=1000 freeze=0 updates=0 overloads=0 blocks=1000/1000
controls pots=840 944 1000 1000 cv1=1(raw 999) cv2=1(raw 999)
staging copies=104 failures=0 stack_free=16604 mdma_lists=120750 mdma_errors=0 mdma_status=0x0 mdma_maxpolls=3422 list=81/81 us timed=1000 late=0 stale=0
load program=7 lines=12 mixed=0 avg=20.4% max=21.7% | input=0.6 predelay=0.3 taps=1.7 early=1.6 linemix=2.2 linedelay=4.1 linediff=0.0 linefilt=3.5 out=1.7 ctrl=0.1 param=0.1 clip=1.5 stage=2.1 wait=0.0 other=0.3 | mix=944 decay=853 tone=830 freeze=0 updates=219 overloads=0 blocks=1000/1000
controls pots=840 944 852 830 cv1=1(raw 999) cv2=1(raw 999)
staging copies=105 failures=0 stack_free=16604 mdma_lists=121750 mdma_errors=0 mdma_status=0x0 mdma_maxpolls=3422 list=81/81 us timed=1000 late=0 stale=0
load program=7 lines=12 mixed=0 avg=20.3% max=21.7% | input=0.6 predelay=0.3 taps=1.7 early=1.6 linemix=2.1 linedelay=4.1 linediff=0.0 linefilt=3.5 out=1.7 ctrl=0.1 param=0.0 clip=1.5 stage=2.1 wait=0.0 other=0.3 | mix=941 decay=826 tone=830 freeze=0 updates=23 overloads=0 blocks=1000/1000
controls pots=840 941 824 830 cv1=1(raw 999) cv2=1(raw 999)
staging copies=104 failures=0 stack_free=16604 mdma_lists=122750 mdma_errors=0 mdma_status=0x0 mdma_maxpolls=3422 list=81/81 us timed=1000 late=0 stale=0
load program=7 lines=12 mixed=0 avg=20.2% max=20.5% | input=0.6 predelay=0.3 taps=1.7 early=1.6 linemix=2.1 linedelay=4.1 linediff=0.0 linefilt=3.5 out=1.7 ctrl=0.1 param=0.0 clip=1.4 stage=2.1 wait=0.0 other=0.3 | mix=739 decay=826 tone=830 freeze=0 updates=0 overloads=0 blocks=1000/1000
controls pots=840 739 824 830 cv1=1(raw 999) cv2=1(raw 999)
staging copies=104 failures=0 stack_free=16604 mdma_lists=123750 mdma_errors=0 mdma_status=0x0 mdma_maxpolls=3422 list=81/81 us timed=1000 late=0 stale=0
program 8 "Chorus Delay" lines=12 limit=12 early=4 late=3 taps=18 predelay=3360 image=7b298668
  mod=eld interp=0 filters=----c latetap=1 streams=138 sdram=33 placed=431+217KB unplaced=23 clock=480MHz
  staging=mdma sets=1 staged=108 unstaged=0 taps=34 copies<=388 tcm=49/87KB itcm=ok
load program=7 lines=12 mixed=1 avg=21.8% max=39.7% | input=0.5 predelay=0.3 taps=1.6 early=1.5 linemix=2.0 linedelay=3.9 linediff=1.1 linefilt=3.4 out=1.6 ctrl=0.1 param=0.0 clip=1.3 stage=2.3 wait=0.0 other=0.3 | mix=739 decay=826 tone=830 freeze=0 updates=2 overloads=0 blocks=941/1000
controls pots=981 739 824 830 cv1=1(raw 999) cv2=1(raw 999)
staging copies=259 failures=0 stack_free=16604 mdma_lists=124692 mdma_errors=0 mdma_status=0x0 mdma_maxpolls=3422 list=94/235 us timed=942 late=1 stale=0
load program=8 lines=12 mixed=0 avg=36.1% max=37.1% | input=0.3 predelay=0.3 taps=1.7 early=1.6 linemix=2.1 linedelay=4.1 linediff=13.0 linefilt=3.7 out=1.8 ctrl=0.1 param=0.0 clip=1.5 stage=4.9 wait=0.0 other=0.3 | mix=739 decay=826 tone=830 freeze=0 updates=0 overloads=0 blocks=1000/1000
controls pots=1000 739 824 830 cv1=1(raw 999) cv2=1(raw 999)
staging copies=257 failures=0 stack_free=16604 mdma_lists=125692 mdma_errors=0 mdma_status=0x0 mdma_maxpolls=3422 list=230/236 us timed=1000 late=0 stale=0
load program=8 lines=12 mixed=0 avg=36.0% max=36.3% | input=0.3 predelay=0.3 taps=1.7 early=1.6 linemix=2.1 linedelay=4.1 linediff=13.0 linefilt=3.5 out=1.8 ctrl=0.1 param=0.0 clip=1.5 stage=4.9 wait=0.0 other=0.3 | mix=1000 decay=826 tone=830 freeze=0 updates=0 overloads=0 blocks=1000/1000
controls pots=1000 1000 824 830 cv1=1(raw 999) cv2=1(raw 999)
staging copies=252 failures=0 stack_free=16604 mdma_lists=126692 mdma_errors=0 mdma_status=0x0 mdma_maxpolls=3422 list=230/236 us timed=1000 late=0 stale=0
load program=8 lines=12 mixed=0 avg=36.0% max=36.5% | input=0.3 predelay=0.3 taps=1.7 early=1.6 linemix=2.1 linedelay=4.1 linediff=13.0 linefilt=3.5 out=1.8 ctrl=0.1 param=0.0 clip=1.5 stage=4.9 wait=0.0 other=0.3 | mix=1000 decay=826 tone=934 freeze=0 updates=76 overloads=0 blocks=1000/1000
controls pots=1000 1000 824 934 cv1=1(raw 999) cv2=1(raw 999)
staging copies=255 failures=0 stack_free=16604 mdma_lists=127692 mdma_errors=0 mdma_status=0x0 mdma_maxpolls=3422 list=230/236 us timed=1000 late=0 stale=0
load program=8 lines=12 mixed=0 avg=36.0% max=36.4% | input=0.3 predelay=0.3 taps=1.7 early=1.6 linemix=2.1 linedelay=4.1 linediff=13.0 linefilt=3.5 out=1.8 ctrl=0.1 param=0.0 clip=1.5 stage=4.9 wait=0.0 other=0.3 | mix=1000 decay=826 tone=1000 freeze=0 updates=51 overloads=0 blocks=1000/1000
controls pots=1000 1000 824 1000 cv1=1(raw 999) cv2=1(raw 999)
staging copies=251 failures=0 stack_free=16604 mdma_lists=128692 mdma_errors=0 mdma_status=0x0 mdma_maxpolls=3422 list=230/236 us timed=1000 late=0 stale=0
load program=8 lines=12 mixed=0 avg=36.2% max=37.5% | input=0.3 predelay=0.3 taps=1.7 early=1.6 linemix=2.2 linedelay=4.1 linediff=13.0 linefilt=3.5 out=1.8 ctrl=0.1 param=0.1 clip=1.5 stage=4.9 wait=0.0 other=0.3 | mix=1000 decay=1000 tone=1000 freeze=0 updates=141 overloads=0 blocks=1000/1000
controls pots=1000 1000 1000 1000 cv1=1(raw 999) cv2=1(raw 999)
staging copies=250 failures=0 stack_free=16604 mdma_lists=129692 mdma_errors=0 mdma_status=0x0 mdma_maxpolls=3422 list=230/236 us timed=1000 late=0 stale=0
load program=8 lines=12 mixed=0 avg=35.9% max=36.3% | input=0.3 predelay=0.3 taps=1.7 early=1.6 linemix=2.1 linedelay=4.1 linediff=13.0 linefilt=3.5 out=1.8 ctrl=0.1 param=0.0 clip=1.5 stage=4.9 wait=0.0 other=0.3 | mix=1000 decay=1000 tone=1000 freeze=0 updates=0 overloads=0 blocks=1000/1000
controls pots=1000 1000 1000 1000 cv1=1(raw 999) cv2=1(raw 999)
staging copies=254 failures=0 stack_free=16604 mdma_lists=130692 mdma_errors=0 mdma_status=0x0 mdma_maxpolls=3422 list=230/236 us timed=1000 late=0 stale=0
load program=8 lines=12 mixed=0 avg=36.0% max=36.4% | input=0.3 predelay=0.3 taps=1.7 early=1.6 linemix=2.1 linedelay=4.1 linediff=13.0 linefilt=3.5 out=1.8 ctrl=0.1 param=0.0 clip=1.5 stage=4.9 wait=0.0 other=0.3 | mix=1000 decay=1000 tone=1000 freeze=0 updates=0 overloads=0 blocks=1000/1000
controls pots=1000 1000 1000 1000 cv1=1(raw 999) cv2=1(raw 999)
staging copies=254 failures=0 stack_free=16604 mdma_lists=131692 mdma_errors=0 mdma_status=0x0 mdma_maxpolls=3422 list=230/236 us timed=1000 late=0 stale=0
load program=8 lines=12 mixed=0 avg=35.9% max=36.3% | input=0.3 predelay=0.3 taps=1.7 early=1.6 linemix=2.1 linedelay=4.1 linediff=13.0 linefilt=3.5 out=1.8 ctrl=0.1 param=0.0 clip=1.5 stage=4.9 wait=0.0 other=0.3 | mix=1000 decay=1000 tone=1000 freeze=0 updates=0 overloads=0 blocks=1000/1000
controls pots=1000 1000 1000 1000 cv1=1(raw 999) cv2=1(raw 999)
staging copies=250 failures=0 stack_free=16604 mdma_lists=132692 mdma_errors=0 mdma_status=0x0 mdma_maxpolls=3422 list=230/237 us timed=1000 late=0 stale=0
load program=8 lines=12 mixed=0 avg=36.1% max=37.6% | input=0.3 predelay=0.3 taps=1.7 early=1.6 linemix=2.1 linedelay=4.1 linediff=13.0 linefilt=3.5 out=1.8 ctrl=0.1 param=0.1 clip=1.5 stage=4.9 wait=0.0 other=0.3 | mix=1000 decay=908 tone=754 freeze=0 updates=241 overloads=0 blocks=1000/1000
controls pots=1000 1000 907 754 cv1=1(raw 999) cv2=1(raw 999)
staging copies=257 failures=0 stack_free=16604 mdma_lists=133692 mdma_errors=0 mdma_status=0x0 mdma_maxpolls=3422 list=230/236 us timed=1000 late=0 stale=0
load program=8 lines=12 mixed=0 avg=36.2% max=37.8% | input=0.3 predelay=0.3 taps=1.7 early=1.6 linemix=2.2 linedelay=4.1 linediff=13.0 linefilt=3.5 out=1.8 ctrl=0.1 param=0.2 clip=1.5 stage=4.9 wait=0.0 other=0.3 | mix=1000 decay=677 tone=752 freeze=0 updates=168 overloads=0 blocks=1000/1000
controls pots=1000 1000 676 752 cv1=1(raw 999) cv2=1(raw 999)
staging copies=251 failures=0 stack_free=16604 mdma_lists=134692 mdma_errors=0 mdma_status=0x0 mdma_maxpolls=3422 list=230/236 us timed=1000 late=0 stale=0
load program=8 lines=12 mixed=0 avg=36.0% max=36.3% | input=0.3 predelay=0.3 taps=1.7 early=1.6 linemix=2.1 linedelay=4.1 linediff=13.0 linefilt=3.5 out=1.8 ctrl=0.1 param=0.0 clip=1.5 stage=4.9 wait=0.0 other=0.3 | mix=682 decay=677 tone=752 freeze=0 updates=0 overloads=0 blocks=1000/1000
controls pots=1000 682 676 752 cv1=1(raw 999) cv2=1(raw 999)
staging copies=250 failures=0 stack_free=16604 mdma_lists=135692 mdma_errors=0 mdma_status=0x0 mdma_maxpolls=3422 list=230/236 us timed=1000 late=0 stale=0
load program=8 lines=12 mixed=0 avg=36.0% max=36.3% | input=0.3 predelay=0.3 taps=1.7 early=1.6 linemix=2.1 linedelay=4.1 linediff=13.0 linefilt=3.5 out=1.8 ctrl=0.1 param=0.0 clip=1.5 stage=4.9 wait=0.0 other=0.3 | mix=596 decay=677 tone=752 freeze=0 updates=0 overloads=0 blocks=1000/1000
controls pots=1000 596 676 752 cv1=1(raw 999) cv2=1(raw 999)
staging copies=256 failures=0 stack_free=16604 mdma_lists=136692 mdma_errors=0 mdma_status=0x0 mdma_maxpolls=3422 list=230/236 us timed=1000 late=0 stale=0
load program=8 lines=12 mixed=0 avg=36.0% max=36.3% | input=0.3 predelay=0.3 taps=1.7 early=1.6 linemix=2.1 linedelay=4.1 linediff=13.0 linefilt=3.5 out=1.8 ctrl=0.1 param=0.0 clip=1.5 stage=4.9 wait=0.0 other=0.3 | mix=596 decay=677 tone=752 freeze=0 updates=0 overloads=0 blocks=1000/1000
controls pots=1000 596 676 752 cv1=1(raw 999) cv2=1(raw 999)
staging copies=257 failures=0 stack_free=16604 mdma_lists=137692 mdma_errors=0 mdma_status=0x0 mdma_maxpolls=3422 list=230/237 us timed=1000 late=0 stale=0
