 input=0.2 predelay=0.7 taps=3.7 early=4.0 linemix=0.6 linedelay=1.9 linediff=8.1 linefilt=0.0 out=0.8 ctrl=0.1 param=0.0 clip$$ input=0.2 predelay=0.7 taps=3.7 early=4.0 linemix=0.6 linedelay=2.0 linediff=8.1 linefilt=0.0 out=0.8 ctrl=0.1 param=0.0 clip=1.1 other=0.2 | mix=0 decay=1000 tone=0 freeze=1 updates=0 overloads=0 blocks=1000/1000
load program=0 lines=3 avg=22.1% max=22.6% | input=0.2 predelay=0.7 taps=3.7 early=4.0 linemix=0.6 linedelay=2.0 linediff=8.1 linefilt=0.0 out=0.8 ctrl=0.1 param=0.0 clip=1.1 other=0.2 | mix=0 decay=1000 tone=0 freeze=1 updates=0 overloads=0 blocks=1000/1000
load program=0 lines=3 avg=22.1% max=22.5% | input=0.2 predelay=0.7 taps=3.7 early=4.0 linemix=0.6 linedelay=1.9 linediff=8.1 linefilt=0.0 out=0.8 ctrl=0.1 param=0.0 clip=1.1 other=0.2 | mix=0 decay=1000 tone=0 freeze=1 updates=0 overloads=0 blocks=1000/1000
load program=0 lines=3 avg=22.1% max=22.4% | input=0.2 predelay=0.7 taps=3.7 early=4.0 linemix=0.6 linedelay=1.9 linediff=8.1 linefilt=0.0 out=0.8 ctrl=0.1 param=0.0 clip=1.1 other=0.2 | mix=0 decay=1000 tone=0 freeze=1 updates=0 overloads=0 blocks=1000/1000
load program=0 lines=3 avg=22.1% max=22.5% | input=0.2 predelay=0.7 taps=3.7 early=4.0 linemix=0.6 linedelay=1.9 linediff=8.1 linefilt=0.0 out=0.8 ctrl=0.1 param=0.0 clip=1.1 other=0.2 | mix=0 decay=1000 tone=0 freeze=1 updates=0 overloads=0 blocks=1000/1000
load program=0 lines=3 avg=22.1% max=22.5% | input=0.2 predelay=0.7 taps=3.7 early=4.0 linemix=0.6 linedelay=2.0 linediff=8.1 linefilt=0.0 out=0.8 ctrl=0.1 param=0.0 clip=1.1 other=0.2 | mix=0 decay=1000 tone=0 freeze=1 updates=0 overloads=0 blocks=1000/1000
load program=0 lines=3 avg=22.1% max=22.5% | input=0.2 predelay=0.7 taps=3.7 early=4.0 linemix=0.6 linedelay=2.0 linediff=8.1 linefilt=0.0 out=0.8 ctrl=0.1 param=0.0 clip=1.1 other=0.2 | mix=0 decay=1000 tone=0 freeze=1 updates=0 overloads=0 blocks=1000/1000
load program=0 lines=3 avg=22.1% max=22.5% | input=0.2 predelay=0.7 taps=3.7 early=4.0 linemix=0.6 linedelay=1.9 linediff=8.1 linefilt=0.0 out=0.8 ctrl=0.1 param=0.0 clip=1.1 other=0.2 | mix=0 decay=1000 tone=0 freeze=1 updates=0 overloads=0 blocks=1000/1000
load program=0 lines=3 avg=22.1% max=22.5% | input=0.2 predelay=0.7 taps=3.7 early=4.0 linemix=0.6 linedelay=2.0 linediff=8.1 linefilt=0.0 out=0.8 ctrl=0.1 param=0.0 clip=1.1 other=0.2 | mix=0 decay=1000 tone=0 freeze=1 updates=0 overloads=0 blocks=1000/1000
load program=0 lines=3 avg=22.1% max=22.5% | input=0.2 predelay=0.7 taps=3.7 early=4.0 linemix=0.6 linedelay=2.0 linediff=8.1 linefilt=0.0 out=0.8 ctrl=0.1 param=0.0 clip=1.1 other=0.2 | mix=0 decay=1000 tone=0 freeze=1 updates=0 overloads=0 blocks=1000/1000
program 1 "Medium Space" lines=3 limit=12 early=7 late=5 taps=26 predelay=0
  mod=eld interp=1 filters=-lL-c latetap=1 streams=83 sdram=0 placed=411+0KB unplaced=0 clock=480MHz
load program=1 lines=3 avg=25.0% max=29.6% | input=0.2 predelay=0.7 taps=4.1 early=4.2 linemix=0.5 linedelay=1.7 linediff=8.8 linefilt=0.0 out=0.7 ctrl=0.1 param=0.0 clip=1.0 other=0.2 | mix=0 decay=1000 tone=0 freeze=1 updates=2 overloads=0 blocks=912/1000
load program=1 lines=3 avg=25.6% max=26.0% | input=0.2 predelay=0.8 taps=4.6 early=4.7 linemix=0.6 linedelay=1.9 linediff=10.0 linefilt=0.0 out=0.8 ctrl=0.1 param=0.0 clip=1.1 other=0.2 | mix=0 decay=1000 tone=0 freeze=1 updates=0 overloads=0 blocks=1000/1000
load program=1 lines=3 avg=25.6% max=26.0% | input=0.2 predelay=0.8 taps=4.6 early=4.7 linemix=0.6 linedelay=1.9 linediff=10.0 linefilt=0.0 out=0.8 ctrl=0.1 param=0.0 clip=1.1 other=0.2 | mix=0 decay=1000 tone=0 freeze=1 updates=0 overloads=0 blocks=1000/1000
program 2 "Noise in the Hallway" lines=8 limit=12 early=3 late=1 taps=1 predelay=0
  mod=--- interp=1 filters=-l-Hc latetap=0 streams=51 sdram=2 placed=414+201KB unplaced=2 clock=480MHz
load program=2 lines=8 avg=18.7% max=25.9% | input=0.2 predelay=0.7 taps=1.9 early=2.0 linemix=1.2 linedelay=3.9 linediff=4.5 linefilt=0.1 out=1.1 ctrl=0.1 param=0.0 clip=1.0 other=0.2 | mix=0 decay=1000 tone=0 freeze=1 updates=2 overloads=0 blocks=932/1000
load program=2 lines=8 avg=15.3% max=15.7% | input=0.2 predelay=0.8 taps=0.7 early=0.9 linemix=1.6 linedelay=5.2 linediff=2.3 linefilt=0.1 out=1.4 ctrl=0.1 param=0.0 clip=1.1 other=0.2 | mix=0 decay=1000 tone=0 freeze=1 updates=0 overloads=0 blocks=1000/1000
load program=2 lines=8 avg=15.3% max=15.7% | input=0.2 predelay=0.8 taps=0.7 early=0.9 linemix=1.6 linedelay=5.2 linediff=2.3 linefilt=0.1 out=1.4 ctrl=0.1 param=0.0 clip=1.1 other=0.2 | mix=0 decay=1000 tone=0 freeze=1 updates=0 overloads=0 blocks=1000/1000
load program=2 lines=8 avg=15.3% max=15.6% | input=0.2 predelay=0.8 taps=0.7 early=0.9 linemix=1.6 linedelay=5.2 linediff=2.3 linefilt=0.1 out=1.4 ctrl=0.1 param=0.0 clip=1.1 other=0.2 | mix=0 decay=1000 tone=0 freeze=1 updates=0 overloads=0 blocks=1000/1000
load program=2 lines=8 avg=15.3% max=15.6% | input=0.2 predelay=0.8 taps=0.7 early=0.9 linemix=1.6 linedelay=5.2 linediff=2.3 linefilt=0.1 out=1.4 ctrl=0.1 param=0.0 clip=1.1 other=0.2 | mix=0 decay=1000 tone=0 freeze=1 updates=0 overloads=0 blocks=1000/1000
load program=2 lines=8 avg=15.3% max=15.7% | input=0.2 predelay=0.8 taps=0.7 early=0.9 linemix=1.6 linedelay=5.2 linediff=2.3 linefilt=0.1 out=1.4 ctrl=0.1 param=0.0 clip=1.1 other=0.2 | mix=0 decay=1000 tone=0 freeze=1 updates=0 overloads=0 blocks=1000/1000
program 3 "Hyperplane" lines=9 limit=12 early=4 late=8 taps=21 predelay=0
  mod=eld interp=0 filters=hlLHc latetap=1 streams=204 sdram=0 placed=441+209KB unplaced=0 clock=480MHz
load program=3 lines=9 avg=60.6% max=65.7% | input=0.2 predelay=0.7 taps=3.5 early=2.5 linemix=1.7 linedelay=5.9 linediff=40.1 linefilt=0.2 out=1.5 ctrl=0.1 param=0.0 clip=1.1 other=0.2 | mix=0 decay=1000 tone=0 freeze=1 updates=2 overloads=0 blocks=961/1000
load program=3 lines=9 avg=62.6% max=63.3% | input=0.2 predelay=0.8 taps=3.8 early=2.7 linemix=1.8 linedelay=6.2 linediff=43.4 linefilt=0.2 out=1.6 ctrl=0.1 param=0.0 clip=1.1 other=0.2 | mix=0 decay=1000 tone=0 freeze=1 updates=0 overloads=0 blocks=1000/1000
load program=3 lines=9 avg=62.6% max=63.4% | input=0.2 predelay=0.8 taps=3.8 early=2.7 linemix=1.8 linedelay=6.2 linediff=43.4 linefilt=0.2 out=1.6 ctrl=0.1 param=0.0 clip=1.1 other=0.2 | mix=0 decay=1000 tone=0 freeze=1 updates=0 overloads=0 blocks=1000/1000
load program=3 lines=9 avg=62.6% max=63.4% | input=0.2 predelay=0.8 taps=3.8 early=2.7 linemix=1.8 linedelay=6.1 linediff=43.4 linefilt=0.2 out=1.6 ctrl=0.1 param=0.0 clip=1.1 other=0.2 | mix=0 decay=1000 tone=0 freeze=1 updates=0 overloads=0 blocks=1000/1000
load program=3 lines=9 avg=62.6% max=63.3% | input=0.2 predelay=0.8 taps=3.8 early=2.7 linemix=1.8 linedelay=6.2 linediff=43.4 linefilt=0.2 out=1.6 ctrl=0.1 param=0.0 clip=1.1 other=0.2 | mix=0 decay=1000 tone=0 freeze=1 updates=0 overloads=0 blocks=1000/1000
program 4 "Rubi-Ka Fields" lines=4 limit=12 early=7 late=6 taps=26 predelay=0
  mod=eld interp=0 filters=----c latetap=1 streams=104 sdram=9 placed=440+206KB unplaced=4 clock=480MHz
load program=4 lines=4 avg=42.2% max=63.2% | input=0.2 predelay=0.7 taps=3.9 early=3.7 linemix=1.0 linedelay=4.5 linediff=21.4 linefilt=0.1 out=1.0 ctrl=0.1 param=0.0 clip=1.0 other=0.2 | mix=0 decay=1000 tone=0 freeze=1 updates=2 overloads=0 blocks=909/1000
load program=4 lines=4 avg=32.7% max=33.2% | input=0.2 predelay=0.8 taps=4.6 early=4.7 linemix=0.8 linedelay=4.3 linediff=14.3 linefilt=0.0 out=0.9 ctrl=0.1 param=0.0 clip=1.1 other=0.2 | mix=0 decay=1000 tone=0 freeze=1 updates=0 overloads=0 blocks=1000/1000
load program=4 lines=4 avg=32.8% max=33.2% | input=0.2 predelay=0.8 taps=4.6 early=4.7 linemix=0.8 linedelay=4.4 linediff=14.3 linefilt=0.0 out=0.9 ctrl=0.1 param=0.0 clip=1.1 other=0.2 | mix=0 decay=1000 tone=0 freeze=1 updates=0 overloads=0 blocks=1000/1000
load program=4 lines=4 avg=32.7% max=33.2% | input=0.2 predelay=0.8 taps=4.6 early=4.7 linemix=0.8 linedelay=4.3 linediff=14.3 linefilt=0.0 out=0.9 ctrl=0.1 param=0.0 clip=1.1 other=0.2 | mix=0 decay=1000 tone=0 freeze=1 updates=0 overloads=0 blocks=1000/1000
load program=4 lines=4 avg=32.7% max=33.1% | input=0.2 predelay=0.8 taps=4.6 early=4.7 linemix=0.8 linedelay=4.3 linediff=14.4 linefilt=0.0 out=0.9 ctrl=0.1 param=0.0 clip=1.1 other=0.2 | mix=0 decay=1000 tone=0 freeze=1 updates=0 overloads=0 blocks=1000/1000
program 5 "Through the Looking Glass" lines=12 limit=12 early=8 late=8 taps=50 predelay=0
  mod=eld interp=1 filters=-l--c latetap=1 streams=298 sdram=104 placed=446+248KB unplaced=88 clock=480MHz
load program=5 lines=8 avg=33.4% max=141.1% | input=0.1 predelay=0.5 taps=3.0 early=3.0 linemix=0.5 linedelay=2.9 linediff=9.5 linefilt=0.0 out=0.6 ctrl=0.1 param=0.0 clip=0.7 other=0.1 | mix=0 decay=1000 tone=0 freeze=1 updates=8 overloads=4 blocks=646/1000
load program=5 lines=7 avg=72.5% max=92.2% | input=0.2 predelay=0.6 taps=6.8 early=4.4 linemix=1.1 linedelay=9.3 linediff=33.9 linefilt=0.1 out=1.1 ctrl=0.1 param=0.0 clip=0.9 other=0.2 | mix=0 decay=1000 tone=0 freeze=1 updates=4 overloads=1 blocks=817/1000
load program=5 lines=7 avg=72.4% max=73.7% | input=0.2 predelay=0.8 taps=8.4 early=5.3 linemix=1.4 linedelay=11.4 linediff=41.4 linefilt=0.1 out=1.3 ctrl=0.1 param=0.0 clip=1.1 other=0.2 | mix=0 decay=1000 tone=0 freeze=1 updates=0 overloads=0 blocks=1000/1000
load program=5 lines=7 avg=72.5% max=73.7% | input=0.2 predelay=0.8 taps=8.4 early=5.3 linemix=1.4 linedelay=11.4 linediff=41.5 linefilt=0.1 out=1.3 ctrl=0.1 param=0.0 clip=1.1 other=0.2 | mix=0 decay=1000 tone=0 freeze=1 updates=0 overloads=0 blocks=1000/1000
load program=5 lines=7 avg=72.6% max=74.0% | input=0.2 predelay=0.8 taps=8.4 early=5.3 linemix=1.4 linedelay=11.5 linediff=41.5 linefilt=0.1 out=1.3 ctrl=0.1 param=0.0 clip=1.1 other=0.2 | mix=0 decay=1000 tone=0 freeze=1 updates=0 overloads=0 blocks=1000/1000
load program=5 lines=7 avg=72.5% max=74.0% | input=0.2 predelay=0.8 taps=8.4 early=5.3 linemix=1.4 linedelay=11.5 linediff=41.5 linefilt=0.1 out=1.3 ctrl=0.1 param=0.0 clip=1.1 other=0.2 | mix=0 decay=1000 tone=0 freeze=1 updates=0 overloads=0 blocks=1000/1000
load program=5 lines=7 avg=72.4% max=74.0% | input=0.2 predelay=0.8 taps=8.4 early=5.3 linemix=1.4 linedelay=11.4 linediff=41.4 linefilt=0.1 out=1.3 ctrl=0.1 param=0.0 clip=1.1 other=0.2 | mix=0 decay=1000 tone=0 freeze=1 updates=0 overloads=0 blocks=1000/1000
program 6 "The 90s Are Back" lines=9 limit=12 early=5 late=0 taps=1 predelay=0
  mod=eld interp=1 filters=-l-Hc latetap=1 streams=42 sdram=23 placed=379+231KB unplaced=14 clock=480MHz
load program=6 lines=9 avg=56.8% max=73.6% | input=0.2 predelay=0.7 taps=5.2 early=4.1 linemix=1.3 linedelay=10.0 linediff=24.6 linefilt=0.1 out=1.2 ctrl=0.1 param=0.0 clip=1.0 other=0.2 | mix=0 decay=1000 tone=0 freeze=1 updates=2 overloads=0 blocks=866/1000
load program=6 lines=9 avg=22.6% max=23.6% | input=0.2 predelay=0.8 taps=0.8 early=3.3 linemix=1.8 linedelay=12.1 linediff=0.0 linefilt=0.2 out=1.6 ctrl=0.1 param=0.0 clip=1.1 other=0.2 | mix=0 decay=1000 tone=0 freeze=1 updates=0 overloads=0 blocks=1000/1000
load program=6 lines=9 avg=22.7% max=23.6% | input=0.2 predelay=0.8 taps=0.8 early=3.3 linemix=1.8 linedelay=12.1 linediff=0.0 linefilt=0.2 out=1.6 ctrl=0.1 param=0.0 clip=1.1 other=0.2 | mix=0 decay=1000 tone=0 freeze=1 updates=0 overloads=0 blocks=1000/1000
load program=6 lines=9 avg=22.7% max=23.6% | input=0.2 predelay=0.8 taps=0.8 early=3.3 linemix=1.8 linedelay=12.1 linediff=0.0 linefilt=0.2 out=1.6 ctrl=0.1 param=0.0 clip=1.1 other=0.2 | mix=0 decay=1000 tone=0 freeze=1 updates=0 overloads=0 blocks=1000/1000
load program=6 lines=9 avg=22.6% max=23.7% | input=0.2 predelay=0.8 taps=0.8 early=3.3 linemix=1.8 linedelay=12.0 linediff=0.0 linefilt=0.2 out=1.6 ctrl=0.1 param=0.0 clip=1.1 other=0.2 | mix=0 decay=1000 tone=0 freeze=1 updates=0 overloads=0 blocks=1000/1000
load program=6 lines=9 avg=22.6% max=23.5% | input=0.2 predelay=0.8 taps=0.8 early=3.3 linemix=1.8 linedelay=12.0 linediff=0.0 linefilt=0.2 out=1.6 ctrl=0.1 param=0.0 clip=1.1 other=0.2 | mix=0 decay=1000 tone=0 freeze=1 updates=0 overloads=0 blocks=1000/1000
load program=6 lines=9 avg=22.5% max=23.8% | input=0.2 predelay=0.8 taps=0.8 early=3.3 linemix=1.8 linedelay=11.9 linediff=0.0 linefilt=0.2 out=1.6 ctrl=0.1 param=0.0 clip=1.1 other=0.2 | mix=0 decay=1000 tone=0 freeze=1 updates=0 overloads=0 blocks=1000/1000
load program=6 lines=9 avg=22.7% max=23.7% | input=0.2 predelay=0.8 taps=0.8 early=3.3 linemix=1.8 linedelay=12.1 linediff=0.0 linefilt=0.2 out=1.6 ctrl=0.1 param=0.0 clip=1.1 other=0.2 | mix=0 decay=1000 tone=0 freeze=1 updates=0 overloads=0 blocks=1000/1000
program 7 "Dull Echoes" lines=12 limit=12 early=4 late=0 taps=18 predelay=3360
  mod=eld interp=1 filters=-l--c latetap=0 streams=66 sdram=18 placed=436+208KB unplaced=13 clock=480MHz
load program=7 lines=12 avg=25.1% max=30.7% | input=0.2 predelay=0.6 taps=1.8 early=2.8 linemix=1.9 linedelay=12.1 linediff=0.0 linefilt=0.2 out=1.6 ctrl=0.1 param=0.0 clip=1.0 other=0.2 | mix=0 decay=1000 tone=0 freeze=1 updates=2 overloads=0 blocks=917/1000
load program=7 lines=12 avg=27.8% max=28.7% | input=0.2 predelay=0.6 taps=3.3 early=2.7 linemix=2.4 linedelay=14.5 linediff=0.0 linefilt=0.2 out=1.9 ctrl=0.1 param=0.0 clip=1.1 other=0.2 | mix=0 decay=1000 tone=0 freeze=1 updates=0 overloads=0 blocks=1000/1000
load program=7 lines=12 avg=27.9% max=28.7% | input=0.2 predelay=0.6 taps=3.3 early=2.7 linemix=2.4 linedelay=14.6 linediff=0.0 linefilt=0.2 out=1.9 ctrl=0.1 param=0.0 clip=1.1 other=0.2 | mix=0 decay=1000 tone=0 freeze=1 updates=0 overloads=0 blocks=1000/1000
load program=7 lines=12 avg=27.8% max=28.7% | input=0.2 predelay=0.6 taps=3.3 early=2.7 linemix=2.4 linedelay=14.5 linediff=0.0 linefilt=0.2 out=1.9 ctrl=0.1 param=0.0 clip=1.1 other=0.2 | mix=0 decay=1000 tone=0 freeze=1 updates=0 overloads=0 blocks=1000/1000
load program=7 lines=12 avg=27.6% max=28.7% | input=0.2 predelay=0.6 taps=3.3 early=2.7 linemix=2.4 linedelay=14.3 linediff=0.0 linefilt=0.2 out=1.9 ctrl=0.1 param=0.0 clip=1.1 other=0.2 | mix=0 decay=1000 tone=0 freeze=1 updates=0 overloads=0 blocks=1000/1000
load program=7 lines=12 avg=27.7% max=28.8% | input=0.2 predelay=0.6 taps=3.3 early=2.7 linemix=2.4 linedelay=14.4 linediff=0.0 linefilt=0.2 out=1.9 ctrl=0.1 param=0.0 clip=1.1 other=0.2 | mix=0 decay=1000 tone=0 freeze=1 updates=0 overloads=0 blocks=1000/1000
load program=7 lines=12 avg=27.8% max=28.6% | input=0.2 predelay=0.6 taps=3.3 early=2.7 linemix=2.4 linedelay=14.5 linediff=0.0 linefilt=0.2 out=1.9 ctrl=0.1 param=0.0 clip=1.1 other=0.2 | mix=0 decay=1000 tone=0 freeze=1 updates=0 overloads=0 blocks=1000/1000
program 8 "Chorus Delay" lines=12 limit=12 early=4 late=3 taps=18 predelay=3360
  mod=eld interp=0 filters=----c latetap=1 streams=138 sdram=33 placed=425+246KB unplaced=22 clock=480MHz
load program=8 lines=12 avg=50.6% max=59.2% | input=0.2 predelay=0.5 taps=3.1 early=2.3 linemix=2.1 linedelay=16.2 linediff=16.0 linefilt=0.2 out=1.7 ctrl=0.1 param=0.0 clip=1.0 other=0.2 | mix=0 decay=1000 tone=0 freeze=1 updates=2 overloads=0 blocks=874/1000
load program=8 lines=12 avg=54.8% max=56.1% | input=0.2 predelay=0.6 taps=3.6 early=2.7 linemix=2.4 linedelay=19.3 linediff=21.8 linefilt=0.2 out=2.0 ctrl=0.1 param=0.0 clip=1.1 other=0.2 | mix=0 decay=1000 tone=0 freeze=1 updates=0 overloads=0 blocks=1000/1000
load program=8 lines=12 avg=54.8% max=56.3% | input=0.2 predelay=0.6 taps=3.6 early=2.7 linemix=2.4 linedelay=19.3 linediff=21.8 linefilt=0.2 out=2.0 ctrl=0.1 param=0.0 clip=1.1 other=0.2 | mix=0 decay=1000 tone=0 freeze=1 updates=0 overloads=0 blocks=1000/1000
load program=8 lines=12 avg=54.8% max=56.2% | input=0.2 predelay=0.6 taps=3.6 early=2.7 linemix=2.4 linedelay=19.3 linediff=21.8 linefilt=0.2 out=2.0 ctrl=0.1 param=0.0 clip=1.1 other=0.2 | mix=0 decay=1000 tone=0 freeze=1 updates=0 overloads=0 blocks=1000/1000
load program=8 lines=12 avg=54.7% max=56.2% | input=0.2 predelay=0.6 taps=3.6 early=2.7 linemix=2.4 linedelay=19.2 linediff=21.8 linefilt=0.2 out=2.0 ctrl=0.1 param=0.0 clip=1.1 other=0.2 | mix=0 decay=1000 tone=0 freeze=1 updates=0 overloads=0 blocks=1000/1000
load program=8 lines=12 avg=54.7% max=55.9% | input=0.2 predelay=0.6 taps=3.6 early=2.7 linemix=2.4 linedelay=19.2 linediff=21.8 linefilt=0.2 out=2.0 ctrl=0.1 param=0.0 clip=1.1 other=0.2 | mix=0 decay=1000 tone=0 freeze=1 updates=0 overloads=0 blocks=1000/1000
load program=8 lines=12 avg=54.9% max=56.0% | input=0.2 predelay=0.6 taps=3.6 early=2.7 linemix=2.4 linedelay=19.3 linediff=21.8 linefilt=0.2 out=2.0 ctrl=0.1 param=0.0 clip=1.1 other=0.2 | mix=0 decay=1000 tone=0 freeze=1 updates=0 overloads=0 blocks=1000/1000
load program=8 lines=12 avg=54.8% max=56.2% | input=0.2 predelay=0.6 taps=3.6 early=2.7 linemix=2.4 linedelay=19.3 linediff=21.8 linefilt=0.2 out=2.0 ctrl=0.1 param=0.0 clip=1.1 other=0.2 | mix=0 decay=1000 tone=0 freeze=1 updates=0 overloads=0 blocks=1000/1000
load program=8 lines=12 avg=54.9% max=56.4% | input=0.2 predelay=0.6 taps=3.6 early=2.7 linemix=2.4 linedelay=19.3 linediff=21.8 linefilt=0.2 out=2.0 ctrl=0.1 param=0.0 clip=1.1 other=0.2 | mix=0 decay=1000 tone=0 freeze=1 updates=0 overloads=0 blocks=1000/1000
load program=8 lines=12 avg=54.9% max=56.3% | input=0.2 predelay=0.6 taps=3.6 early=2.7 linemix=2.4 linedelay=19.4 linediff=21.8 linefilt=0.2 out=2.0 ctrl=0.1 param=0.0 clip=1.1 other=0.2 | mix=0 decay=1000 tone=0 freeze=1 updates=0 overloads=0 blocks=1000/1000
load program=8 lines=12 avg=54.8% max=56.1% | input=0.2 predelay=0.6 taps=3.6 early=2.7 linemix=2.4 linedelay=19.3 linediff=21.8 linefilt=0.2 out=2.0 ctrl=0.1 param=0.0 clip=1.1 other=0.2 | mix=0 decay=1000 tone=0 freeze=1 updates=0 overloads=0 blocks=1000/1000
load program=8 lines=12 avg=54.8% max=56.3% | input=0.2 predelay=0.6 taps=3.6 early=2.7 linemix=2.4 linedelay=19.3 linediff=21.8 linefilt=0.2 out=2.0 ctrl=0.1 param=0.0 clip=1.1 other=0.2 | mix=0 decay=1000 tone=0 freeze=1 updates=0 overloads=0 blocks=1000/1000
load program=8 lines=12 avg=54.8% max=56.1% | input=0.2 predelay=0.6 taps=3.6 early=2.7 linemix=2.4 linedelay=19.3 linediff=21.8 linefilt=0.2 out=2.0 ctrl=0.1 param=0.0 clip=1.1 other=0.2 | mix=0 decay=1000 tone=0 freeze=1 updates=0 overloads=0 blocks=1000/1000
load program=8 lines=12 avg=54.8% max=56.1% | input=0.2 predelay=0.6 taps=3.6 early=2.7 linemix=2.4 linedelay=19.2 linediff=21.8 linefilt=0.2 out=2.0 ctrl=0.1 param=0.0 clip=1.1 other=0.2 | mix=0 decay=1000 tone=0 freeze=1 updates=0 overloads=0 blocks=1000/1000
load program=8 lines=12 avg=54.8% max=56.0% | input=0.2 predelay=0.6 taps=3.6 early=2.7 linemix=2.4 linedelay=19.2 linediff=21.8 linefilt=0.2 out=2.0 ctrl=0.1 param=0.0 clip=1.1 other=0.2 | mix=0 decay=1000 tone=0 freeze=1 updates=0 overloads=0 blocks=1000/1000
load program=8 lines=12 avg=54.9% max=56.5% | input=0.2 predelay=0.6 taps=3.6 early=2.7 linemix=2.4 linedelay=19.3 linediff=21.8 linefilt=0.2 out=2.0 ctrl=0.1 param=0.0 clip=1.1 other=0.2 | mix=37 decay=1000 tone=0 freeze=1 updates=0 overloads=0 blocks=1000/1000
load program=8 lines=12 avg=54.9% max=56.3% | input=0.2 predelay=0.6 taps=3.6 early=2.7 linemix=2.4 linedelay=19.3 linediff=21.8 linefilt=0.2 out=2.0 ctrl=0.1 param=0.0 clip=1.1 other=0.2 | mix=40 decay=1000 tone=0 freeze=1 updates=0 overloads=0 blocks=1000/1000
load program=8 lines=12 avg=54.9% max=56.3% | input=0.2 predelay=0.6 taps=3.6 early=2.7 linemix=2.4 linedelay=19.3 linediff=21.8 linefilt=0.2 out=2.0 ctrl=0.1 param=0.0 clip=1.1 other=0.2 | mix=128 decay=1000 tone=0 freeze=1 updates=0 overloads=0 blocks=1000/1000
load program=8 lines=12 avg=54.8% max=56.2% | input=0.2 predelay=0.6 taps=3.6 early=2.7 linemix=2.4 linedelay=19.2 linediff=21.8 linefilt=0.2 out=2.0 ctrl=0.1 param=0.0 clip=1.1 other=0.2 | mix=203 decay=1000 tone=0 freeze=1 updates=0 overloads=0 blocks=1000/1000
load program=8 lines=12 avg=54.8% max=56.2% | input=0.2 predelay=0.6 taps=3.6 early=2.7 linemix=2.4 linedelay=19.3 linediff=21.8 linefilt=0.2 out=2.0 ctrl=0.1 param=0.0 clip=1.1 other=0.2 | mix=296 decay=1000 tone=0 freeze=1 updates=0 overloads=0 blocks=1000/1000
load program=8 lines=12 avg=54.9% max=56.5% | input=0.2 predelay=0.6 taps=3.6 early=2.7 linemix=2.4 linedelay=19.3 linediff=21.8 linefilt=0.2 out=2.0 ctrl=0.1 param=0.0 clip=1.1 other=0.2 | mix=333 decay=1000 tone=0 freeze=1 updates=0 overloads=0 blocks=1000/1000
load program=8 lines=12 avg=54.9% max=56.3% | input=0.2 predelay=0.6 taps=3.6 early=2.7 linemix=2.4 linedelay=19.3 linediff=21.8 linefilt=0.2 out=2.0 ctrl=0.1 param=0.0 clip=1.1 other=0.2 | mix=338 decay=1000 tone=0 freeze=1 updates=0 overloads=0 blocks=1000/1000
load program=8 lines=12 avg=54.9% max=56.5% | input=0.2 predelay=0.6 taps=3.6 early=2.7 linemix=2.4 linedelay=19.4 linediff=21.8 linefilt=0.2 out=2.0 ctrl=0.1 param=0.0 clip=1.1 other=0.2 | mix=338 decay=1000 tone=0 freeze=1 updates=0 overloads=0 blocks=1000/1000
load program=8 lines=12 avg=54.9% max=56.6% | input=0.2 predelay=0.6 taps=3.6 early=2.7 linemix=2.4 linedelay=19.3 linediff=21.8 linefilt=0.2 out=2.0 ctrl=0.1 param=0.0 clip=1.1 other=0.2 | mix=338 decay=1000 tone=0 freeze=1 updates=0 overloads=0 blocks=1000/1000
load program=8 lines=12 avg=54.8% max=56.5% | input=0.2 predelay=0.6 taps=3.6 early=2.7 linemix=2.4 linedelay=19.2 linediff=21.8 linefilt=0.2 out=2.0 ctrl=0.1 param=0.0 clip=1.1 other=0.2 | mix=338 decay=1000 tone=0 freeze=1 updates=0 overloads=0 blocks=1000/1000
load program=8 lines=12 avg=54.9% max=56.0% | input=0.2 predelay=0.6 taps=3.6 early=2.7 linemix=2.4 linedelay=19.3 linediff=21.8 linefilt=0.2 out=2.0 ctrl=0.1 param=0.0 clip=1.1 other=0.2 | mix=338 decay=1000 tone=0 freeze=1 updates=0 overloads=0 blocks=1000/1000
load program=8 lines=12 avg=54.8% max=56.4% | input=0.2 predelay=0.6 taps=3.6 early=2.7 linemix=2.4 linedelay=19.2 linediff=21.8 linefilt=0.2 out=2.0 ctrl=0.1 param=0.0 clip=1.1 other=0.2 | mix=338 decay=1000 tone=0 freeze=1 updates=0 overloads=0 blocks=1000/1000
load program=8 lines=12 avg=54.9% max=56.3% | input=0.2 predelay=0.6 taps=3.6 early=2.7 linemix=2.4 linedelay=19.3 linediff=21.8 linefilt=0.2 out=2.0 ctrl=0.1 param=0.0 clip=1.1 other=0.2 | mix=338 decay=1000 tone=0 freeze=1 updates=0 overloads=0 blocks=1000/1000
load program=8 lines=12 avg=54.9% max=56.6% | input=0.2 predelay=0.6 taps=3.6 early=2.7 linemix=2.4 linedelay=19.3 linediff=21.8 linefilt=0.2 out=2.0 ctrl=0.1 param=0.0 clip=1.1 other=0.2 | mix=338 decay=1000 tone=0 freeze=1 updates=0 overloads=0 blocks=1000/1000
load program=8 lines=12 avg=54.8% max=56.3% | input=0.2 predelay=0.6 taps=3.6 early=2.7 linemix=2.4 linedelay=19.3 linediff=21.8 linefilt=0.2 out=2.0 ctrl=0.1 param=0.0 clip=1.1 other=0.2 | mix=338 decay=1000 tone=0 freeze=1 updates=0 overloads=0 blocks=1000/1000
load program=8 lines=12 avg=54.8% max=56.2% | input=0.2 predelay=0.6 taps=3.6 early=2.7 linemix=2.4 linedelay=19.3 linediff=21.8 linefilt=0.2 out=2.0 ctrl=0.1 param=0.0 clip=1.1 other=0.2 | mix=338 decay=1000 tone=0 freeze=1 updates=0 overloads=0 blocks=1000/1000
load program=8 lines=12 avg=54.9% max=56.2% | input=0.2 predelay=0.6 taps=3.6 early=2.7 linemix=2.4 linedelay=19.3 linediff=21.8 linefilt=0.2 out=2.0 ctrl=0.1 param=0.0 clip=1.1 other=0.2 | mix=338 decay=1000 tone=0 freeze=1 updates=0 overloads=0 blocks=1000/1000
load program=8 lines=12 avg=54.8% max=56.2% | input=0.2 predelay=0.6 taps=3.6 early=2.7 linemix=2.4 linedelay=19.2 linediff=21.8 linefilt=0.2 out=2.0 ctrl=0.1 param=0.0 clip=1.1 other=0.2 | mix=338 decay=1000 tone=0 freeze=1 updates=0 overloads=0 blocks=1000/1000
load program=8 lines=12 avg=54.9% max=56.6% | input=0.2 predelay=0.6 taps=3.6 early=2.7 linemix=2.4 linedelay=19.3 linediff=21.8 linefilt=0.2 out=2.0 ctrl=0.1 param=0.0 clip=1.1 other=0.2 | mix=338 decay=1000 tone=0 freeze=1 updates=0 overloads=0 blocks=1000/1000
load program=8 lines=12 avg=54.9% max=56.5% | input=0.2 predelay=0.6 taps=3.6 early=2.7 linemix=2.4 linedelay=19.4 linediff=21.8 linefilt=0.2 out=2.0 ctrl=0.1 param=0.0 clip=1.1 other=0.2 | mix=338 decay=1000 tone=0 freeze=1 updates=0 overloads=0 blocks=1000/1000
load program=8 lines=12 avg=54.9% max=56.4% | input=0.2 predelay=0.6 taps=3.6 early=2.7 linemix=2.4 linedelay=19.3 linediff=21.8 linefilt=0.2 out=2.0 ctrl=0.1 param=0.0 clip=1.1 other=0.2 | mix=338 decay=1000 tone=31 freeze=1 updates=28 overloads=0 blocks=1000/1000
load program=8 lines=12 avg=54.9% max=56.2% | input=0.2 predelay=0.6 taps=3.6 early=2.7 linemix=2.4 linedelay=19.3 linediff=21.8 linefilt=0.2 out=2.0 ctrl=0.1 param=0.0 clip=1.1 other=0.2 | mix=338 decay=1000 tone=123 freeze=1 updates=87 overloads=0 blocks=1000/1000
load program=8 lines=12 avg=54.9% max=56.4% | input=0.2 predelay=0.6 taps=3.6 early=2.7 linemix=2.4 linedelay=19.3 linediff=21.8 linefilt=0.2 out=2.0 ctrl=0.1 param=0.0 clip=1.1 other=0.2 | mix=338 decay=1000 tone=188 freeze=1 updates=63 overloads=0 blocks=1000/1000
load program=8 lines=12 avg=54.9% max=56.2% | input=0.2 predelay=0.6 taps=3.6 early=2.7 linemix=2.4 linedelay=19.3 linediff=21.8 linefilt=0.2 out=2.0 ctrl=0.1 param=0.0 clip=1.1 other=0.2 | mix=338 decay=1000 tone=260 freeze=1 updates=69 overloads=0 blocks=1000/1000
load program=8 lines=12 avg=54.9% max=56.5% | input=0.2 predelay=0.6 taps=3.6 early=2.7 linemix=2.4 linedelay=19.3 linediff=21.8 linefilt=0.2 out=2.0 ctrl=0.1 param=0.0 clip=1.1 other=0.2 | mix=338 decay=1000 tone=330 freeze=1 updates=67 overloads=0 blocks=1000/1000
load program=8 lines=12 avg=54.9% max=56.3% | input=0.2 predelay=0.6 taps=3.6 early=2.7 linemix=2.4 linedelay=19.3 linediff=21.8 linefilt=0.2 out=2.0 ctrl=0.1 param=0.0 clip=1.1 other=0.2 | mix=338 decay=1000 tone=352 freeze=1 updates=21 overloads=0 blocks=1000/1000
load program=8 lines=12 avg=54.9% max=56.2% | input=0.2 predelay=0.6 taps=3.6 early=2.7 linemix=2.4 linedelay=19.3 linediff=21.8 linefilt=0.2 out=2.0 ctrl=0.1 param=0.0 clip=1.1 other=0.2 | mix=338 decay=1000 tone=489 freeze=1 updates=127 overloads=0 blocks=1000/1000
load program=8 lines=12 avg=55.0% max=56.6% | input=0.2 predelay=0.6 taps=3.6 early=2.7 linemix=2.4 linedelay=19.3 linediff=21.8 linefilt=0.2 out=2.0 ctrl=0.1 param=0.0 clip=1.1 other=0.2 | mix=338 decay=1000 tone=645 freeze=1 updates=143 overloads=0 blocks=1000/1000
load program=8 lines=12 avg=54.9% max=56.7% | input=0.2 predelay=0.6 taps=3.6 early=2.7 linemix=2.4 linedelay=19.3 linediff=21.8 linefilt=0.2 out=2.0 ctrl=0.1 param=0.0 clip=1.1 other=0.2 | mix=338 decay=1000 tone=754 freeze=1 updates=98 overloads=0 blocks=1000/1000
load program=8 lines=12 avg=54.8% max=56.4% | input=0.2 predelay=0.6 taps=3.6 early=2.7 linemix=2.4 linedelay=19.2 linediff=21.8 linefilt=0.2 out=2.0 ctrl=0.1 param=0.0 clip=1.1 other=0.2 | mix=338 decay=1000 tone=985 freeze=1 updates=205 overloads=0 blocks=1000/1000
load program=8 lines=12 avg=54.9% max=56.3% | input=0.2 predelay=0.6 taps=3.6 early=2.7 linemix=2.4 linedelay=19.3 linediff=21.8 linefilt=0.2 out=2.0 ctrl=0.1 param=0.0 clip=1.1 other=0.2 | mix=338 decay=1000 tone=1000 freeze=1 updates=14 overloads=0 blocks=1000/1000
load program=8 lines=12 avg=54.8% max=56.4% | input=0.2 predelay=0.6 taps=3.6 early=2.7 linemix=2.4 linedelay=19.3 linediff=21.8 linefilt=0.2 out=2.0 ctrl=0.1 param=0.0 clip=1.1 other=0.2 | mix=338 decay=1000 tone=1000 freeze=1 updates=0 overloads=0 blocks=1000/1000
load program=8 lines=12 avg=54.9% max=56.2% | input=0.2 predelay=0.6 taps=3.6 early=2.7 linemix=2.4 linedelay=19.3 linediff=21.8 linefilt=0.2 out=2.0 ctrl=0.1 param=0.0 clip=1.1 other=0.2 | mix=338 decay=1000 tone=1000 freeze=1 updates=0 overloads=0 blocks=1000/1000
load program=8 lines=12 avg=54.9% max=56.3% | input=0.2 predelay=0.6 taps=3.6 early=2.7 linemix=2.4 linedelay=19.3 linediff=21.8 linefilt=0.2 out=2.0 ctrl=0.1 param=0.0 clip=1.1 other=0.2 | mix=489 decay=1000 tone=1000 freeze=1 updates=0 overloads=0 blocks=1000/1000
load program=8 lines=12 avg=54.9% max=56.1% | input=0.2 predelay=0.6 taps=3.6 early=2.7 linemix=2.4 linedelay=19.3 linediff=21.8 linefilt=0.2 out=2.0 ctrl=0.1 param=0.0 clip=1.1 other=0.3 | mix=664 decay=1000 tone=1000 freeze=1 updates=0 overloads=0 blocks=1000/1000
load program=8 lines=12 avg=54.9% max=56.4% | input=0.2 predelay=0.6 taps=3.6 early=2.7 linemix=2.4 linedelay=19.3 linediff=21.8 linefilt=0.2 out=2.0 ctrl=0.1 param=0.0 clip=1.1 other=0.3 | mix=843 decay=1000 tone=1000 freeze=1 updates=0 overloads=0 blocks=1000/1000
load program=8 lines=12 avg=54.9% max=56.4% | input=0.2 predelay=0.6 taps=3.6 early=2.7 linemix=2.4 linedelay=19.3 linediff=21.8 linefilt=0.2 out=2.0 ctrl=0.1 param=0.0 clip=1.1 other=0.3 | mix=938 decay=1000 tone=1000 freeze=1 updates=0 overloads=0 blocks=1000/1000
load program=8 lines=12 avg=54.8% max=56.1% | input=0.2 predelay=0.6 taps=3.6 early=2.7 linemix=2.4 linedelay=19.2 linediff=21.8 linefilt=0.2 out=2.0 ctrl=0.1 param=0.0 clip=1.1 other=0.3 | mix=1000 decay=1000 tone=1000 freeze=1 updates=0 overloads=0 blocks=1000/1000
load program=8 lines=12 avg=55.0% max=56.3% | input=0.2 predelay=0.6 taps=3.6 early=2.7 linemix=2.4 linedelay=19.4 linediff=21.8 linefilt=0.2 out=2.0 ctrl=0.1 param=0.0 clip=1.1 other=0.3 | mix=1000 decay=1000 tone=1000 freeze=1 updates=0 overloads=0 blocks=1000/1000
load program=8 lines=12 avg=54.8% max=56.4% | input=0.2 predelay=0.6 taps=3.6 early=2.7 linemix=2.4 linedelay=19.2 linediff=21.8 linefilt=0.2 out=2.0 ctrl=0.1 param=0.0 clip=1.1 other=0.3 | mix=1000 decay=1000 tone=1000 freeze=1 updates=0 overloads=0 blocks=1000/1000
load program=8 lines=12 avg=54.8% max=55.9% | input=0.2 predelay=0.6 taps=3.6 early=2.7 linemix=2.4 linedelay=19.2 linediff=21.8 linefilt=0.2 out=2.0 ctrl=0.1 param=0.0 clip=1.1 other=0.3 | mix=1000 decay=1000 tone=1000 freeze=1 updates=0 overloads=0 blocks=1000/1000
load program=8 lines=12 avg=54.9% max=56.6% | input=0.2 predelay=0.6 taps=3.6 early=2.7 linemix=2.4 linedelay=19.3 linediff=21.8 linefilt=0.2 out=2.0 ctrl=0.1 param=0.0 clip=1.1 other=0.3 | mix=1000 decay=1000 tone=1000 freeze=1 updates=0 overloads=0 blocks=1000/1000
load program=8 lines=12 avg=54.8% max=56.0% | input=0.2 predelay=0.6 taps=3.6 early=2.7 linemix=2.4 linedelay=19.2 linediff=21.8 linefilt=0.2 out=2.0 ctrl=0.1 param=0.0 clip=1.1 other=0.3 | mix=1000 decay=1000 tone=1000 freeze=1 updates=0 overloads=0 blocks=1000/1000
program 7 "Dull Echoes" lines=12 limit=12 early=4 late=0 taps=18 predelay=3360
  mod=eld interp=1 filters=-l--c latetap=0 streams=66 sdram=18 placed=426+246KB unplaced=12 clock=480MHz
load program=7 lines=12 avg=41.9% max=56.6% | input=0.2 predelay=0.5 taps=3.1 early=2.4 linemix=2.1 linedelay=14.8 linediff=10.2 linefilt=0.2 out=1.7 ctrl=0.1 param=0.0 clip=1.0 other=0.2 | mix=1000 decay=1000 tone=1000 freeze=1 updates=2 overloads=0 blocks=884/1000
load program=7 lines=12 avg=27.3% max=28.3% | input=0.2 predelay=0.6 taps=3.3 early=2.7 linemix=2.4 linedelay=14.0 linediff=0.0 linefilt=0.2 out=1.9 ctrl=0.1 param=0.0 clip=1.1 other=0.3 | mix=1000 decay=1000 tone=1000 freeze=1 updates=0 overloads=0 blocks=1000/1000
load program=7 lines=12 avg=27.4% max=28.2% | input=0.2 predelay=0.6 taps=3.3 early=2.7 linemix=2.4 linedelay=14.0 linediff=0.0 linefilt=0.2 out=1.9 ctrl=0.1 param=0.0 clip=1.1 other=0.3 | mix=1000 decay=1000 tone=1000 freeze=1 updates=0 overloads=0 blocks=1000/1000
load program=7 lines=12 avg=27.4% max=28.1% | input=0.2 predelay=0.6 taps=3.3 early=2.7 linemix=2.4 linedelay=14.0 linediff=0.0 linefilt=0.2 out=1.9 ctrl=0.1 param=0.0 clip=1.1 other=0.3 | mix=1000 decay=1000 tone=1000 freeze=1 updates=0 overloads=0 blocks=1000/1000
load program=7 lines=12 avg=27.2% max=27.9% | input=0.2 predelay=0.6 taps=3.3 early=2.7 linemix=2.4 linedelay=13.9 linediff=0.0 linefilt=0.2 out=1.9 ctrl=0.1 param=0.0 clip=1.1 other=0.3 | mix=1000 decay=1000 tone=1000 freeze=1 updates=0 overloads=0 blocks=1000/1000
program 6 "The 90s Are Back" lines=9 limit=12 early=5 late=0 taps=1 predelay=0
  mod=eld interp=1 filters=-l-Hc latetap=1 streams=42 sdram=11 placed=423+218KB unplaced=7 clock=480MHz
load program=6 lines=9 avg=21.3% max=28.1% | input=0.2 predelay=0.6 taps=1.4 early=2.9 linemix=1.8 linedelay=9.1 linediff=0.0 linefilt=0.2 out=1.6 ctrl=0.1 param=0.0 clip=1.0 other=0.2 | mix=1000 decay=1000 tone=1000 freeze=1 updates=2 overloads=0 blocks=921/1000
load program=6 lines=9 avg=18.5% max=19.1% | input=0.2 predelay=0.6 taps=0.8 early=3.3 linemix=1.8 linedelay=8.0 linediff=0.0 linefilt=0.2 out=1.6 ctrl=0.1 param=0.0 clip=1.1 other=0.2 | mix=1000 decay=1000 tone=1000 freeze=1 updates=0 overloads=0 blocks=1000/1000
load program=6 lines=9 avg=18.5% max=19.3% | input=0.2 predelay=0.6 taps=0.8 early=3.3 linemix=1.8 linedelay=8.1 linediff=0.0 linefilt=0.2 out=1.6 ctrl=0.1 param=0.0 clip=1.1 other=0.2 | mix=1000 decay=1000 tone=1000 freeze=1 updates=0 overloads=0 blocks=1000/1000
load program=6 lines=9 avg=18.6% max=19.4% | input=0.2 predelay=0.6 taps=0.8 early=3.3 linemix=1.8 linedelay=8.2 linediff=0.0 linefilt=0.2 out=1.6 ctrl=0.1 param=0.0 clip=1.1 other=0.3 | mix=1000 decay=1000 tone=1000 freeze=1 updates=0 overloads=0 blocks=1000/1000
load program=6 lines=9 avg=18.6% max=19.3% | input=0.2 predelay=0.6 taps=0.8 early=3.3 linemix=1.8 linedelay=8.1 linediff=0.0 linefilt=0.2 out=1.6 ctrl=0.1 param=0.0 clip=1.1 other=0.2 | mix=1000 decay=1000 tone=1000 freeze=1 updates=0 overloads=0 blocks=1000/1000
load program=6 lines=9 avg=18.6% max=19.2% | input=0.2 predelay=0.6 taps=0.8 early=3.3 linemix=1.8 linedelay=8.1 linediff=0.0 linefilt=0.2 out=1.6 ctrl=0.1 param=0.0 clip=1.1 other=0.2 | mix=1000 decay=1000 tone=1000 freeze=1 updates=0 overloads=0 blocks=1000/1000
program 5 "Through the Looking Glass" lines=7 limit=7 early=8 late=8 taps=50 predelay=0
  mod=eld interp=1 filters=-l--c latetap=1 streams=203 sdram=35 placed=447+244KB unplaced=26 clock=480MHz
load program=5 lines=7 avg=40.6% max=79.3% | input=0.2 predelay=0.6 taps=3.4 early=3.6 linemix=1.4 linedelay=8.3 linediff=14.8 linefilt=0.1 out=1.3 ctrl=0.1 param=0.0 clip=1.0 other=0.2 | mix=1000 decay=1000 tone=1000 freeze=1 updates=2 overloads=0 blocks=875/1000
load program=5 lines=7 avg=72.6% max=73.7% | input=0.2 predelay=0.8 taps=8.4 early=5.3 linemix=1.4 linedelay=11.4 linediff=41.5 linefilt=0.1 out=1.3 ctrl=0.1 param=0.0 clip=1.1 other=0.3 | mix=1000 decay=1000 tone=1000 freeze=1 updates=0 overloads=0 blocks=1000/1000
load program=5 lines=7 avg=72.5% max=73.7% | input=0.2 predelay=0.8 taps=8.4 early=5.3 linemix=1.4 linedelay=11.4 linediff=41.5 linefilt=0.1 out=1.3 ctrl=0.1 param=0.0 clip=1.1 other=0.3 | mix=1000 decay=1000 tone=1000 freeze=1 updates=0 overloads=0 blocks=1000/1000
load program=5 lines=7 avg=72.7% max=74.4% | input=0.2 predelay=0.8 taps=8.4 early=5.3 linemix=1.4 linedelay=11.5 linediff=41.6 linefilt=0.1 out=1.3 ctrl=0.1 param=0.0 clip=1.1 other=0.3 | mix=1000 decay=1000 tone=1000 freeze=1 updates=0 overloads=0 blocks=1000/1000
load program=5 lines=7 avg=72.5% max=73.9% | input=0.2 predelay=0.8 taps=8.4 early=5.3 linemix=1.4 linedelay=11.5 linediff=41.4 linefilt=0.1 out=1.3 ctrl=0.1 param=0.0 clip=1.1 other=0.3 | mix=1000 decay=1000 tone=1000 freeze=1 updates=0 overloads=0 blocks=1000/1000
load program=5 lines=7 avg=72.4% max=73.6% | input=0.2 predelay=0.8 taps=8.4 early=5.3 linemix=1.4 linedelay=11.4 linediff=41.4 linefilt=0.1 out=1.3 ctrl=0.1 param=0.0 clip=1.1 other=0.3 | mix=1000 decay=1000 tone=1000 freeze=1 updates=0 overloads=0 blocks=1000/1000
load program=5 lines=7 avg=72.5% max=73.6% | input=0.2 predelay=0.8 taps=8.4 early=5.3 linemix=1.4 linedelay=11.4 linediff=41.5 linefilt=0.1 out=1.3 ctrl=0.1 param=0.0 clip=1.1 other=0.3 | mix=1000 decay=1000 tone=1000 freeze=1 updates=0 overloads=0 blocks=1000/1000
program 4 "Rubi-Ka Fields" lines=4 limit=12 early=7 late=6 taps=26 predelay=0
  mod=eld interp=0 filters=----c latetap=1 streams=104 sdram=12 placed=440+185KB unplaced=6 clock=480MHz
load program=4 lines=4 avg=59.2% max=73.6% | input=0.2 predelay=0.7 taps=6.4 early=4.6 linemix=1.1 linedelay=8.5 linediff=29.0 linefilt=0.1 out=1.1 ctrl=0.1 param=0.0 clip=1.0 other=0.2 | mix=1000 decay=1000 tone=1000 freeze=1 updates=2 overloads=0 blocks=904/1000
load program=4 lines=4 avg=34.0% max=34.5% | input=0.2 predelay=0.8 taps=4.6 early=4.7 linemix=0.8 linedelay=5.5 linediff=14.3 linefilt=0.0 out=0.9 ctrl=0.1 param=0.0 clip=1.1 other=0.3 | mix=1000 decay=1000 tone=1000 freeze=1 updates=0 overloads=0 blocks=1000/1000
load program=4 lines=4 avg=33.8% max=34.4% | input=0.2 predelay=0.8 taps=4.6 early=4.7 linemix=0.8 linedelay=5.3 linediff=14.4 linefilt=0.0 out=0.9 ctrl=0.1 param=0.0 clip=1.1 other=0.3 | mix=1000 decay=1000 tone=1000 freeze=1 updates=0 overloads=0 blocks=1000/1000
load program=4 lines=4 avg=33.8% max=34.4% | input=0.2 predelay=0.8 taps=4.6 early=4.7 linemix=0.8 linedelay=5.3 linediff=14.4 linefilt=0.0 out=0.9 ctrl=0.1 param=0.0 clip=1.1 other=0.3 | mix=1000 decay=1000 tone=1000 freeze=1 updates=0 overloads=0 blocks=1000/1000
load program=4 lines=4 avg=34.0% max=34.6% | input=0.2 predelay=0.8 taps=4.6 early=4.7 linemix=0.8 linedelay=5.5 linediff=14.4 linefilt=0.0 out=0.9 ctrl=0.1 param=0.0 clip=1.1 other=0.3 | mix=1000 decay=1000 tone=1000 freeze=1 updates=0 overloads=0 blocks=1000/1000
program 3 "Hyperplane" lines=9 limit=12 early=4 late=8 taps=21 predelay=0
  mod=eld interp=0 filters=hlLHc latetap=1 streams=204 sdram=21 placed=416+205KB unplaced=13 clock=480MHz
load program=3 lines=9 avg=47.5% max=73.3% | input=0.2 predelay=0.7 taps=4.0 early=3.6 linemix=1.1 linedelay=7.5 linediff=23.9 linefilt=0.1 out=1.1 ctrl=0.1 param=0.0 clip=1.0 other=0.2 | mix=1000 decay=1000 tone=1000 freeze=1 updates=2 overloads=0 blocks=928/1000
load program=3 lines=9 avg=68.5% max=70.0% | input=0.2 predelay=0.8 taps=3.8 early=2.7 linemix=1.8 linedelay=12.0 linediff=43.4 linefilt=0.2 out=1.6 ctrl=0.1 param=0.0 clip=1.1 other=0.3 | mix=1000 decay=1000 tone=1000 freeze=1 updates=0 overloads=0 blocks=1000/1000
load program=3 lines=9 avg=68.6% max=69.5% | input=0.2 predelay=0.8 taps=3.8 early=2.7 linemix=1.8 linedelay=12.0 linediff=43.4 linefilt=0.2 out=1.6 ctrl=0.1 param=0.0 clip=1.1 other=0.3 | mix=1000 decay=1000 tone=1000 freeze=1 updates=0 overloads=0 blocks=1000/1000
load program=3 lines=9 avg=68.5% max=70.1% | input=0.2 predelay=0.8 taps=3.8 early=2.7 linemix=1.8 linedelay=12.0 linediff=43.4 linefilt=0.2 out=1.6 ctrl=0.1 param=0.0 clip=1.1 other=0.3 | mix=1000 decay=1000 tone=1000 freeze=1 updates=0 overloads=0 blocks=1000/1000
load program=3 lines=9 avg=68.5% max=69.9% | input=0.2 predelay=0.8 taps=3.8 early=2.7 linemix=1.8 linedelay=12.0 linediff=43.4 linefilt=0.2 out=1.6 ctrl=0.1 param=0.0 clip=1.1 other=0.3 | mix=1000 decay=1000 tone=1000 freeze=1 updates=0 overloads=0 blocks=1000/1000
program 2 "Noise in the Hallway" lines=8 limit=12 early=3 late=1 taps=1 predelay=0
  mod=--- interp=1 filters=-l-Hc latetap=0 streams=51 sdram=0 placed=401+93KB unplaced=0 clock=480MHz
load program=2 lines=8 avg=55.9% max=69.7% | input=0.2 predelay=0.7 taps=2.8 early=2.1 linemix=1.6 linedelay=9.7 linediff=31.5 linefilt=0.1 out=1.4 ctrl=0.1 param=0.0 clip=1.1 other=0.2 | mix=1000 decay=1000 tone=1000 freeze=1 updates=2 overloads=0 blocks=933/1000
load program=2 lines=8 avg=14.9% max=15.2% | input=0.2 predelay=0.8 taps=0.6 early=0.9 linemix=1.6 linedelay=5.0 linediff=2.3 linefilt=0.1 out=1.4 ctrl=0.1 param=0.0 clip=1.1 other=0.3 | mix=1000 decay=1000 tone=1000 freeze=1 updates=0 overloads=0 blocks=1000/1000
load program=2 lines=8 avg=14.9% max=15.1% | input=0.2 predelay=0.8 taps=0.6 early=0.9 linemix=1.6 linedelay=5.0 linediff=2.3 linefilt=0.1 out=1.4 ctrl=0.1 param=0.0 clip=1.1 other=0.3 | mix=1000 decay=1000 tone=1000 freeze=1 updates=0 overloads=0 blocks=1000/1000
load program=2 lines=8 avg=14.9% max=15.1% | input=0.2 predelay=0.8 taps=0.6 early=0.9 linemix=1.6 linedelay=5.0 linediff=2.3 linefilt=0.1 out=1.4 ctrl=0.1 param=0.0 clip=1.1 other=0.3 | mix=1000 decay=1000 tone=1000 freeze=1 updates=0 overloads=0 blocks=1000/1000
load program=2 lines=8 avg=14.9% max=15.2% | input=0.2 predelay=0.8 taps=0.6 early=0.9 linemix=1.6 linedelay=5.0 linediff=2.3 linefilt=0.1 out=1.4 ctrl=0.1 param=0.0 clip=1.1 other=0.3 | mix=1000 decay=1000 tone=1000 freeze=1 updates=0 overloads=0 blocks=1000/1000
program 1 "Medium Space" lines=3 limit=12 early=7 late=5 taps=26 predelay=0
  mod=eld interp=1 filters=-lL-c latetap=1 streams=83 sdram=0 placed=411+0KB unplaced=0 clock=480MHz
load program=1 lines=3 avg=24.3% max=29.9% | input=0.2 predelay=0.7 taps=3.7 early=3.8 linemix=0.6 linedelay=2.1 linediff=8.2 linefilt=0.0 out=0.8 ctrl=0.1 param=0.0 clip=1.0 other=0.2 | mix=1000 decay=1000 tone=1000 freeze=1 updates=2 overloads=0 blocks=912/1000
load program=1 lines=3 avg=25.6% max=26.0% | input=0.2 predelay=0.8 taps=4.6 early=4.7 linemix=0.6 linedelay=1.9 linediff=10.0 linefilt=0.0 out=0.8 ctrl=0.1 param=0.0 clip=1.1 other=0.3 | mix=1000 decay=1000 tone=1000 freeze=1 updates=0 overloads=0 blocks=1000/1000
load program=1 lines=3 avg=25.6% max=26.0% | input=0.2 predelay=0.8 taps=4.6 early=4.7 linemix=0.6 linedelay=1.9 linediff=10.0 linefilt=0.0 out=0.8 ctrl=0.1 param=0.0 clip=1.1 other=0.3 | mix=1000 decay=1000 tone=1000 freeze=1 updates=0 overloads=0 blocks=1000/1000
load program=1 lines=3 avg=25.6% max=26.0% | input=0.2 predelay=0.8 taps=4.6 early=4.7 linemix=0.6 linedelay=1.9 linediff=10.0 linefilt=0.0 out=0.8 ctrl=0.1 param=0.0 clip=1.1 other=0.3 | mix=1000 decay=1000 tone=1000 freeze=1 updates=0 overloads=0 blocks=1000/1000
load program=1 lines=3 avg=25.6% max=26.0% | input=0.2 predelay=0.8 taps=4.6 early=4.7 linemix=0.6 linedelay=1.9 linediff=10.0 linefilt=0.0 out=0.8 ctrl=0.1 param=0.0 clip=1.1 other=0.3 | mix=1000 decay=1000 tone=1000 freeze=1 updates=0 overloads=0 blocks=1000/1000
program 0 "Small Room" lines=3 limit=12 early=6 late=4 taps=21 predelay=0
  mod=eld interp=1 filters=-l--c latetap=1 streams=70 sdram=0 placed=334+0KB unplaced=0 clock=480MHz
load program=0 lines=3 avg=24.1% max=26.5% | input=0.2 predelay=0.7 taps=3.8 early=4.0 linemix=0.5 linedelay=1.7 linediff=8.3 linefilt=0.0 out=0.7 ctrl=0.1 param=0.0 clip=1.0 other=0.2 | mix=1000 decay=1000 tone=1000 freeze=1 updates=2 overloads=0 blocks=912/1000
load program=0 lines=3 avg=22.2% max=22.6% | input=0.2 predelay=0.8 taps=3.7 early=4.0 linemix=0.6 linedelay=1.9 linediff=8.1 linefilt=0.0 out=0.8 ctrl=0.1 param=0.0 clip=1.1 other=0.3 | mix=1000 decay=1000 tone=1000 freeze=1 updates=0 overloads=0 blocks=1000/1000
load program=0 lines=3 avg=22.2% max=22.6% | input=0.2 predelay=0.8 taps=3.7 early=4.0 linemix=0.6 linedelay=1.9 linediff=8.1 linefilt=0.0 out=0.8 ctrl=0.1 param=0.0 clip=1.1 other=0.3 | mix=1000 decay=1000 tone=1000 freeze=1 updates=0 overloads=0 blocks=1000/1000
load program=0 lines=3 avg=22.2% max=22.6% | input=0.2 predelay=0.8 taps=3.7 early=4.0 linemix=0.6 linedelay=1.9 linediff=8.1 linefilt=0.0 out=0.8 ctrl=0.1 param=0.0 clip=1.1 other=0.3 | mix=1000 decay=1000 tone=1000 freeze=1 updates=0 overloads=0 blocks=1000/1000
load program=0 lines=3 avg=22.2% max=22.7% | input=0.2 predelay=0.8 taps=3.7 early=4.0 linemix=0.6 linedelay=1.9 linediff=8.1 linefilt=0.0 out=0.8 ctrl=0.1 param=0.0 clip=1.1 other=0.3 | mix=1000 decay=1000 tone=1000 freeze=1 updates=0 overloads=0 blocks=1000/1000
load program=0 lines=3 avg=22.2% max=22.7% | input=0.2 predelay=0.8 taps=3.7 early=4.0 linemix=0.6 linedelay=1.9 linediff=8.1 linefilt=0.0 out=0.8 ctrl=0.1 param=0.0 clip=1.1 other=0.3 | mix=1000 decay=1000 tone=1000 freeze=1 updates=0 overloads=0 blocks=1000/1000
load program=0 lines=3 avg=22.2% max=22.7% | input=0.2 predelay=0.8 taps=3.7 early=4.0 linemix=0.6 linedelay=1.9 linediff=8.1 linefilt=0.0 out=0.8 ctrl=0.1 param=0.0 clip=1.1 other=0.3 | mix=1000 decay=1000 tone=1000 freeze=1 updates=0 overloads=0 blocks=1000/1000
load program=0 lines=3 avg=22.2% max=22.7% | input=0.2 predelay=0.8 taps=3.7 early=4.0 linemix=0.6 linedelay=1.9 linediff=8.1 linefilt=0.0 out=0.8 ctrl=0.1 param=0.0 clip=1.1 other=0.3 | mix=1000 decay=1000 tone=1000 freeze=1 updates=0 overloads=0 blocks=1000/1000
load program=0 lines=3 avg=22.2% max=22.8% | input=0.2 predelay=0.8 taps=3.7 early=4.0 linemix=0.6 linedelay=1.9 linediff=8.1 linefilt=0.0 out=0.8 ctrl=0.1 param=0.0 clip=1.1 other=0.3 | mix=1000 decay=1000 tone=1000 freeze=1 updates=0 overloads=0 blocks=1000/1000
